100.43.83.155 - - [07/Jan/2013:07:33:47 -0600] "GET /tuhs.org/4BSD/Distributions/4.2BSD/usr.lst HTTP/1.1" 304 - "-" "Mozilla/5.0 (compatible; YandexBot/3.0; +http://yandex.com/bots)"
180.76.6.223 - - [07/Jan/2013:07:51:09 -0600] "GET /tuhs.org/PDP-11/Trees/2.11BSD/usr/src/sys/sys/ufs_syscalls.c HTTP/1.1" 304 - "-" "Mozilla/5.0 (compatible; Baiduspider/2.0; +http://www.baidu.com/search/spider.html)"
66.249.73.84 - - [07/Jan/2013:07:51:13 -0600] "GET /tuhs.org/PDP-11/Trees/2.11BSD/usr/src/man/man2/gethostname.2 HTTP/1.1" 200 1500 "-" "Mozilla/5.0 (compatible; Googlebot/2.1; +http://www.google.com/bot.html)"
100.43.83.155 - - [07/Jan/2013:08:02:52 -0600] "GET /tuhs.org/PDP-11/Trees/V7/usr/doc/make HTTP/1.1" 304 - "-" "Mozilla/5.0 (compatible; YandexBot/3.0; +http://yandex.com/bots)"
180.76.5.66 - - [07/Jan/2013:08:19:08 -0600] "GET /tuhs.org/PDP-11/Emulators/Ersatz-2.0/ked.cmd HTTP/1.1" 200 3363 "-" "Mozilla/5.0 (compatible; Baiduspider/2.0; +http://www.baidu.com/search/spider.html)"
66.249.73.84 - - [07/Jan/2013:08:20:01 -0600] "GET /robots.txt HTTP/1.1" 200 1561 "-" "Mozilla/5.0 (compatible; Googlebot/2.1; +http://www.google.com/bot.html)"
66.249.73.84 - - [07/Jan/2013:08:20:01 -0600] "GET /tuhs.org/PDP-11/Trees/2.11BSD/usr/src/man/man2/rename.2 HTTP/1.1" 200 4050 "-" "Mozilla/5.0 (compatible; Googlebot/2.1; +http://www.google.com/bot.html)"
66.249.73.84 - - [07/Jan/2013:08:24:11 -0600] "GET /tuhs.org/PDP-11/Trees/2.11BSD/usr/doc/ps1/06.sysman/ HTTP/1.1" 200 1192 "-" "Mozilla/5.0 (compatible; Googlebot/2.1; +http://www.google.com/bot.html)"
100.43.83.155 - - [07/Jan/2013:08:31:55 -0600] "GET /tuhs.org/Documentation/PUPS/petition.html HTTP/1.1" 304 - "-" "Mozilla/5.0 (compatible; YandexBot/3.0; +http://yandex.com/bots)"
66.249.73.84 - - [07/Jan/2013:08:48:49 -0600] "GET /tuhs.org/PDP-11/Trees/V6/usr/man/man1/nohup.1 HTTP/1.1" 200 257 "-" "Mozilla/5.0 (compatible; Googlebot/2.1; +http://www.google.com/bot.html)"
180.76.5.167 - - [07/Jan/2013:08:56:11 -0600] "GET /tuhs.org/PDP-11/Trees/2.11BSD/usr/src/ucb/talk/ctl.c HTTP/1.1" 304 - "-" "Mozilla/5.0 (compatible; Baiduspider/2.0; +http://www.baidu.com/search/spider.html)"
100.43.83.155 - - [07/Jan/2013:09:18:22 -0600] "GET /tuhs.org/PDP-11/Trees/V7/usr/doc/awk HTTP/1.1" 304 - "-" "Mozilla/5.0 (compatible; YandexBot/3.0; +http://yandex.com/bots)"
66.249.73.84 - - [07/Jan/2013:09:18:45 -0600] "GET /tuhs.org/PDP-11/Trees/2.11BSD/usr/src/man/man2/dup.2 HTTP/1.1" 200 2023 "-" "Mozilla/5.0 (compatible; Googlebot/2.1; +http://www.google.com/bot.html)"
180.76.5.170 - - [07/Jan/2013:09:24:33 -0600] "GET /tuhs.org/PDP-11/Trees/2.11BSD/usr/src/libexec/ftpd/newvers.sh HTTP/1.1" 200 1099 "-" "Mozilla/5.0 (compatible; Baiduspider/2.0; +http://www.baidu.com/search/spider.html)"
66.249.73.84 - - [07/Jan/2013:09:48:09 -0600] "GET /tuhs.org/PDP-11/Trees/2.11BSD/usr/src/sbin/routed/make.out HTTP/1.1" 200 1815 "-" "Mozilla/5.0 (compatible; Googlebot/2.1; +http://www.google.com/bot.html)"
66.249.73.84 - - [07/Jan/2013:09:57:07 -0600] "GET /tuhs.org/PDP-11/Trees/2.11BSD/usr/doc/2.10/pascal/sin2.p HTTP/1.1" 200 61 "-" "Mozilla/5.0 (compatible; Googlebot/2.1; +http://www.google.com/bot.html)"
66.249.73.84 - - [07/Jan/2013:10:16:11 -0600] "GET /tuhs.org/PDP-11/Trees/V6/usr/man/man1/cmp.1 HTTP/1.1" 200 821 "-" "Mozilla/5.0 (compatible; Googlebot/2.1; +http://www.google.com/bot.html)"
180.76.5.155 - - [07/Jan/2013:10:27:38 -0600] "GET /tuhs.org/PDP-11/Trees/2.11BSD/usr/src/libexec/ftpd/pathnames.h HTTP/1.1" 200 955 "-" "Mozilla/5.0 (compatible; Baiduspider/2.0; +http://www.baidu.com/search/spider.html)"
66.249.73.84 - - [07/Jan/2013:10:45:37 -0600] "GET /tuhs.org/PDP-11/Trees/2.11BSD/usr/src/man/man2/adjtime.2 HTTP/1.1" 200 2371 "-" "Mozilla/5.0 (compatible; Googlebot/2.1; +http://www.google.com/bot.html)"
180.76.5.51 - - [07/Jan/2013:11:06:19 -0600] "GET /tuhs.org/PDP-11/Trees/V7/usr/src/cmd/uucp/gename.c HTTP/1.1" 200 1193 "-" "Mozilla/5.0 (compatible; Baiduspider/2.0; +http://www.baidu.com/search/spider.html)"
66.249.73.84 - - [07/Jan/2013:11:16:54 -0600] "GET /tuhs.org/PDP-11/Trees/2.11BSD/usr/src/sbin/mount/getmntopts.c HTTP/1.1" 200 2962 "-" "Mozilla/5.0 (compatible; Googlebot/2.1; +http://www.google.com/bot.html)"
66.249.73.84 - - [07/Jan/2013:11:34:03 -0600] "GET /tuhs.org/PDP-11/Trees/2.11BSD/usr/doc/2.10/pascal/sin1.p HTTP/1.1" 200 61 "-" "Mozilla/5.0 (compatible; Googlebot/2.1; +http://www.google.com/bot.html)"
66.249.73.84 - - [07/Jan/2013:11:41:37 -0600] "GET /tuhs.org/PDP-11/Trees/V6/usr/man/man1/pfe.1 HTTP/1.1" 200 431 "-" "Mozilla/5.0 (compatible; Googlebot/2.1; +http://www.google.com/bot.html)"
65.55.213.70 - - [07/Jan/2013:12:00:53 -0600] "GET / HTTP/1.1" 200 10762 "-" "msnbot/2.0b (+http://search.msn.com/msnbot.htm)"
65.55.213.70 - - [07/Jan/2013:12:01:05 -0600] "GET /user/password HTTP/1.1" 200 7329 "-" "msnbot/2.0b (+http://search.msn.com/msnbot.htm)"
65.55.213.70 - - [07/Jan/2013:12:01:16 -0600] "GET /user/login?destination=node/3%23comment-form HTTP/1.1" 200 7719 "-" "msnbot/2.0b (+http://search.msn.com/msnbot.htm)"
65.55.213.70 - - [07/Jan/2013:12:01:27 -0600] "GET /node/3 HTTP/1.1" 200 9293 "-" "msnbot/2.0b (+http://search.msn.com/msnbot.htm)"
65.55.213.70 - - [07/Jan/2013:12:01:38 -0600] "GET /rss.xml HTTP/1.1" 200 1968 "-" "msnbot/2.0b (+http://search.msn.com/msnbot.htm)"
65.55.213.72 - - [07/Jan/2013:12:01:49 -0600] "GET /user/login?destination=node/4%23comment-form HTTP/1.1" 200 7719 "-" "msnbot/2.0b (+http://search.msn.com/msnbot.htm)"
65.55.213.70 - - [07/Jan/2013:12:01:59 -0600] "GET /projects HTTP/1.1" 200 8895 "-" "msnbot/2.0b (+http://search.msn.com/msnbot.htm)"
65.55.213.70 - - [07/Jan/2013:12:02:10 -0600] "GET /node/4 HTTP/1.1" 200 9252 "-" "msnbot/2.0b (+http://search.msn.com/msnbot.htm)"
66.249.73.84 - - [07/Jan/2013:12:10:25 -0600] "GET /tuhs.org/PDP-11/Trees/2.11BSD/usr/src/man/man2/profil.2 HTTP/1.1" 200 1489 "-" "Mozilla/5.0 (compatible; Googlebot/2.1; +http://www.google.com/bot.html)"
66.249.73.84 - - [07/Jan/2013:12:39:13 -0600] "GET /tuhs.org/PDP-11/Trees/2.11BSD/usr/src/sbin/umount/umount.8 HTTP/1.1" 200 3576 "-" "Mozilla/5.0 (compatible; Googlebot/2.1; +http://www.google.com/bot.html)"
66.249.73.84 - - [07/Jan/2013:13:03:34 -0600] "GET /tuhs.org/Documentation/AUUGN/AUUGN-V10.2.pdf HTTP/1.1" 200 7920974 "-" "Googlebot/2.1 (+http://www.google.com/bot.html)"
93.182.139.8 - - [07/Jan/2013:13:07:10 -0600] "GET /CHANGELOG.txt HTTP/1.0" 200 74666 "http://samplx.org/CHANGELOG.txt" "Mozilla/4.0 (compatible; MSIE 6.0; Windows 98; Win 9x 4.90)"
93.182.139.8 - - [07/Jan/2013:13:07:14 -0600] "GET /CHANGELOG.txtindex.php HTTP/1.0" 404 7445 "http://samplx.org/CHANGELOG.txtindex.php" "Mozilla/4.0 (compatible; MSIE 6.0; Windows 98; Win 9x 4.90)"
66.249.73.84 - - [07/Jan/2013:13:08:01 -0600] "GET /tuhs.org/PDP-11/Trees/2.11BSD/usr/src/sbin/routed/if.c HTTP/1.1" 200 2677 "-" "Mozilla/5.0 (compatible; Googlebot/2.1; +http://www.google.com/bot.html)"
204.236.198.118 - - [07/Jan/2013:13:24:08 -0600] "GET / HTTP/1.0" 200 10854 "-" "Mozilla/5.0 (compatible; NetcraftSurveyAgent/1.0; +info@netcraft.com)"
66.249.73.84 - - [07/Jan/2013:13:32:55 -0600] "GET /tuhs.org/PDP-11/Trees/2.11BSD/usr/doc/2.10/pascal/data HTTP/1.1" 200 43 "-" "Mozilla/5.0 (compatible; Googlebot/2.1; +http://www.google.com/bot.html)"
66.249.73.84 - - [07/Jan/2013:13:36:49 -0600] "GET /tuhs.org/PDP-11/Trees/2.11BSD/usr/src/man/man2/killpg.2 HTTP/1.1" 200 1491 "-" "Mozilla/5.0 (compatible; Googlebot/2.1; +http://www.google.com/bot.html)"
66.249.73.84 - - [07/Jan/2013:13:58:09 -0600] "GET /tuhs.org/Documentation/AUUGN/AUUGN-V02.3.pdf HTTP/1.1" 200 7895624 "-" "Googlebot/2.1 (+http://www.google.com/bot.html)"
180.76.5.99 - - [07/Jan/2013:14:04:14 -0600] "GET / HTTP/1.1" 200 10762 "-" "Mozilla/5.0 (compatible; Baiduspider/2.0; +http://www.baidu.com/search/spider.html)"
100.43.83.155 - - [07/Jan/2013:14:07:02 -0600] "GET / HTTP/1.1" 200 10762 "-" "Mozilla/5.0 (compatible; YandexBot/3.0; +http://yandex.com/bots)"
180.76.5.53 - - [07/Jan/2013:14:07:40 -0600] "GET /tuhs.org/PDP-11/Trees/2.11BSD/usr/src/ucb/talk/talk_ctl.h HTTP/1.1" 200 630 "-" "Mozilla/5.0 (compatible; Baiduspider/2.0; +http://www.baidu.com/search/spider.html)"
66.249.73.84 - - [07/Jan/2013:14:08:17 -0600] "GET /tuhs.org/PDP-11/Trees/V6/usr/man/man1/rc.1 HTTP/1.1" 200 2130 "-" "Mozilla/5.0 (compatible; Googlebot/2.1; +http://www.google.com/bot.html)"
66.249.73.84 - - [07/Jan/2013:14:14:21 -0600] "GET /tuhs.org/Documentation/AUUGN/AUUGN-V02.4.pdf HTTP/1.1" 200 7621645 "-" "Googlebot/2.1 (+http://www.google.com/bot.html)"
66.249.73.84 - - [07/Jan/2013:14:14:32 -0600] "GET /tuhs.org/Documentation/AUUGN/AUUGN-V10.5.pdf HTTP/1.1" 200 7328160 "-" "Googlebot/2.1 (+http://www.google.com/bot.html)"
66.249.73.84 - - [07/Jan/2013:14:15:14 -0600] "GET /tuhs.org/Documentation/AUUGN/AUUGN-V10.4.pdf HTTP/1.1" 200 7873757 "-" "Googlebot/2.1 (+http://www.google.com/bot.html)"
66.249.73.84 - - [07/Jan/2013:14:16:30 -0600] "GET /tuhs.org/PDP-11/Trees/2.11BSD/usr/doc/2.10/pascal/fixcomments HTTP/1.1" 200 42 "-" "Mozilla/5.0 (compatible; Googlebot/2.1; +http://www.google.com/bot.html)"
66.249.73.84 - - [07/Jan/2013:14:29:13 -0600] "GET /tuhs.org/Documentation/AUUGN/AUUGN-V01.6.pdf HTTP/1.1" 200 2565570 "-" "Googlebot/2.1 (+http://www.google.com/bot.html)"
180.76.5.150 - - [07/Jan/2013:14:30:58 -0600] "GET /tuhs.org/PDP-11/Trees/V7/usr/sys/sys/text.c HTTP/1.1" 304 - "-" "Mozilla/5.0 (compatible; Baiduspider/2.0; +http://www.baidu.com/search/spider.html)"
66.249.73.84 - - [07/Jan/2013:14:38:38 -0600] "GET /tuhs.org/PDP-11/Trees/2.11BSD/usr/src/man/man2/getsockopt.2 HTTP/1.1" 200 6290 "-" "Mozilla/5.0 (compatible; Googlebot/2.1; +http://www.google.com/bot.html)"
188.165.56.253 - - [07/Jan/2013:14:45:01 -0600] "GET /home/user?destination=node/add/blog HTTP/1.0" 404 7435 "http://samplx.org/home/user?destination=node/add/blog" "Mozilla/5.0 (Windows NT 6.1) AppleWebKit/536.5 (KHTML, like Gecko) Chrome/19.0.1084.52 Safari/536.5"
188.165.56.253 - - [07/Jan/2013:14:45:04 -0600] "GET / HTTP/1.0" 200 10762 "http://samplx.org/" "Mozilla/5.0 (Windows NT 6.1) AppleWebKit/536.5 (KHTML, like Gecko) Chrome/19.0.1084.52 Safari/536.5"
188.165.56.253 - - [07/Jan/2013:14:45:06 -0600] "POST /node?destination=node HTTP/1.0" 200 11075 "http://samplx.org/" "Mozilla/5.0 (Windows NT 6.1) AppleWebKit/536.5 (KHTML, like Gecko) Chrome/19.0.1084.52 Safari/536.5"
100.43.83.155 - - [07/Jan/2013:14:52:47 -0600] "GET /tuhs.org/Documentation/AUUGN/AUUGN-V20.4.pdf HTTP/1.1" 304 - "-" "Mozilla/5.0 (compatible; YandexBot/3.0; +http://yandex.com/bots)"
180.76.5.151 - - [07/Jan/2013:15:03:07 -0600] "GET /tuhs.org/PDP-11/Trees/2.11BSD/usr/src/ucb/talk/msgs.c HTTP/1.1" 200 1081 "-" "Mozilla/5.0 (compatible; Baiduspider/2.0; +http://www.baidu.com/search/spider.html)"
66.249.73.84 - - [07/Jan/2013:15:07:13 -0600] "GET /tuhs.org/PDP-11/Trees/2.11BSD/usr/src/man/man2/sigreturn.2 HTTP/1.1" 200 2785 "-" "Mozilla/5.0 (compatible; Googlebot/2.1; +http://www.google.com/bot.html)"
180.76.6.36 - - [07/Jan/2013:15:31:13 -0600] "GET /tuhs.org/PDP-11/Trees/2.11BSD/usr/src/usr.bin/struct/3.branch.c HTTP/1.1" 200 1689 "-" "Mozilla/5.0 (compatible; Baiduspider/2.0; +http://www.baidu.com/search/spider.html)"
66.249.73.84 - - [07/Jan/2013:15:37:54 -0600] "GET /tuhs.org/PDP-11/Trees/2.11BSD/usr/src/sbin/shutdown/shutdown.c HTTP/1.1" 200 8563 "-" "Mozilla/5.0 (compatible; Googlebot/2.1; +http://www.google.com/bot.html)"
66.249.73.84 - - [07/Jan/2013:16:00:49 -0600] "GET /tuhs.org/PDP-11/Trees/V6/usr/man/man1/login.1 HTTP/1.1" 200 1399 "-" "Mozilla/5.0 (compatible; Googlebot/2.1; +http://www.google.com/bot.html)"
180.76.5.168 - - [07/Jan/2013:16:02:23 -0600] "GET /tuhs.org/PDP-11/Trees/2.11BSD/usr/src/ucb/talk/display.c HTTP/1.1" 200 3487 "-" "Mozilla/5.0 (compatible; Baiduspider/2.0; +http://www.baidu.com/search/spider.html)"
66.249.73.84 - - [07/Jan/2013:16:18:36 -0600] "GET /tuhs.org/PDP-11/Trees/2.11BSD/usr/doc/ps1/05.as/ HTTP/1.1" 200 846 "-" "Mozilla/5.0 (compatible; Googlebot/2.1; +http://www.google.com/bot.html)"
66.249.73.84 - - [07/Jan/2013:16:28:15 -0600] "GET /tuhs.org/PDP-11/Trees/2.11BSD/sys/QT/qe.h HTTP/1.1" 200 14 "-" "Mozilla/5.0 (compatible; Googlebot/2.1; +http://www.google.com/bot.html)"
66.249.73.84 - - [07/Jan/2013:16:28:26 -0600] "GET /tuhs.org/PDP-11/Trees/V6/usr/man/man1/mv.1 HTTP/1.1" 200 864 "-" "Mozilla/5.0 (compatible; Googlebot/2.1; +http://www.google.com/bot.html)"
66.249.73.84 - - [07/Jan/2013:16:28:27 -0600] "GET /tuhs.org/PDP-11/Trees/V6/usr/man/man1/cc.1 HTTP/1.1" 200 3022 "-" "Mozilla/5.0 (compatible; Googlebot/2.1; +http://www.google.com/bot.html)"
180.76.6.28 - - [07/Jan/2013:16:29:57 -0600] "GET /tuhs.org/PDP-11/Trees/2.11BSD/usr/doc/smm/22.timed/unused HTTP/1.1" 200 425 "-" "Mozilla/5.0 (compatible; Baiduspider/2.0; +http://www.baidu.com/search/spider.html)"
66.249.73.84 - - [07/Jan/2013:16:31:21 -0600] "GET /tuhs.org/PDP-11/Trees/2.11BSD/usr/src/sbin/routed/table.h HTTP/1.1" 200 2264 "-" "Mozilla/5.0 (compatible; Googlebot/2.1; +http://www.google.com/bot.html)"
66.249.73.84 - - [07/Jan/2013:16:33:55 -0600] "GET /tuhs.org/PDP-11/Trees/V6/usr/man/man1/sleep.1 HTTP/1.1" 200 467 "-" "Mozilla/5.0 (compatible; Googlebot/2.1; +http://www.google.com/bot.html)"
66.249.73.84 - - [07/Jan/2013:16:37:08 -0600] "GET /tuhs.org/PDP-11/Trees/2.11BSD/usr/src/sbin/savecore/savecore.8 HTTP/1.1" 200 1974 "-" "Mozilla/5.0 (compatible; Googlebot/2.1; +http://www.google.com/bot.html)"
66.249.73.84 - - [07/Jan/2013:16:43:06 -0600] "GET /tuhs.org/PDP-11/Trees/2.11BSD/usr/doc/ps1/01.Clang/ HTTP/1.1" 200 622 "-" "Mozilla/5.0 (compatible; Googlebot/2.1; +http://www.google.com/bot.html)"
66.249.73.84 - - [07/Jan/2013:16:44:12 -0600] "GET / HTTP/1.1" 200 10762 "-" "Mozilla/5.0 (compatible; Googlebot/2.1; +http://www.google.com/bot.html)"
66.249.73.84 - - [07/Jan/2013:16:49:00 -0600] "GET /tuhs.org/PDP-11/Trees/2.11BSD/usr/doc/2.10/kchanges.2.10/ HTTP/1.1" 200 763 "-" "Mozilla/5.0 (compatible; Googlebot/2.1; +http://www.google.com/bot.html)"
66.249.73.84 - - [07/Jan/2013:16:55:22 -0600] "GET /tuhs.org/PDP-11/Trees/2.11BSD/usr/doc/2.10/fsck/ HTTP/1.1" 200 749 "-" "Mozilla/5.0 (compatible; Googlebot/2.1; +http://www.google.com/bot.html)"
66.249.73.84 - - [07/Jan/2013:16:57:34 -0600] "GET /tuhs.org/PDP-11/Trees/2.11BSD/usr/doc/ps1/ HTTP/1.1" 200 1356 "-" "Mozilla/5.0 (compatible; Googlebot/2.1; +http://www.google.com/bot.html)"
180.76.6.37 - - [07/Jan/2013:17:02:55 -0600] "GET /tuhs.org/PDP-11/Trees/2.11BSD/usr/src/usr.bin/diction/part.l HTTP/1.1" 304 - "-" "Mozilla/5.0 (compatible; Baiduspider/2.0; +http://www.baidu.com/search/spider.html)"
66.249.73.84 - - [07/Jan/2013:17:07:12 -0600] "GET /tuhs.org/PDP-11/Trees/2.11BSD/usr/doc/ps1/01.Clang/Clang.ms HTTP/1.1" 200 98641 "-" "Mozilla/5.0 (compatible; Googlebot/2.1; +http://www.google.com/bot.html)"
66.249.73.84 - - [07/Jan/2013:17:13:17 -0600] "GET /tuhs.org/PDP-11/Trees/2.11BSD/usr/doc/2.10/kchanges.2.11/ HTTP/1.1" 200 763 "-" "Mozilla/5.0 (compatible; Googlebot/2.1; +http://www.google.com/bot.html)"
66.249.73.84 - - [07/Jan/2013:17:16:32 -0600] "GET /tuhs.org/PDP-11/Trees/2.11BSD/usr/doc/ps1/01.Clang/Makefile HTTP/1.1" 200 653 "-" "Mozilla/5.0 (compatible; Googlebot/2.1; +http://www.google.com/bot.html)"
180.76.5.88 - - [07/Jan/2013:17:29:21 -0600] "GET /tuhs.org/PDP-11/Trees/2.11BSD/usr/doc/smm/22.timed/time HTTP/1.1" 200 450 "-" "Mozilla/5.0 (compatible; Baiduspider/2.0; +http://www.baidu.com/search/spider.html)"
66.249.73.84 - - [07/Jan/2013:17:36:47 -0600] "GET /tuhs.org/PDP-11/Trees/2.11BSD/usr/doc/ps1/09.lint/ HTTP/1.1" 200 618 "-" "Mozilla/5.0 (compatible; Googlebot/2.1; +http://www.google.com/bot.html)"
66.249.73.84 - - [07/Jan/2013:17:37:54 -0600] "GET /tuhs.org/PDP-11/Trees/2.11BSD/usr/doc/2.10/setup.2.10/ HTTP/1.1" 200 885 "-" "Mozilla/5.0 (compatible; Googlebot/2.1; +http://www.google.com/bot.html)"
66.249.73.84 - - [07/Jan/2013:17:59:55 -0600] "GET /tuhs.org/PDP-11/Trees/2.11BSD/usr/doc/ps1/16.lex/ HTTP/1.1" 200 614 "-" "Mozilla/5.0 (compatible; Googlebot/2.1; +http://www.google.com/bot.html)"
180.76.5.172 - - [07/Jan/2013:18:02:39 -0600] "GET /tuhs.org/PDP-11/Trees/2.11BSD/usr/man/cat3/swab.0 HTTP/1.1" 200 526 "-" "Mozilla/5.0 (compatible; Baiduspider/2.0; +http://www.baidu.com/search/spider.html)"
66.249.73.84 - - [07/Jan/2013:18:16:53 -0600] "GET /tuhs.org/PDP-11/Trees/2.11BSD/usr/doc/ps1/03.f77io/ HTTP/1.1" 200 622 "-" "Mozilla/5.0 (compatible; Googlebot/2.1; +http://www.google.com/bot.html)"
180.76.6.21 - - [07/Jan/2013:18:26:20 -0600] "GET /tuhs.org/PDP-11/Trees/2.11BSD/usr/doc/smm/06.lpd/1.t HTTP/1.1" 200 1580 "-" "Mozilla/5.0 (compatible; Baiduspider/2.0; +http://www.baidu.com/search/spider.html)"
66.249.73.84 - - [07/Jan/2013:18:27:03 -0600] "GET /tuhs.org/PDP-11/Trees/2.11BSD/usr/doc/ps1/02.f77/ HTTP/1.1" 200 614 "-" "Mozilla/5.0 (compatible; Googlebot/2.1; +http://www.google.com/bot.html)"
66.249.73.84 - - [07/Jan/2013:18:28:06 -0600] "GET /tuhs.org/PDP-11/Trees/2.11BSD/usr/doc/ps1/04.pascal/ HTTP/1.1" 200 1988 "-" "Mozilla/5.0 (compatible; Googlebot/2.1; +http://www.google.com/bot.html)"
66.249.73.84 - - [07/Jan/2013:18:56:54 -0600] "GET /tuhs.org/PDP-11/Trees/2.11BSD/usr/doc/ps1/08.ipc/ HTTP/1.1" 200 810 "-" "Mozilla/5.0 (compatible; Googlebot/2.1; +http://www.google.com/bot.html)"
180.76.5.113 - - [07/Jan/2013:18:59:45 -0600] "GET /tuhs.org/PDP-11/Trees/2.11BSD/sys/machine/reg.h HTTP/1.1" 200 494 "-" "Mozilla/5.0 (compatible; Baiduspider/2.0; +http://www.baidu.com/search/spider.html)"
202.46.55.184 - - [07/Jan/2013:19:03:11 -0600] "GET / HTTP/1.1" 200 10762 "-" "Mozilla/4.0 (compatible; MSIE 7.0; Windows NT 6.0)"
119.63.193.195 - - [07/Jan/2013:19:04:05 -0600] "GET / HTTP/1.1" 200 10762 "-" "Mozilla/4.0 (compatible; MSIE 7.0; Windows NT 6.0)"
188.165.56.253 - - [07/Jan/2013:19:06:12 -0600] "GET /user?destination=node/add/blog HTTP/1.0" 200 7689 "http://samplx.org/user?destination=node/add/blog" "Opera/9.80 (Windows NT 5.1; U; ru) Presto/2.9.168 Version/11.51"
188.165.56.253 - - [07/Jan/2013:19:06:13 -0600] "POST /user?destination=node/add/blog HTTP/1.0" 200 8002 "http://samplx.org/user?destination=node/add/blog" "Opera/9.80 (Windows NT 5.1; U; ru) Presto/2.9.168 Version/11.51"
66.249.73.84 - - [07/Jan/2013:19:26:48 -0600] "GET /tuhs.org/PDP-11/Trees/2.11BSD/usr/doc/ps1/Title HTTP/1.1" 200 2294 "-" "Mozilla/5.0 (compatible; Googlebot/2.1; +http://www.google.com/bot.html)"
180.76.5.58 - - [07/Jan/2013:19:31:47 -0600] "GET /tuhs.org/PDP-11/Trees/2.11BSD/usr/man/cat2/lstat.0 HTTP/1.1" 200 5953 "-" "Mozilla/5.0 (compatible; Baiduspider/2.0; +http://www.baidu.com/search/spider.html)"
66.249.73.84 - - [07/Jan/2013:19:56:13 -0600] "GET /tuhs.org/PDP-11/Trees/2.11BSD/usr/doc/ps1/17.m4/ HTTP/1.1" 200 610 "-" "Mozilla/5.0 (compatible; Googlebot/2.1; +http://www.google.com/bot.html)"
180.76.5.90 - - [07/Jan/2013:19:58:39 -0600] "GET /tuhs.org/PDP-11/Trees/2.11BSD/sys/machine/mch_vars.s HTTP/1.1" 200 1134 "-" "Mozilla/5.0 (compatible; Baiduspider/2.0; +http://www.baidu.com/search/spider.html)"
66.249.73.84 - - [07/Jan/2013:20:27:04 -0600] "GET /tuhs.org/PDP-11/Trees/2.11BSD/usr/doc/ps1/10.adb/ HTTP/1.1" 200 614 "-" "Mozilla/5.0 (compatible; Googlebot/2.1; +http://www.google.com/bot.html)"
66.249.73.84 - - [07/Jan/2013:20:30:18 -0600] "GET /tuhs.org/PDP-11/Trees/2.11BSD/usr/doc/ps1/07.ipctut/ HTTP/1.1" 200 1350 "-" "Mozilla/5.0 (compatible; Googlebot/2.1; +http://www.google.com/bot.html)"
180.76.5.63 - - [07/Jan/2013:20:31:35 -0600] "GET /tuhs.org/PDP-11/Trees/2.11BSD/usr/man/cat1/tset.0 HTTP/1.1" 200 13725 "-" "Mozilla/5.0 (compatible; Baiduspider/2.0; +http://www.baidu.com/search/spider.html)"
66.249.73.84 - - [07/Jan/2013:20:54:47 -0600] "GET /tuhs.org/PDP-11/Trees/2.11BSD/usr/doc/ps1/11.dbx/ HTTP/1.1" 200 656 "-" "Mozilla/5.0 (compatible; Googlebot/2.1; +http://www.google.com/bot.html)"
66.249.73.84 - - [07/Jan/2013:20:56:44 -0600] "GET /tuhs.org/PDP-11/Trees/2.11BSD/usr/doc/ps1/15.yacc/ HTTP/1.1" 200 1124 "-" "Mozilla/5.0 (compatible; Googlebot/2.1; +http://www.google.com/bot.html)"
180.76.6.227 - - [07/Jan/2013:20:58:28 -0600] "GET /tuhs.org/PDP-11/Trees/2.11BSD/sys/machine/mch_cpu.h HTTP/1.1" 200 303 "-" "Mozilla/5.0 (compatible; Baiduspider/2.0; +http://www.baidu.com/search/spider.html)"
66.249.73.84 - - [07/Jan/2013:21:19:26 -0600] "GET /tuhs.org/PDP-11/Trees/2.11BSD/usr/doc/ps1/12.make/ HTTP/1.1" 200 618 "-" "Mozilla/5.0 (compatible; Googlebot/2.1; +http://www.google.com/bot.html)"
180.76.5.136 - - [07/Jan/2013:21:31:18 -0600] "GET /tuhs.org/PDP-11/Trees/2.11BSD/usr/doc/smm/13.kchanges/vaxuba.t HTTP/1.1" 200 6136 "-" "Mozilla/5.0 (compatible; Baiduspider/2.0; +http://www.baidu.com/search/spider.html)"
180.76.5.148 - - [07/Jan/2013:21:57:43 -0600] "GET /tuhs.org/PDP-11/Trees/2.11BSD/sys/machine/iopage.h HTTP/1.1" 200 841 "-" "Mozilla/5.0 (compatible; Baiduspider/2.0; +http://www.baidu.com/search/spider.html)"
66.249.73.84 - - [07/Jan/2013:22:18:30 -0600] "GET /tuhs.org/PDP-11/Trees/2.11BSD/usr/doc/ HTTP/1.1" 200 746 "-" "Mozilla/5.0 (compatible; Googlebot/2.1; +http://www.google.com/bot.html)"
180.76.5.158 - - [07/Jan/2013:22:29:23 -0600] "GET /tuhs.org/PDP-11/Trees/2.11BSD/sys/sys/tty_conf.c HTTP/1.1" 304 - "-" "Mozilla/5.0 (compatible; Baiduspider/2.0; +http://www.baidu.com/search/spider.html)"
66.249.73.84 - - [07/Jan/2013:22:33:22 -0600] "GET /tuhs.org/PDP-11/Trees/2.11BSD/usr/doc/2.10/pxp/makefile HTTP/1.1" 200 33 "-" "Mozilla/5.0 (compatible; Googlebot/2.1; +http://www.google.com/bot.html)"
180.76.5.144 - - [07/Jan/2013:22:54:53 -0600] "GET /tuhs.org/PDP-11/Trees/2.11BSD/sys/machine/enable34.h HTTP/1.1" 200 808 "-" "Mozilla/5.0 (compatible; Baiduspider/2.0; +http://www.baidu.com/search/spider.html)"
66.249.73.84 - - [07/Jan/2013:22:57:19 -0600] "GET /tuhs.org/PDP-11/Trees/2.11BSD/usr/src/new/rn/INIT HTTP/1.1" 200 18 "-" "Mozilla/5.0 (compatible; Googlebot/2.1; +http://www.google.com/bot.html)"
66.249.73.84 - - [07/Jan/2013:22:57:54 -0600] "GET /tuhs.org/PDP-11/Trees/2.11BSD/usr/doc/ps1/04.pascal/fixcomments HTTP/1.1" 200 42 "-" "Mozilla/5.0 (compatible; Googlebot/2.1; +http://www.google.com/bot.html)"
66.249.73.84 - - [07/Jan/2013:23:08:54 -0600] "GET /tuhs.org/PDP-11/Trees/2.11BSD/usr/doc/ps1/00.contents HTTP/1.1" 200 4050 "-" "Mozilla/5.0 (compatible; Googlebot/2.1; +http://www.google.com/bot.html)"
66.249.73.84 - - [07/Jan/2013:23:22:26 -0600] "GET /tuhs.org/PDP-11/Trees/2.11BSD/usr/doc/ps1/04.pascal/data HTTP/1.1" 200 43 "-" "Mozilla/5.0 (compatible; Googlebot/2.1; +http://www.google.com/bot.html)"
180.76.5.159 - - [07/Jan/2013:23:27:45 -0600] "GET /user/password HTTP/1.1" 200 7329 "-" "Mozilla/5.0 (compatible; Baiduspider/2.0; +http://www.baidu.com/search/spider.html)"
180.76.5.53 - - [07/Jan/2013:23:31:30 -0600] "GET /unix4fun.org/z80pack/altair/ HTTP/1.1" 200 1247 "-" "Mozilla/5.0 (compatible; Baiduspider/2.0; +http://www.baidu.com/search/spider.html)"
66.249.73.84 - - [07/Jan/2013:23:47:21 -0600] "GET /tuhs.org/PDP-11/Trees/2.11BSD/usr/doc/ps1/04.pascal/sin1.p HTTP/1.1" 200 61 "-" "Mozilla/5.0 (compatible; Googlebot/2.1; +http://www.google.com/bot.html)"
180.76.5.100 - - [07/Jan/2013:23:55:27 -0600] "GET /tuhs.org/PDP-11/Trees/2.11BSD/sys/machine/clock.c HTTP/1.1" 200 922 "-" "Mozilla/5.0 (compatible; Baiduspider/2.0; +http://www.baidu.com/search/spider.html)"
180.76.6.230 - - [07/Jan/2013:23:58:59 -0600] "GET /tuhs.org/Other/Coherent/compiler/?C=S;O=D HTTP/1.1" 200 692 "-" "Mozilla/5.0 (compatible; Baiduspider/2.0; +http://www.baidu.com/search/spider.html)"
66.249.73.84 - - [08/Jan/2013:00:06:44 -0600] "GET /tuhs.org/PDP-11/Trees/2.11BSD/usr/doc/ps1/13.rcs/ HTTP/1.1" 200 688 "-" "Mozilla/5.0 (compatible; Googlebot/2.1; +http://www.google.com/bot.html)"
66.249.73.84 - - [08/Jan/2013:00:11:58 -0600] "GET /tuhs.org/PDP-11/Trees/2.11BSD/usr/doc/ps1/04.pascal/sin2.p HTTP/1.1" 200 61 "-" "Mozilla/5.0 (compatible; Googlebot/2.1; +http://www.google.com/bot.html)"
180.76.5.185 - - [08/Jan/2013:00:27:41 -0600] "GET /tuhs.org/PDP-11/Trees/2.11BSD/sys/CURLY/param.c HTTP/1.1" 304 - "-" "Mozilla/5.0 (compatible; Baiduspider/2.0; +http://www.baidu.com/search/spider.html)"
180.76.5.63 - - [08/Jan/2013:00:31:28 -0600] "GET /tuhs.org/PDP-11/Trees/2.11BSD/usr/src/libexec/acctd/ HTTP/1.1" 200 666 "-" "Mozilla/5.0 (compatible; Baiduspider/2.0; +http://www.baidu.com/search/spider.html)"
66.249.73.84 - - [08/Jan/2013:00:36:38 -0600] "GET /tuhs.org/PDP-11/Trees/2.11BSD/usr/doc/ps1/04.pascal/first.p HTTP/1.1" 200 59 "-" "Mozilla/5.0 (compatible; Googlebot/2.1; +http://www.google.com/bot.html)"
66.249.73.84 - - [08/Jan/2013:00:37:02 -0600] "GET /tuhs.org/PDP-11/Trees/2.11BSD/usr/doc/ps1/14.sccs/ HTTP/1.1" 200 660 "-" "Mozilla/5.0 (compatible; Googlebot/2.1; +http://www.google.com/bot.html)"
180.76.5.139 - - [08/Jan/2013:01:00:56 -0600] "GET /tuhs.org/PDP-11/Trees/2.11BSD/sys/OTHERS/dmc11/dmc.c HTTP/1.1" 200 14734 "-" "Mozilla/5.0 (compatible; Baiduspider/2.0; +http://www.baidu.com/search/spider.html)"
66.249.73.84 - - [08/Jan/2013:01:01:00 -0600] "GET /tuhs.org/PDP-11/Trees/2.11BSD/sys/QT/acc.h HTTP/1.1" 200 15 "-" "Mozilla/5.0 (compatible; Googlebot/2.1; +http://www.google.com/bot.html)"
66.249.73.84 - - [08/Jan/2013:01:05:22 -0600] "GET /tuhs.org/Documentation/AUUGN/AUUGN-V10.3.pdf HTTP/1.1" 200 6024312 "-" "Googlebot/2.1 (+http://www.google.com/bot.html)"
66.249.73.84 - - [08/Jan/2013:01:06:39 -0600] "GET /tuhs.org/PDP-11/Trees/2.11BSD/usr/doc/ps1/18.curses/ HTTP/1.1" 200 1384 "-" "Mozilla/5.0 (compatible; Googlebot/2.1; +http://www.google.com/bot.html)"
66.249.73.84 - - [08/Jan/2013:01:25:52 -0600] "GET /tuhs.org/PDP-11/Trees/2.11BSD/sys/QT/ra.h HTTP/1.1" 200 48 "-" "Mozilla/5.0 (compatible; Googlebot/2.1; +http://www.google.com/bot.html)"
66.249.73.84 - - [08/Jan/2013:01:36:39 -0600] "GET /tuhs.org/PDP-11/Trees/2.11BSD/usr/doc/ps1/18.curses/intro.2 HTTP/1.1" 200 1389 "-" "Mozilla/5.0 (compatible; Googlebot/2.1; +http://www.google.com/bot.html)"
180.76.5.55 - - [08/Jan/2013:01:36:41 -0600] "GET /tuhs.org/PDP-11/Trees/2.11BSD/usr/src/libexec/ctimed/ HTTP/1.1" 200 630 "-" "Mozilla/5.0 (compatible; Baiduspider/2.0; +http://www.baidu.com/search/spider.html)"
66.249.73.84 - - [08/Jan/2013:01:50:31 -0600] "GET /tuhs.org/PDP-11/Trees/2.11BSD/sys/QT/rk.h HTTP/1.1" 200 14 "-" "Mozilla/5.0 (compatible; Googlebot/2.1; +http://www.google.com/bot.html)"
66.249.73.84 - - [08/Jan/2013:02:01:42 -0600] "GET /tuhs.org/PDP-11/Trees/2.11BSD/usr/doc/ps1/18.curses/appen.A HTTP/1.1" 200 4047 "-" "Mozilla/5.0 (compatible; Googlebot/2.1; +http://www.google.com/bot.html)"
180.76.5.92 - - [08/Jan/2013:02:05:11 -0600] "GET /tuhs.org/PDP-11/Trees/2.11BSD/usr/src/libexec/identd/ HTTP/1.1" 200 1202 "-" "Mozilla/5.0 (compatible; Baiduspider/2.0; +http://www.baidu.com/search/spider.html)"
66.249.73.84 - - [08/Jan/2013:02:14:40 -0600] "GET /tuhs.org/PDP-11/Trees/2.11BSD/usr/local/lib/cxref/ HTTP/1.1" 200 658 "-" "Mozilla/5.0 (compatible; Googlebot/2.1; +http://www.google.com/bot.html)"
66.249.73.84 - - [08/Jan/2013:02:30:30 -0600] "GET /tuhs.org/PDP-11/Trees/2.11BSD/usr/doc/ps1/15.yacc/ss7 HTTP/1.1" 200 4971 "-" "Mozilla/5.0 (compatible; Googlebot/2.1; +http://www.google.com/bot.html)"
180.76.5.186 - - [08/Jan/2013:02:40:49 -0600] "GET /tuhs.org/PDP-11/Trees/2.11BSD/usr/doc/usd/08.mh/whatnow.me HTTP/1.1" 200 3935 "-" "Mozilla/5.0 (compatible; Baiduspider/2.0; +http://www.baidu.com/search/spider.html)"
66.249.73.84 - - [08/Jan/2013:02:59:18 -0600] "GET /tuhs.org/PDP-11/Trees/2.11BSD/usr/doc/ps1/08.ipc/spell.ok HTTP/1.1" 200 2542 "-" "Mozilla/5.0 (compatible; Googlebot/2.1; +http://www.google.com/bot.html)"
66.249.73.84 - - [08/Jan/2013:03:04:06 -0600] "GET /tuhs.org/PDP-11/Trees/2.11BSD/usr/src/ucb/vlp/ HTTP/1.1" 200 606 "-" "Mozilla/5.0 (compatible; Googlebot/2.1; +http://www.google.com/bot.html)"
180.76.5.190 - - [08/Jan/2013:03:08:07 -0600] "GET /tuhs.org/PDP-11/Trees/2.11BSD/usr/src/libexec/Makefile HTTP/1.1" 200 630 "-" "Mozilla/5.0 (compatible; Baiduspider/2.0; +http://www.baidu.com/search/spider.html)"
5.144.176.239 - - [08/Jan/2013:03:12:37 -0600] "GET /node/3 HTTP/1.0" 200 9293 "http://samplx.org/" "Mozilla/5.0 (Windows NT 6.1; WOW64) AppleWebKit/535.1 (KHTML, like Gecko) Chrome/13.0.782.112 Safari/535.1"
5.144.176.239 - - [08/Jan/2013:03:12:41 -0600] "GET /?q=user/register HTTP/1.0" 403 6223 "http://samplx.org/node/3" "Mozilla/5.0 (Windows NT 6.1; WOW64) AppleWebKit/535.1 (KHTML, like Gecko) Chrome/13.0.782.112 Safari/535.1"
66.249.73.84 - - [08/Jan/2013:03:25:08 -0600] "GET /tuhs.org/4BSD/Distributions/thirdparty/UWisc4.3/ HTTP/1.1" 200 1345 "-" "Mozilla/5.0 (compatible; Googlebot/2.1; +http://www.google.com/bot.html)"
66.249.73.84 - - [08/Jan/2013:03:28:06 -0600] "GET /tuhs.org/PDP-11/Trees/2.11BSD/usr/doc/ps1/04.pascal/expr.p HTTP/1.1" 200 393 "-" "Mozilla/5.0 (compatible; Googlebot/2.1; +http://www.google.com/bot.html)"
66.249.73.84 - - [08/Jan/2013:03:33:01 -0600] "GET /tuhs.org/PDP-11/Trees/2.11BSD/usr/src/sys/pdpuba/ HTTP/1.1" 200 2162 "-" "Mozilla/5.0 (compatible; Googlebot/2.1; +http://www.google.com/bot.html)"
66.249.73.84 - - [08/Jan/2013:03:35:04 -0600] "GET /tuhs.org/PDP-11/Trees/2.11BSD/usr/share/learn/C/ HTTP/1.1" 200 2882 "-" "Mozilla/5.0 (compatible; Googlebot/2.1; +http://www.google.com/bot.html)"
66.249.73.84 - - [08/Jan/2013:03:36:36 -0600] "GET /tuhs.org/PDP-11/Trees/2.11BSD/usr/share/fontinfo/ HTTP/1.1" 200 2638 "-" "Mozilla/5.0 (compatible; Googlebot/2.1; +http://www.google.com/bot.html)"
66.249.73.84 - - [08/Jan/2013:03:38:44 -0600] "GET /tuhs.org/PDP-11/Trees/2.11BSD/usr/share/ HTTP/1.1" 200 992 "-" "Mozilla/5.0 (compatible; Googlebot/2.1; +http://www.google.com/bot.html)"
66.249.73.84 - - [08/Jan/2013:03:41:50 -0600] "GET /tuhs.org/PDP-11/Trees/2.11BSD/usr/src/sys/pdpuba/dhu.c HTTP/1.1" 200 14251 "-" "Mozilla/5.0 (compatible; Googlebot/2.1; +http://www.google.com/bot.html)"
66.249.73.84 - - [08/Jan/2013:03:43:18 -0600] "GET /tuhs.org/PDP-11/Trees/2.11BSD/usr/src/sys/pdpuba/htreg.h HTTP/1.1" 200 7337 "-" "Mozilla/5.0 (compatible; Googlebot/2.1; +http://www.google.com/bot.html)"
66.249.73.84 - - [08/Jan/2013:03:44:28 -0600] "GET /tuhs.org/PDP-11/Trees/2.11BSD/sys/OTHERS/dc11/ HTTP/1.1" 200 601 "-" "Mozilla/5.0 (compatible; Googlebot/2.1; +http://www.google.com/bot.html)"
66.249.73.84 - - [08/Jan/2013:03:46:59 -0600] "GET /tuhs.org/PDP-11/Trees/2.11BSD/usr/src/sys/pdpuba/xp.c HTTP/1.1" 200 26156 "-" "Mozilla/5.0 (compatible; Googlebot/2.1; +http://www.google.com/bot.html)"
66.249.73.84 - - [08/Jan/2013:03:48:02 -0600] "GET /tuhs.org/PDP-11/Trees/2.11BSD/usr/share/learn/morefiles/ HTTP/1.1" 200 2166 "-" "Mozilla/5.0 (compatible; Googlebot/2.1; +http://www.google.com/bot.html)"
66.249.73.84 - - [08/Jan/2013:03:53:03 -0600] "GET /tuhs.org/PDP-11/Trees/2.11BSD/usr/share/learn/files/ HTTP/1.1" 200 3370 "-" "Mozilla/5.0 (compatible; Googlebot/2.1; +http://www.google.com/bot.html)"
66.249.73.84 - - [08/Jan/2013:03:54:53 -0600] "GET /oak.oakland.edu/cpm/epson/ HTTP/1.1" 200 1942 "-" "Mozilla/5.0 (compatible; Googlebot/2.1; +http://www.google.com/bot.html)"
66.249.73.84 - - [08/Jan/2013:03:55:56 -0600] "GET /tuhs.org/PDP-11/Trees/2.11BSD/usr/doc/ps1/04.pascal/puman5.n HTTP/1.1" 200 20863 "-" "Mozilla/5.0 (compatible; Googlebot/2.1; +http://www.google.com/bot.html)"
180.76.5.111 - - [08/Jan/2013:03:58:39 -0600] "GET /tuhs.org/PDP-11/Trees/2.11BSD/usr/include/pdp/net_csv.s HTTP/1.1" 200 9854 "-" "Mozilla/5.0 (compatible; Baiduspider/2.0; +http://www.baidu.com/search/spider.html)"
66.249.73.84 - - [08/Jan/2013:03:58:53 -0600] "GET /tuhs.org/PDP-11/Trees/2.11BSD/usr/share/learn/eqn/ HTTP/1.1" 200 3374 "-" "Mozilla/5.0 (compatible; Googlebot/2.1; +http://www.google.com/bot.html)"
66.249.73.84 - - [08/Jan/2013:04:03:52 -0600] "GET /tuhs.org/PDP-11/Trees/2.11BSD/usr/share/learn/ HTTP/1.1" 200 892 "-" "Mozilla/5.0 (compatible; Googlebot/2.1; +http://www.google.com/bot.html)"
66.249.73.84 - - [08/Jan/2013:04:11:44 -0600] "GET /tuhs.org/PDP-11/Trees/2.11BSD/usr/src/sys/pdpif/ HTTP/1.1" 200 1742 "-" "Mozilla/5.0 (compatible; Googlebot/2.1; +http://www.google.com/bot.html)"
66.249.73.84 - - [08/Jan/2013:04:18:30 -0600] "GET /tuhs.org/PDP-11/Trees/2.11BSD/usr/doc/ps1/11.dbx/Makefile HTTP/1.1" 200 543 "-" "Mozilla/5.0 (compatible; Googlebot/2.1; +http://www.google.com/bot.html)"
180.76.5.50 - - [08/Jan/2013:04:40:03 -0600] "GET /tuhs.org/PDP-11/Distributions/ucb/2.11BSD/VERSION HTTP/1.1" 200 3368 "-" "Mozilla/5.0 (compatible; Baiduspider/2.0; +http://www.baidu.com/search/spider.html)"
66.249.73.84 - - [08/Jan/2013:04:49:19 -0600] "GET /tuhs.org/PDP-11/Trees/2.11BSD/usr/doc/2.10/pascal/first.p HTTP/1.1" 200 59 "-" "Mozilla/5.0 (compatible; Googlebot/2.1; +http://www.google.com/bot.html)"
66.249.73.84 - - [08/Jan/2013:05:16:36 -0600] "GET /tuhs.org/PDP-11/Trees/2.11BSD/usr/src/new/rn/v7 HTTP/1.1" 200 7 "-" "Mozilla/5.0 (compatible; Googlebot/2.1; +http://www.google.com/bot.html)"
66.249.73.84 - - [08/Jan/2013:05:17:19 -0600] "GET /tuhs.org/PDP-11/Trees/2.11BSD/usr/doc/ps1/04.pascal/csfix.c HTTP/1.1" 200 3350 "-" "Mozilla/5.0 (compatible; Googlebot/2.1; +http://www.google.com/bot.html)"
180.76.5.67 - - [08/Jan/2013:05:31:59 -0600] "GET /tuhs.org/PDP-11/Trees/2.11BSD/sys/machine/cksum-fix HTTP/1.1" 200 1341 "-" "Mozilla/5.0 (compatible; Baiduspider/2.0; +http://www.baidu.com/search/spider.html)"
66.249.73.84 - - [08/Jan/2013:05:43:56 -0600] "GET /tuhs.org/PDP-11/Trees/2.11BSD/usr/src/usr.bin/uucp/aculib/ HTTP/1.1" 200 1481 "-" "Mozilla/5.0 (compatible; Googlebot/2.1; +http://www.google.com/bot.html)"
66.249.73.84 - - [08/Jan/2013:05:45:32 -0600] "GET /tuhs.org/PDP-11/Trees/2.11BSD/usr/doc/ps1/18.curses/appen.C HTTP/1.1" 200 2473 "-" "Mozilla/5.0 (compatible; Googlebot/2.1; +http://www.google.com/bot.html)"
66.249.73.84 - - [08/Jan/2013:06:12:21 -0600] "GET /tuhs.org/PDP-11/Trees/V7/usr/src/cmd/troff/textscript HTTP/1.1" 200 24 "-" "Mozilla/5.0 (compatible; Googlebot/2.1; +http://www.google.com/bot.html)"
66.249.73.84 - - [08/Jan/2013:06:15:53 -0600] "GET /tuhs.org/PDP-11/Trees/2.11BSD/usr/doc/ps1/09.lint/lint.ms HTTP/1.1" 200 32564 "-" "Mozilla/5.0 (compatible; Googlebot/2.1; +http://www.google.com/bot.html)"
180.76.5.156 - - [08/Jan/2013:06:22:47 -0600] "GET /tuhs.org/PDP-11/Trees/2.11BSD/usr/share/ms/s.cov HTTP/1.1" 304 - "-" "Mozilla/5.0 (compatible; Baiduspider/2.0; +http://www.baidu.com/search/spider.html)"
66.249.73.84 - - [08/Jan/2013:06:41:00 -0600] "GET /tuhs.org/PDP-11/Trees/2.11BSD/usr/src/ucb/more/ HTTP/1.1" 200 654 "-" "Mozilla/5.0 (compatible; Googlebot/2.1; +http://www.google.com/bot.html)"
66.249.73.84 - - [08/Jan/2013:06:46:15 -0600] "GET /tuhs.org/PDP-11/Trees/2.11BSD/usr/doc/ps1/15.yacc/ssd HTTP/1.1" 200 1355 "-" "Mozilla/5.0 (compatible; Googlebot/2.1; +http://www.google.com/bot.html)"
180.76.5.165 - - [08/Jan/2013:07:00:57 -0600] "GET /tuhs.org/PDP-11/Trees/2.11BSD/sys/machine/mch_click.s HTTP/1.1" 200 7226 "-" "Mozilla/5.0 (compatible; Baiduspider/2.0; +http://www.baidu.com/search/spider.html)"
66.249.73.84 - - [08/Jan/2013:07:09:35 -0600] "GET /tuhs.org/PDP-11/Trees/2.11BSD/usr/src/new/rn/bsd HTTP/1.1" 200 7 "-" "Mozilla/5.0 (compatible; Googlebot/2.1; +http://www.google.com/bot.html)"
66.249.73.84 - - [08/Jan/2013:07:11:18 -0600] "GET /tuhs.org/PDP-11/Trees/2.11BSD/usr/doc/ps1/07.ipctut/streamread.c HTTP/1.1" 200 1952 "-" "Mozilla/5.0 (compatible; Googlebot/2.1; +http://www.google.com/bot.html)"
66.249.73.84 - - [08/Jan/2013:07:38:18 -0600] "GET /tuhs.org/PDP-11/Trees/2.11BSD/usr/src/ucb/pascal/ HTTP/1.1" 200 712 "-" "Mozilla/5.0 (compatible; Googlebot/2.1; +http://www.google.com/bot.html)"
66.249.73.84 - - [08/Jan/2013:07:40:06 -0600] "GET /tuhs.org/PDP-11/Trees/2.11BSD/usr/doc/ps1/07.ipctut/udgramsend.c HTTP/1.1" 200 1047 "-" "Mozilla/5.0 (compatible; Googlebot/2.1; +http://www.google.com/bot.html)"
180.76.6.232 - - [08/Jan/2013:07:54:21 -0600] "GET /tuhs.org/PDP-11/Trees/2.11BSD/usr/share/tmac/tmac.r HTTP/1.1" 304 - "-" "Mozilla/5.0 (compatible; Baiduspider/2.0; +http://www.baidu.com/search/spider.html)"
180.76.5.136 - - [08/Jan/2013:07:59:20 -0600] "GET /tuhs.org/PDP-11/Trees/2.11BSD/usr/src/libexec/ftpd/ HTTP/1.1" 200 996 "-" "Mozilla/5.0 (compatible; Baiduspider/2.0; +http://www.baidu.com/search/spider.html)"
180.76.5.59 - - [08/Jan/2013:08:02:55 -0600] "GET /unix4fun.org/z80pack/sources/stuff/spacewar.asm HTTP/1.1" 200 15917 "-" "Mozilla/5.0 (compatible; Baiduspider/2.0; +http://www.baidu.com/search/spider.html)"
66.249.73.84 - - [08/Jan/2013:08:08:45 -0600] "GET /tuhs.org/PDP-11/Trees/2.11BSD/usr/spool/lpr/ps0/lock HTTP/1.1" 200 3 "-" "Mozilla/5.0 (compatible; Googlebot/2.1; +http://www.google.com/bot.html)"
66.249.73.84 - - [08/Jan/2013:08:08:54 -0600] "GET /tuhs.org/PDP-11/Trees/2.11BSD/usr/doc/ps1/15.yacc/ss2 HTTP/1.1" 200 4251 "-" "Mozilla/5.0 (compatible; Googlebot/2.1; +http://www.google.com/bot.html)"
180.76.5.195 - - [08/Jan/2013:08:15:16 -0600] "GET /tuhs.org/PDP-11/Trees/2.11BSD/usr/src/libexec/getNAME/ HTTP/1.1" 200 634 "-" "Mozilla/5.0 (compatible; Baiduspider/2.0; +http://www.baidu.com/search/spider.html)"
180.76.5.153 - - [08/Jan/2013:08:18:48 -0600] "GET /tuhs.org/PDP-11/Trees/2.11BSD/usr/src/libexec/telnetd/ HTTP/1.1" 200 678 "-" "Mozilla/5.0 (compatible; Baiduspider/2.0; +http://www.baidu.com/search/spider.html)"
180.76.6.26 - - [08/Jan/2013:08:29:44 -0600] "GET /tuhs.org/PDP-11/Trees/2.11BSD/usr/src/libexec/talkd/ HTTP/1.1" 200 836 "-" "Mozilla/5.0 (compatible; Baiduspider/2.0; +http://www.baidu.com/search/spider.html)"
180.76.5.141 - - [08/Jan/2013:08:33:15 -0600] "GET /tuhs.org/PDP-11/Trees/2.11BSD/sys/machine/mch_KScall.s HTTP/1.1" 200 4232 "-" "Mozilla/5.0 (compatible; Baiduspider/2.0; +http://www.baidu.com/search/spider.html)"
180.76.5.196 - - [08/Jan/2013:08:37:01 -0600] "GET /tuhs.org/PDP-11/Trees/V7/usr/sys/sys/sig.c HTTP/1.1" 304 - "-" "Mozilla/5.0 (compatible; Baiduspider/2.0; +http://www.baidu.com/search/spider.html)"
66.249.73.84 - - [08/Jan/2013:08:37:42 -0600] "GET /tuhs.org/PDP-11/Trees/2.11BSD/usr/doc/ps1/08.ipc/2.t HTTP/1.1" 200 26768 "-" "Mozilla/5.0 (compatible; Googlebot/2.1; +http://www.google.com/bot.html)"
66.249.73.84 - - [08/Jan/2013:08:38:57 -0600] "GET /tuhs.org/PDP-11/Trees/V7/usr/src/cmd/mip/ftable.c HTTP/1.1" 200 34 "-" "Mozilla/5.0 (compatible; Googlebot/2.1; +http://www.google.com/bot.html)"
180.76.5.197 - - [08/Jan/2013:08:43:32 -0600] "GET /tuhs.org/PDP-11/Trees/2.11BSD/usr/src/libexec/rshd/ HTTP/1.1" 200 708 "-" "Mozilla/5.0 (compatible; Baiduspider/2.0; +http://www.baidu.com/search/spider.html)"
180.76.5.60 - - [08/Jan/2013:08:58:17 -0600] "GET /tuhs.org/PDP-11/Trees/2.11BSD/usr/src/libexec/rlogind/ HTTP/1.1" 200 678 "-" "Mozilla/5.0 (compatible; Baiduspider/2.0; +http://www.baidu.com/search/spider.html)"
180.76.5.110 - - [08/Jan/2013:09:01:51 -0600] "GET /tuhs.org/PDP-11/Trees/V7/usr/src/cmd/uucp/gnxseq.c HTTP/1.1" 200 1530 "-" "Mozilla/5.0 (compatible; Baiduspider/2.0; +http://www.baidu.com/search/spider.html)"
66.249.73.84 - - [08/Jan/2013:09:07:56 -0600] "GET /tuhs.org/PDP-11/Trees/2.11BSD/usr/doc/ps1/08.ipc/4.t HTTP/1.1" 200 16640 "-" "Mozilla/5.0 (compatible; Googlebot/2.1; +http://www.google.com/bot.html)"
66.249.73.84 - - [08/Jan/2013:09:09:24 -0600] "GET /tuhs.org/PDP-11/Trees/V7/usr/src/cmd/mip/freader.c HTTP/1.1" 200 51 "-" "Mozilla/5.0 (compatible; Googlebot/2.1; +http://www.google.com/bot.html)"
180.76.5.153 - - [08/Jan/2013:09:14:57 -0600] "GET /tuhs.org/PDP-11/Trees/V7/usr/src/cmd/standalone/vt.c HTTP/1.1" 200 5422 "-" "Mozilla/5.0 (compatible; Baiduspider/2.0; +http://www.baidu.com/search/spider.html)"
180.76.5.103 - - [08/Jan/2013:09:18:28 -0600] "GET / HTTP/1.1" 200 10762 "-" "Mozilla/5.0 (compatible; Baiduspider/2.0; +http://www.baidu.com/search/spider.html)"
180.76.5.57 - - [08/Jan/2013:09:23:55 -0600] "GET /tuhs.org/PDP-11/Trees/2.11BSD/usr/src/include/pwd.h HTTP/1.1" 200 1606 "-" "Mozilla/5.0 (compatible; Baiduspider/2.0; +http://www.baidu.com/search/spider.html)"
180.76.6.37 - - [08/Jan/2013:09:27:26 -0600] "GET /tuhs.org/PDP-11/Trees/2.11BSD/usr/src/libexec/rexecd/ HTTP/1.1" 200 672 "-" "Mozilla/5.0 (compatible; Baiduspider/2.0; +http://www.baidu.com/search/spider.html)"
66.249.73.84 - - [08/Jan/2013:09:37:48 -0600] "GET /tuhs.org/PDP-11/Trees/2.11BSD/usr/doc/ps1/07.ipctut/udgramread.c HTTP/1.1" 200 1221 "-" "Mozilla/5.0 (compatible; Googlebot/2.1; +http://www.google.com/bot.html)"
66.249.73.84 - - [08/Jan/2013:09:42:17 -0600] "GET /tuhs.org/PDP-11/Trees/2.11BSD/usr/src/ucb/indent/ HTTP/1.1" 200 964 "-" "Mozilla/5.0 (compatible; Googlebot/2.1; +http://www.google.com/bot.html)"
180.76.5.113 - - [08/Jan/2013:09:43:36 -0600] "GET /tuhs.org/PDP-11/Trees/2.11BSD/usr/src/libexec/makekey/ HTTP/1.1" 200 634 "-" "Mozilla/5.0 (compatible; Baiduspider/2.0; +http://www.baidu.com/search/spider.html)"
180.76.5.94 - - [08/Jan/2013:09:47:07 -0600] "GET /tuhs.org/PDP-11/Trees/V7/usr/src/cmd/refer/what4.c HTTP/1.1" 304 - "-" "Mozilla/5.0 (compatible; Baiduspider/2.0; +http://www.baidu.com/search/spider.html)"
180.76.5.171 - - [08/Jan/2013:09:57:11 -0600] "GET /tuhs.org/PDP-11/Trees/2.11BSD/usr/src/libexec/comsat/ HTTP/1.1" 200 672 "-" "Mozilla/5.0 (compatible; Baiduspider/2.0; +http://www.baidu.com/search/spider.html)"
180.76.5.96 - - [08/Jan/2013:10:00:47 -0600] "GET /tuhs.org/PDP-11/Trees/2.11BSD/usr/src/libexec/fingerd/ HTTP/1.1" 200 726 "-" "Mozilla/5.0 (compatible; Baiduspider/2.0; +http://www.baidu.com/search/spider.html)"
180.76.5.65 - - [08/Jan/2013:10:04:18 -0600] "GET /tuhs.org/PDP-11/Trees/2.11BSD/usr/doc/smm/17.security/security.ms HTTP/1.1" 200 12118 "-" "Mozilla/5.0 (compatible; Baiduspider/2.0; +http://www.baidu.com/search/spider.html)"
66.249.73.84 - - [08/Jan/2013:10:07:41 -0600] "GET /tuhs.org/PDP-11/Trees/2.11BSD/usr/doc/ps1/15.yacc/ssc HTTP/1.1" 200 8504 "-" "Mozilla/5.0 (compatible; Googlebot/2.1; +http://www.google.com/bot.html)"
180.76.5.140 - - [08/Jan/2013:10:13:48 -0600] "GET /tuhs.org/PDP-11/Trees/V7/usr/doc/ratfor/m3 HTTP/1.1" 304 - "-" "Mozilla/5.0 (compatible; Baiduspider/2.0; +http://www.baidu.com/search/spider.html)"
66.249.73.84 - - [08/Jan/2013:10:15:05 -0600] "GET /tuhs.org/PDP-11/Trees/2.11BSD/usr/src/ucb/man/ HTTP/1.1" 200 650 "-" "Mozilla/5.0 (compatible; Googlebot/2.1; +http://www.google.com/bot.html)"
180.76.5.100 - - [08/Jan/2013:10:25:09 -0600] "GET /tuhs.org/PDP-11/Trees/V7/usr/games/quiz.k/spell HTTP/1.1" 200 74 "-" "Mozilla/5.0 (compatible; Baiduspider/2.0; +http://www.baidu.com/search/spider.html)"
66.249.73.84 - - [08/Jan/2013:10:27:34 -0600] "GET /tuhs.org/PDP-11/Trees/2.11BSD/usr/doc/ps1/07.ipctut/Makefile HTTP/1.1" 200 758 "-" "Mozilla/5.0 (compatible; Googlebot/2.1; +http://www.google.com/bot.html)"
180.76.5.100 - - [08/Jan/2013:10:28:41 -0600] "GET /tuhs.org/PDP-11/Trees/V7/usr/games/quiz.k/pres HTTP/1.1" 200 2351 "-" "Mozilla/5.0 (compatible; Baiduspider/2.0; +http://www.baidu.com/search/spider.html)"
180.76.5.177 - - [08/Jan/2013:10:39:17 -0600] "GET /tuhs.org/PDP-11/Trees/V7/usr/games/quiz.k/posneg HTTP/1.1" 200 814 "-" "Mozilla/5.0 (compatible; Baiduspider/2.0; +http://www.baidu.com/search/spider.html)"
180.76.5.103 - - [08/Jan/2013:10:42:48 -0600] "GET /tuhs.org/PDP-11/Trees/V7/bin/struct HTTP/1.1" 200 310 "-" "Mozilla/5.0 (compatible; Baiduspider/2.0; +http://www.baidu.com/search/spider.html)"
66.249.73.84 - - [08/Jan/2013:10:48:12 -0600] "GET /tuhs.org/PDP-11/Trees/2.11BSD/usr/src/ucb/dbx/ HTTP/1.1" 200 606 "-" "Mozilla/5.0 (compatible; Googlebot/2.1; +http://www.google.com/bot.html)"
180.76.5.61 - - [08/Jan/2013:10:53:45 -0600] "GET /tuhs.org/PDP-11/Trees/2.11BSD/usr/src/man/man4/ram.4 HTTP/1.1" 304 - "-" "Mozilla/5.0 (compatible; Baiduspider/2.0; +http://www.baidu.com/search/spider.html)"
180.76.5.141 - - [08/Jan/2013:10:57:17 -0600] "GET /tuhs.org/PDP-11/Trees/V6/usr/source/mdec/tc.s HTTP/1.1" 304 - "-" "Mozilla/5.0 (compatible; Baiduspider/2.0; +http://www.baidu.com/search/spider.html)"
66.249.73.84 - - [08/Jan/2013:10:58:04 -0600] "GET /tuhs.org/PDP-11/Trees/2.11BSD/usr/doc/ps1/12.make/Makefile HTTP/1.1" 200 598 "-" "Mozilla/5.0 (compatible; Googlebot/2.1; +http://www.google.com/bot.html)"
180.76.5.103 - - [08/Jan/2013:11:10:47 -0600] "GET /tuhs.org/PDP-11/Trees/2.11BSD/usr/src/usr.lib/libident/ HTTP/1.1" 200 1214 "-" "Mozilla/5.0 (compatible; Baiduspider/2.0; +http://www.baidu.com/search/spider.html)"
180.76.5.94 - - [08/Jan/2013:11:14:19 -0600] "GET /tuhs.org/PDP-11/Trees/V7/usr/games/quiz.k/midearth HTTP/1.1" 200 274 "-" "Mozilla/5.0 (compatible; Baiduspider/2.0; +http://www.baidu.com/search/spider.html)"
180.76.5.181 - - [08/Jan/2013:11:24:18 -0600] "GET /tuhs.org/PDP-11/Trees/V7/usr/games/quiz.k/inca HTTP/1.1" 200 301 "-" "Mozilla/5.0 (compatible; Baiduspider/2.0; +http://www.baidu.com/search/spider.html)"
66.249.73.84 - - [08/Jan/2013:11:25:10 -0600] "GET /tuhs.org/PDP-11/Trees/2.11BSD/usr/src/ucb/PORT/ HTTP/1.1" 200 902 "-" "Mozilla/5.0 (compatible; Googlebot/2.1; +http://www.google.com/bot.html)"
180.76.5.57 - - [08/Jan/2013:11:27:50 -0600] "GET /tuhs.org/PDP-11/Trees/V6/usr/man/man6/sky.6 HTTP/1.1" 304 - "-" "Mozilla/5.0 (compatible; Baiduspider/2.0; +http://www.baidu.com/search/spider.html)"
66.249.73.84 - - [08/Jan/2013:11:27:51 -0600] "GET /tuhs.org/PDP-11/Trees/2.11BSD/usr/doc/ps1/05.as/as.man.1 HTTP/1.1" 200 1967 "-" "Mozilla/5.0 (compatible; Googlebot/2.1; +http://www.google.com/bot.html)"
180.76.5.156 - - [08/Jan/2013:11:36:35 -0600] "GET /tuhs.org/PDP-11/Trees/2.11BSD/usr/libexec/diff3 HTTP/1.1" 200 8608 "-" "Mozilla/5.0 (compatible; Baiduspider/2.0; +http://www.baidu.com/search/spider.html)"
180.76.5.93 - - [08/Jan/2013:11:40:06 -0600] "GET /tuhs.org/PDP-11/Trees/V7/usr/games/quiz.k/greek HTTP/1.1" 200 249 "-" "Mozilla/5.0 (compatible; Baiduspider/2.0; +http://www.baidu.com/search/spider.html)"
180.76.5.58 - - [08/Jan/2013:11:43:38 -0600] "GET /tuhs.org/PDP-11/Trees/V7/usr/games/quiz.k/europe HTTP/1.1" 200 752 "-" "Mozilla/5.0 (compatible; Baiduspider/2.0; +http://www.baidu.com/search/spider.html)"
180.76.5.101 - - [08/Jan/2013:11:52:22 -0600] "GET /tuhs.org/PDP-11/Trees/V6/usr/man/man4/lp.4 HTTP/1.1" 304 - "-" "Mozilla/5.0 (compatible; Baiduspider/2.0; +http://www.baidu.com/search/spider.html)"
66.249.73.84 - - [08/Jan/2013:11:57:15 -0600] "GET /tuhs.org/PDP-11/Trees/2.11BSD/usr/doc/ps1/18.curses/doc.I HTTP/1.1" 200 6003 "-" "Mozilla/5.0 (compatible; Googlebot/2.1; +http://www.google.com/bot.html)"
66.249.73.84 - - [08/Jan/2013:12:02:16 -0600] "GET /tuhs.org/PDP-11/Trees/2.11BSD/usr/src/usr.lib/libF77/profiled/ HTTP/1.1" 200 611 "-" "Mozilla/5.0 (compatible; Googlebot/2.1; +http://www.google.com/bot.html)"
180.76.5.94 - - [08/Jan/2013:12:07:22 -0600] "GET /tuhs.org/PDP-11/Trees/2.11BSD/usr/src/ucb/talk/talk_ctl.h HTTP/1.1" 200 630 "-" "Mozilla/5.0 (compatible; Baiduspider/2.0; +http://www.baidu.com/search/spider.html)"
180.76.5.197 - - [08/Jan/2013:12:10:54 -0600] "GET /tuhs.org/PDP-11/Trees/2.11BSD/usr/src/ucb/talk/talk.c HTTP/1.1" 200 1139 "-" "Mozilla/5.0 (compatible; Baiduspider/2.0; +http://www.baidu.com/search/spider.html)"
180.76.5.142 - - [08/Jan/2013:12:20:37 -0600] "GET /tuhs.org/PDP-11/Trees/2.11BSD/usr/src/ucb/talk/msgs.c HTTP/1.1" 200 1081 "-" "Mozilla/5.0 (compatible; Baiduspider/2.0; +http://www.baidu.com/search/spider.html)"
66.249.73.84 - - [08/Jan/2013:12:20:54 -0600] "GET /tuhs.org/PDP-11/Trees/2.11BSD/usr/doc/ps1/18.curses/macros HTTP/1.1" 200 1140 "-" "Mozilla/5.0 (compatible; Googlebot/2.1; +http://www.google.com/bot.html)"
180.76.5.181 - - [08/Jan/2013:12:24:09 -0600] "GET /tuhs.org/PDP-11/Trees/V6/usr/lib/quiz/state HTTP/1.1" 200 1370 "-" "Mozilla/5.0 (compatible; Baiduspider/2.0; +http://www.baidu.com/search/spider.html)"
180.76.5.153 - - [08/Jan/2013:12:38:01 -0600] "GET /tuhs.org/PDP-11/Trees/V6/usr/doc/yacc/ss7 HTTP/1.1" 304 - "-" "Mozilla/5.0 (compatible; Baiduspider/2.0; +http://www.baidu.com/search/spider.html)"
66.249.73.84 - - [08/Jan/2013:12:39:09 -0600] "GET /tuhs.org/PDP-11/Trees/V7/usr/src/cmd/mip/fallo.c HTTP/1.1" 200 33 "-" "Mozilla/5.0 (compatible; Googlebot/2.1; +http://www.google.com/bot.html)"
66.249.73.84 - - [08/Jan/2013:12:49:42 -0600] "GET /tuhs.org/PDP-11/Trees/2.11BSD/usr/doc/ps1/06.sysman/1.2.t HTTP/1.1" 200 8448 "-" "Mozilla/5.0 (compatible; Googlebot/2.1; +http://www.google.com/bot.html)"
180.76.5.65 - - [08/Jan/2013:12:51:04 -0600] "GET /tuhs.org/PDP-11/Trees/2.11BSD/usr/src/ucb/talk/Makefile HTTP/1.1" 200 5467 "-" "Mozilla/5.0 (compatible; Baiduspider/2.0; +http://www.baidu.com/search/spider.html)"
180.76.5.139 - - [08/Jan/2013:12:54:36 -0600] "GET /tuhs.org/PDP-11/Trees/2.11BSD/usr/src/ucb/talk/display.c HTTP/1.1" 200 3487 "-" "Mozilla/5.0 (compatible; Baiduspider/2.0; +http://www.baidu.com/search/spider.html)"
180.76.6.20 - - [08/Jan/2013:13:05:28 -0600] "GET /tuhs.org/PDP-11/Trees/2.11BSD/usr/libexec/makekey HTTP/1.1" 200 2330 "-" "Mozilla/5.0 (compatible; Baiduspider/2.0; +http://www.baidu.com/search/spider.html)"
180.76.6.28 - - [08/Jan/2013:13:09:18 -0600] "GET /tuhs.org/PDP-11/Trees/2.11BSD/usr/src/sbin/ HTTP/1.1" 200 1766 "-" "Mozilla/5.0 (compatible; Baiduspider/2.0; +http://www.baidu.com/search/spider.html)"
180.76.5.55 - - [08/Jan/2013:13:12:50 -0600] "GET /tuhs.org/PDP-11/Trees/V6/usr/doc/c/c6 HTTP/1.1" 304 - "-" "Mozilla/5.0 (compatible; Baiduspider/2.0; +http://www.baidu.com/search/spider.html)"
66.249.73.84 - - [08/Jan/2013:13:16:09 -0600] "GET /tuhs.org/PDP-11/Distributions/unsw/81/ HTTP/1.1" 200 605 "-" "Mozilla/5.0 (compatible; Googlebot/2.1; +http://www.google.com/bot.html)"
180.76.5.153 - - [08/Jan/2013:13:17:49 -0600] "GET /tuhs.org/PDP-11/Trees/2.11BSD/usr/src/sbin/routed/tools/ HTTP/1.1" 200 678 "-" "Mozilla/5.0 (compatible; Baiduspider/2.0; +http://www.baidu.com/search/spider.html)"
66.249.73.84 - - [08/Jan/2013:13:18:30 -0600] "GET /tuhs.org/PDP-11/Trees/2.11BSD/usr/doc/ps1/07.ipctut/tutor.me HTTP/1.1" 200 38912 "-" "Mozilla/5.0 (compatible; Googlebot/2.1; +http://www.google.com/bot.html)"
