180.76.6.212 - - [05/Jan/2013:09:17:31 -0600] "GET /tuhs.org/Applications/Em_Editor/emdoc HTTP/1.1" 200 3560 "-" "Mozilla/5.0 (compatible; Baiduspider/2.0; +http://www.baidu.com/search/spider.html)"
180.76.5.157 - - [05/Jan/2013:09:26:53 -0600] "GET /tuhs.org/PDP-11/Trees/2.11BSD/usr/doc/usd/07.Mail/mail6.nr HTTP/1.1" 304 - "-" "Mozilla/5.0 (compatible; Baiduspider/2.0; +http://www.baidu.com/search/spider.html)"
66.249.73.84 - - [05/Jan/2013:09:36:24 -0600] "GET /tuhs.org/PDP-11/Trees/V6/usr/man/man1/ln.1 HTTP/1.1" 200 998 "-" "Mozilla/5.0 (compatible; Googlebot/2.1; +http://www.google.com/bot.html)"
180.76.5.50 - - [05/Jan/2013:09:39:48 -0600] "GET /tuhs.org/PDP-11/Trees/2.11BSD/usr/doc/usd/13.edadv/ae1 HTTP/1.1" 200 1659 "-" "Mozilla/5.0 (compatible; Baiduspider/2.0; +http://www.baidu.com/search/spider.html)"
180.76.5.175 - - [05/Jan/2013:09:53:42 -0600] "GET /tuhs.org/PDP-11/Trees/2.11BSD/usr/doc/usd/27.eqnguide/g2 HTTP/1.1" 200 9324 "-" "Mozilla/5.0 (compatible; Baiduspider/2.0; +http://www.baidu.com/search/spider.html)"
180.76.5.193 - - [05/Jan/2013:10:00:59 -0600] "GET /tuhs.org/PDP-11/Trees/2.11BSD/usr/doc/2.10/ HTTP/1.1" 200 1422 "-" "Mozilla/5.0 (compatible; Baiduspider/2.0; +http://www.baidu.com/search/spider.html)"
66.249.73.84 - - [05/Jan/2013:10:01:51 -0600] "GET /tuhs.org/PDP-11/Trees/2.11BSD/usr/src/man/man2/phys.2 HTTP/1.1" 200 1648 "-" "Mozilla/5.0 (compatible; Googlebot/2.1; +http://www.google.com/bot.html)"
180.76.5.142 - - [05/Jan/2013:10:14:56 -0600] "GET /tuhs.org/Applications/Em_Editor/em.n HTTP/1.1" 200 5479 "-" "Mozilla/5.0 (compatible; Baiduspider/2.0; +http://www.baidu.com/search/spider.html)"
180.76.5.151 - - [05/Jan/2013:10:29:04 -0600] "GET /tuhs.org/PDP-11/Trees/2.11BSD/usr/include/sys/kernel.h HTTP/1.1" 200 711 "-" "Mozilla/5.0 (compatible; Baiduspider/2.0; +http://www.baidu.com/search/spider.html)"
66.249.73.84 - - [05/Jan/2013:10:30:39 -0600] "GET /tuhs.org/PDP-11/Trees/V6/usr/man/man1/write.1 HTTP/1.1" 200 1493 "-" "Mozilla/5.0 (compatible; Googlebot/2.1; +http://www.google.com/bot.html)"
180.76.5.148 - - [05/Jan/2013:10:36:06 -0600] "GET /tuhs.org/PDP-11/Trees/2.11BSD/sys/machine/cpu.h HTTP/1.1" 304 - "-" "Mozilla/5.0 (compatible; Baiduspider/2.0; +http://www.baidu.com/search/spider.html)"
66.249.73.84 - - [05/Jan/2013:10:41:56 -0600] "GET /tuhs.org/PDP-11/Trees/2.11BSD/usr/src/usr.bin/f77/:rofix HTTP/1.1" 200 28 "-" "Mozilla/5.0 (compatible; Googlebot/2.1; +http://www.google.com/bot.html)"
180.76.5.155 - - [05/Jan/2013:10:50:02 -0600] "GET /tuhs.org/PDP-11/Trees/2.11BSD/usr/doc/smm/01.setup/3.t HTTP/1.1" 200 19950 "-" "Mozilla/5.0 (compatible; Baiduspider/2.0; +http://www.baidu.com/search/spider.html)"
66.249.73.84 - - [05/Jan/2013:10:59:27 -0600] "GET /tuhs.org/PDP-11/Trees/2.11BSD/usr/src/man/man2/listen.2 HTTP/1.1" 200 1499 "-" "Mozilla/5.0 (compatible; Googlebot/2.1; +http://www.google.com/bot.html)"
180.76.5.87 - - [05/Jan/2013:11:06:30 -0600] "GET /tuhs.org/PDP-11/Trees/2.11BSD/usr/ingres/source/equel/runtime/IIingres.c HTTP/1.1" 304 - "-" "Mozilla/5.0 (compatible; Baiduspider/2.0; +http://www.baidu.com/search/spider.html)"
180.76.5.158 - - [05/Jan/2013:11:11:44 -0600] "GET /tuhs.org/PDP-11/Documentation/PUPS_Mail/2000/2100.subject HTTP/1.1" 304 - "-" "Mozilla/5.0 (compatible; Baiduspider/2.0; +http://www.baidu.com/search/spider.html)"
180.76.5.180 - - [05/Jan/2013:11:27:37 -0600] "GET /tuhs.org/PDP-11/Trees/2.11BSD/usr/ingres/source/scanner/parser.c HTTP/1.1" 200 3921 "-" "Mozilla/5.0 (compatible; Baiduspider/2.0; +http://www.baidu.com/search/spider.html)"
66.249.73.84 - - [05/Jan/2013:11:28:15 -0600] "GET /tuhs.org/PDP-11/Trees/V6/usr/man/man1/nm.1 HTTP/1.1" 200 1042 "-" "Mozilla/5.0 (compatible; Googlebot/2.1; +http://www.google.com/bot.html)"
180.76.5.197 - - [05/Jan/2013:11:42:21 -0600] "GET /tuhs.org/PDP-11/Trees/2.11BSD/sys/netns/?C=N;O=A HTTP/1.1" 200 1448 "-" "Mozilla/5.0 (compatible; Baiduspider/2.0; +http://www.baidu.com/search/spider.html)"
65.55.213.72 - - [05/Jan/2013:11:43:39 -0600] "GET / HTTP/1.1" 200 10762 "-" "msnbot/2.0b (+http://search.msn.com/msnbot.htm)"
65.55.213.70 - - [05/Jan/2013:11:43:52 -0600] "GET /user/password HTTP/1.1" 200 7329 "-" "msnbot/2.0b (+http://search.msn.com/msnbot.htm)"
65.55.213.70 - - [05/Jan/2013:11:44:03 -0600] "GET /user/login?destination=node/3%23comment-form HTTP/1.1" 200 7719 "-" "msnbot/2.0b (+http://search.msn.com/msnbot.htm)"
65.55.213.70 - - [05/Jan/2013:11:44:14 -0600] "GET /node/3 HTTP/1.1" 200 9293 "-" "msnbot/2.0b (+http://search.msn.com/msnbot.htm)"
65.55.213.70 - - [05/Jan/2013:11:44:25 -0600] "GET /rss.xml HTTP/1.1" 200 1968 "-" "msnbot/2.0b (+http://search.msn.com/msnbot.htm)"
65.55.213.72 - - [05/Jan/2013:11:44:35 -0600] "GET /user/login?destination=node/4%23comment-form HTTP/1.1" 200 7719 "-" "msnbot/2.0b (+http://search.msn.com/msnbot.htm)"
65.55.213.72 - - [05/Jan/2013:11:44:46 -0600] "GET /projects HTTP/1.1" 200 8895 "-" "msnbot/2.0b (+http://search.msn.com/msnbot.htm)"
65.55.213.70 - - [05/Jan/2013:11:44:57 -0600] "GET /node/4 HTTP/1.1" 200 9252 "-" "msnbot/2.0b (+http://search.msn.com/msnbot.htm)"
180.76.5.141 - - [05/Jan/2013:11:50:26 -0600] "GET /tuhs.org/PDP-11/Trees/2.11BSD/usr/doc/smm/01.setup/4.t HTTP/1.1" 200 41369 "-" "Mozilla/5.0 (compatible; Baiduspider/2.0; +http://www.baidu.com/search/spider.html)"
66.249.73.84 - - [05/Jan/2013:11:57:15 -0600] "GET /tuhs.org/PDP-11/Trees/V6/usr/man/man1/comm.1 HTTP/1.1" 200 659 "-" "Mozilla/5.0 (compatible; Googlebot/2.1; +http://www.google.com/bot.html)"
180.76.5.148 - - [05/Jan/2013:12:03:21 -0600] "GET /tuhs.org/PDP-11/Trees/2.11BSD/usr/man/cat3/inet_addr.0 HTTP/1.1" 200 3841 "-" "Mozilla/5.0 (compatible; Baiduspider/2.0; +http://www.baidu.com/search/spider.html)"
176.199.127.241 - - [05/Jan/2013:12:09:59 -0600] "GET / HTTP/1.1" 200 10762 "samplx.org" "Mozilla/4.0 (compatible; MSIE 7.0; Windows NT 5.1; SV1; .NET CLR 2.0.50727)"
176.199.127.241 - - [05/Jan/2013:12:10:00 -0600] "GET /samplx.org HTTP/1.1" 404 7398 "samplx.org" "Mozilla/5.0 (Windows NT 6.1; WOW64) AppleWebKit/535.1 (KHTML, like Gecko) Chrome/13.0.782.112 Safari/535.1"
176.199.127.241 - - [05/Jan/2013:12:10:01 -0600] "GET /samplx.org/?q=user/register HTTP/1.1" 403 6223 "samplx.org/samplx.org" "Mozilla/4.0 (compatible; MSIE 7.0; Windows NT 5.1; SV1; .NET CLR 2.0.50727)"
66.249.73.84 - - [05/Jan/2013:12:29:39 -0600] "GET /tuhs.org/PDP-11/Trees/V6/usr/man/man1/spell.1 HTTP/1.1" 200 1136 "-" "Mozilla/5.0 (compatible; Googlebot/2.1; +http://www.google.com/bot.html)"
180.76.5.49 - - [05/Jan/2013:12:31:10 -0600] "GET / HTTP/1.1" 200 10762 "-" "Mozilla/5.0 (compatible; Baiduspider/2.0; +http://www.baidu.com/search/spider.html)"
180.76.5.113 - - [05/Jan/2013:12:34:36 -0600] "GET /tuhs.org/PDP-11/Distributions/ucb/2.9-derivatives/2.9-pro350/stand/rdfmt.c HTTP/1.1" 304 - "-" "Mozilla/5.0 (compatible; Baiduspider/2.0; +http://www.baidu.com/search/spider.html)"
180.76.5.160 - - [05/Jan/2013:12:47:35 -0600] "GET /tuhs.org/PDP-11/Documentation/PUPS_Mail/1000/1000.subject HTTP/1.1" 304 - "-" "Mozilla/5.0 (compatible; Baiduspider/2.0; +http://www.baidu.com/search/spider.html)"
66.249.73.84 - - [05/Jan/2013:12:58:20 -0600] "GET /tuhs.org/PDP-11/Trees/V6/usr/man/man1/strip.1 HTTP/1.1" 200 465 "-" "Mozilla/5.0 (compatible; Googlebot/2.1; +http://www.google.com/bot.html)"
180.76.5.180 - - [05/Jan/2013:13:01:59 -0600] "GET /tuhs.org/PDP-11/Trees/2.11BSD/sys/machine/genassym.c HTTP/1.1" 304 - "-" "Mozilla/5.0 (compatible; Baiduspider/2.0; +http://www.baidu.com/search/spider.html)"
180.76.5.97 - - [05/Jan/2013:13:16:36 -0600] "GET /tuhs.org/PDP-11/Trees/2.11BSD/sys/OTHERS/scsi/scsi.c HTTP/1.1" 304 - "-" "Mozilla/5.0 (compatible; Baiduspider/2.0; +http://www.baidu.com/search/spider.html)"
66.249.73.84 - - [05/Jan/2013:13:29:02 -0600] "GET /tuhs.org/PDP-11/Trees/2.11BSD/usr/src/man/man2/wait.2 HTTP/1.1" 200 7864 "-" "Mozilla/5.0 (compatible; Googlebot/2.1; +http://www.google.com/bot.html)"
180.76.5.139 - - [05/Jan/2013:13:45:18 -0600] "GET /tuhs.org/PDP-11/Trees/2.11BSD/sys/pdpif/if_qereg.h HTTP/1.1" 304 - "-" "Mozilla/5.0 (compatible; Baiduspider/2.0; +http://www.baidu.com/search/spider.html)"
66.249.73.84 - - [05/Jan/2013:13:50:51 -0600] "GET /tuhs.org/PDP-11/Documentation/v7_regen.ps HTTP/1.1" 200 34455 "-" "Googlebot/2.1 (+http://www.google.com/bot.html)"
66.249.73.84 - - [05/Jan/2013:13:58:44 -0600] "GET /tuhs.org/PDP-11/Trees/2.11BSD/usr/src/man/man2/chflags.2 HTTP/1.1" 200 4463 "-" "Mozilla/5.0 (compatible; Googlebot/2.1; +http://www.google.com/bot.html)"
180.76.5.141 - - [05/Jan/2013:14:00:46 -0600] "GET /tuhs.org/PDP-11/Trees/2.11BSD/usr/doc/2.10/setup.2.10/a.t HTTP/1.1" 200 19989 "-" "Mozilla/5.0 (compatible; Baiduspider/2.0; +http://www.baidu.com/search/spider.html)"
180.76.5.167 - - [05/Jan/2013:14:15:02 -0600] "GET /tuhs.org/PDP-11/Trees/2.11BSD/usr/doc/misc/berknet/masters.n HTTP/1.1" 200 37496 "-" "Mozilla/5.0 (compatible; Baiduspider/2.0; +http://www.baidu.com/search/spider.html)"
66.249.73.84 - - [05/Jan/2013:14:21:03 -0600] "GET /tuhs.org/PDP-11/Trees/V6/usr/man/man1/mkdir.1 HTTP/1.1" 200 266 "-" "Mozilla/5.0 (compatible; Googlebot/2.1; +http://www.google.com/bot.html)"
180.76.5.111 - - [05/Jan/2013:14:28:31 -0600] "GET /tuhs.org/PDP-11/Trees/2.11BSD/usr/doc/smm/13.kchanges/vax.t HTTP/1.1" 200 11783 "-" "Mozilla/5.0 (compatible; Baiduspider/2.0; +http://www.baidu.com/search/spider.html)"
180.76.5.163 - - [05/Jan/2013:14:44:02 -0600] "GET /tuhs.org/PDP-11/Trees/2.11BSD/usr/doc/usd/18.sed/sed HTTP/1.1" 304 - "-" "Mozilla/5.0 (compatible; Baiduspider/2.0; +http://www.baidu.com/search/spider.html)"
66.249.73.84 - - [05/Jan/2013:14:49:51 -0600] "GET /tuhs.org/PDP-11/Trees/V6/usr/man/man1/sh.1 HTTP/1.1" 200 9730 "-" "Mozilla/5.0 (compatible; Googlebot/2.1; +http://www.google.com/bot.html)"
180.76.6.232 - - [05/Jan/2013:14:58:14 -0600] "GET /tuhs.org/PDP-11/Trees/2.11BSD/usr/ingres/source/dbu/ksort.c HTTP/1.1" 200 10024 "-" "Mozilla/5.0 (compatible; Baiduspider/2.0; +http://www.baidu.com/search/spider.html)"
180.76.5.51 - - [05/Jan/2013:15:11:50 -0600] "GET /tuhs.org/PDP-11/Trees/2.11BSD/usr/src/ HTTP/1.1" 200 1316 "-" "Mozilla/5.0 (compatible; Baiduspider/2.0; +http://www.baidu.com/search/spider.html)"
66.249.73.84 - - [05/Jan/2013:15:21:11 -0600] "GET /tuhs.org/PDP-11/Trees/V6/usr/man/man1/tr.1 HTTP/1.1" 200 1979 "-" "Mozilla/5.0 (compatible; Googlebot/2.1; +http://www.google.com/bot.html)"
180.76.5.52 - - [05/Jan/2013:15:32:36 -0600] "GET /tuhs.org/PDP-11/Trees/2.11BSD/usr/ingres/source/iutil/trbuild.c HTTP/1.1" 304 - "-" "Mozilla/5.0 (compatible; Baiduspider/2.0; +http://www.baidu.com/search/spider.html)"
180.76.6.28 - - [05/Jan/2013:15:46:50 -0600] "GET /unix4fun.org/z80pack/imsai/bit.hex HTTP/1.1" 200 432 "-" "Mozilla/5.0 (compatible; Baiduspider/2.0; +http://www.baidu.com/search/spider.html)"
66.249.73.84 - - [05/Jan/2013:15:48:59 -0600] "GET /tuhs.org/PDP-11/Trees/2.11BSD/usr/src/man/man2/sigvec.2 HTTP/1.1" 200 10659 "-" "Mozilla/5.0 (compatible; Googlebot/2.1; +http://www.google.com/bot.html)"
180.76.5.62 - - [05/Jan/2013:16:01:16 -0600] "GET /tuhs.org/PDP-11/Trees/2.11BSD/usr/ingres/source/scanner/?C=M;O=A HTTP/1.1" 200 1010 "-" "Mozilla/5.0 (compatible; Baiduspider/2.0; +http://www.baidu.com/search/spider.html)"
66.249.73.84 - - [05/Jan/2013:16:17:26 -0600] "GET /tuhs.org/PDP-11/Trees/2.11BSD/usr/src/man/man2/getsockname.2 HTTP/1.1" 200 1270 "-" "Mozilla/5.0 (compatible; Googlebot/2.1; +http://www.google.com/bot.html)"
180.76.5.58 - - [05/Jan/2013:16:18:10 -0600] "GET /tuhs.org/PDP-11/Trees/2.11BSD/usr/man/cat2/socketpair.0 HTTP/1.1" 304 - "-" "Mozilla/5.0 (compatible; Baiduspider/2.0; +http://www.baidu.com/search/spider.html)"
180.76.5.92 - - [05/Jan/2013:16:29:23 -0600] "GET /tuhs.org/PDP-11/Trees/2.11BSD/usr/src/games/rogue/ HTTP/1.1" 200 1582 "-" "Mozilla/5.0 (compatible; Baiduspider/2.0; +http://www.baidu.com/search/spider.html)"
180.76.6.224 - - [05/Jan/2013:16:44:03 -0600] "GET /tuhs.org/PDP-11/Trees/2.11BSD/usr/src/lib/libc/pdp/gen/bcopy.s HTTP/1.1" 200 3781 "-" "Mozilla/5.0 (compatible; Baiduspider/2.0; +http://www.baidu.com/search/spider.html)"
66.249.73.84 - - [05/Jan/2013:16:47:57 -0600] "GET /tuhs.org/PDP-11/Trees/V6/usr/man/man1/rev.1 HTTP/1.1" 200 212 "-" "Mozilla/5.0 (compatible; Googlebot/2.1; +http://www.google.com/bot.html)"
180.76.5.52 - - [05/Jan/2013:16:59:44 -0600] "GET /tuhs.org/PDP-11/Trees/2.11BSD/usr/src/libexec/popper/ HTTP/1.1" 200 1914 "-" "Mozilla/5.0 (compatible; Baiduspider/2.0; +http://www.baidu.com/search/spider.html)"
85.214.21.33 - - [05/Jan/2013:17:00:49 -0600] "GET / HTTP/1.0" 200 10762 "-" "-"
85.214.21.33 - - [05/Jan/2013:17:00:52 -0600] "GET / HTTP/1.0" 200 10762 "-" "-"
184.73.55.214 - - [05/Jan/2013:17:10:08 -0600] "GET / HTTP/1.0" 200 10854 "http://www.go-profitclicking.com" "-"
180.76.5.166 - - [05/Jan/2013:17:13:01 -0600] "GET /tuhs.org/PDP-11/Trees/2.11BSD/usr/src/local/mp/Data/NewsDigest HTTP/1.1" 304 - "-" "Mozilla/5.0 (compatible; Baiduspider/2.0; +http://www.baidu.com/search/spider.html)"
66.249.73.84 - - [05/Jan/2013:17:18:47 -0600] "GET /tuhs.org/PDP-11/Trees/2.11BSD/usr/src/man/man2/acct.2 HTTP/1.1" 200 2198 "-" "Mozilla/5.0 (compatible; Googlebot/2.1; +http://www.google.com/bot.html)"
180.76.5.148 - - [05/Jan/2013:17:28:40 -0600] "GET /tuhs.org/PDP-11/Trees/2.11BSD/usr/src/man/man2/open.2 HTTP/1.1" 200 5958 "-" "Mozilla/5.0 (compatible; Baiduspider/2.0; +http://www.baidu.com/search/spider.html)"
180.76.5.98 - - [05/Jan/2013:17:43:46 -0600] "GET /tuhs.org/PDP-11/Trees/2.11BSD/usr/src/new/notes/Samples/cron.sh HTTP/1.1" 304 - "-" "Mozilla/5.0 (compatible; Baiduspider/2.0; +http://www.baidu.com/search/spider.html)"
66.249.73.84 - - [05/Jan/2013:17:47:07 -0600] "GET /tuhs.org/PDP-11/Trees/V6/usr/man/man1/mail.1 HTTP/1.1" 200 1267 "-" "Mozilla/5.0 (compatible; Googlebot/2.1; +http://www.google.com/bot.html)"
180.76.5.169 - - [05/Jan/2013:17:56:53 -0600] "GET /tuhs.org/PDP-11/Trees/2.11BSD/usr/src/new/rn/HACKERSGUIDE HTTP/1.1" 200 4518 "-" "Mozilla/5.0 (compatible; Baiduspider/2.0; +http://www.baidu.com/search/spider.html)"
100.43.83.155 - - [05/Jan/2013:18:03:58 -0600] "GET /robots.txt HTTP/1.1" 200 1561 "-" "Mozilla/5.0 (compatible; YandexBot/3.0; +http://yandex.com/bots)"
66.249.73.84 - - [05/Jan/2013:18:03:58 -0600] "GET /tuhs.org/PDP-11/Trees/2.11BSD/usr/src/usr.bin/refer/TOFIX HTTP/1.1" 200 52 "-" "Mozilla/5.0 (compatible; Googlebot/2.1; +http://www.google.com/bot.html)"
66.249.73.84 - - [05/Jan/2013:18:11:27 -0600] "GET /tuhs.org/PDP-11/Trees/V6/usr/man/man1/uniq.1 HTTP/1.1" 200 1344 "-" "Mozilla/5.0 (compatible; Googlebot/2.1; +http://www.google.com/bot.html)"
66.249.73.84 - - [05/Jan/2013:18:11:54 -0600] "GET /tuhs.org/PDP-11/Trees/2.11BSD/usr/doc/misc/px/fig2.3.raw HTTP/1.1" 304 - "-" "Googlebot-Image/1.0"
180.76.5.175 - - [05/Jan/2013:18:13:19 -0600] "GET /tuhs.org/PDP-11/Trees/2.11BSD/usr/src/new/rn/Rnmail HTTP/1.1" 304 - "-" "Mozilla/5.0 (compatible; Baiduspider/2.0; +http://www.baidu.com/search/spider.html)"
180.76.5.146 - - [05/Jan/2013:18:33:21 -0600] "GET /tuhs.org/PDP-11/Trees/2.11BSD/usr/src/share/ms/s.tbl HTTP/1.1" 200 1115 "-" "Mozilla/5.0 (compatible; Baiduspider/2.0; +http://www.baidu.com/search/spider.html)"
66.249.73.84 - - [05/Jan/2013:18:40:15 -0600] "GET /tuhs.org/PDP-11/Trees/V6/usr/man/man1/tp.1 HTTP/1.1" 200 3654 "-" "Mozilla/5.0 (compatible; Googlebot/2.1; +http://www.google.com/bot.html)"
180.76.5.92 - - [05/Jan/2013:18:48:00 -0600] "GET /tuhs.org/PDP-11/Trees/2.11BSD/usr/src/sbin/routed/ HTTP/1.1" 200 1251 "-" "Mozilla/5.0 (compatible; Baiduspider/2.0; +http://www.baidu.com/search/spider.html)"
180.76.5.167 - - [05/Jan/2013:19:03:23 -0600] "GET /tuhs.org/PDP-11/Trees/2.11BSD/usr/src/sys/autoconfig/attach.c HTTP/1.1" 200 3884 "-" "Mozilla/5.0 (compatible; Baiduspider/2.0; +http://www.baidu.com/search/spider.html)"
66.249.73.84 - - [05/Jan/2013:19:04:49 -0600] "GET /oak.oakland.edu/sigm/vol116/i/ HTTP/1.1" 200 528 "-" "Mozilla/5.0 (compatible; Googlebot/2.1; +http://www.google.com/bot.html)"
66.249.73.84 - - [05/Jan/2013:19:05:05 -0600] "GET /tuhs.org/PDP-11/Trees/V7/usr/src/cmd/tp/tp0.c HTTP/1.1" 200 37 "-" "Mozilla/5.0 (compatible; Googlebot/2.1; +http://www.google.com/bot.html)"
66.249.73.84 - - [05/Jan/2013:19:06:01 -0600] "GET /tuhs.org/PDP-11/Trees/2.11BSD/usr/src/sbin/XNSrouted/ HTTP/1.1" 200 633 "-" "Mozilla/5.0 (compatible; Googlebot/2.1; +http://www.google.com/bot.html)"
66.249.73.84 - - [05/Jan/2013:19:06:27 -0600] "GET /tuhs.org/PDP-11/Trees/2.11BSD/usr/src/sbin/newfs/ HTTP/1.1" 200 657 "-" "Mozilla/5.0 (compatible; Googlebot/2.1; +http://www.google.com/bot.html)"
66.249.73.84 - - [05/Jan/2013:19:09:12 -0600] "GET /tuhs.org/PDP-11/Trees/2.11BSD/usr/src/man/man2/shutdown.2 HTTP/1.1" 200 1018 "-" "Mozilla/5.0 (compatible; Googlebot/2.1; +http://www.google.com/bot.html)"
66.249.73.84 - - [05/Jan/2013:19:17:39 -0600] "GET /tuhs.org/PDP-11/Trees/2.11BSD/usr/src/sbin/swapon/ HTTP/1.1" 200 663 "-" "Mozilla/5.0 (compatible; Googlebot/2.1; +http://www.google.com/bot.html)"
180.76.6.29 - - [05/Jan/2013:19:17:43 -0600] "GET /tuhs.org/PDP-11/Trees/2.11BSD/usr/src/sys/pdpstand/tm.c HTTP/1.1" 200 2478 "-" "Mozilla/5.0 (compatible; Baiduspider/2.0; +http://www.baidu.com/search/spider.html)"
66.249.73.84 - - [05/Jan/2013:19:24:39 -0600] "GET /tuhs.org/PDP-11/Trees/2.11BSD/usr/src/sbin/reboot/ HTTP/1.1" 200 663 "-" "Mozilla/5.0 (compatible; Googlebot/2.1; +http://www.google.com/bot.html)"
180.76.6.223 - - [05/Jan/2013:19:29:25 -0600] "GET /tuhs.org/PDP-11/Trees/2.11BSD/usr/src/ucb/ftp/domacro.c HTTP/1.1" 304 - "-" "Mozilla/5.0 (compatible; Baiduspider/2.0; +http://www.baidu.com/search/spider.html)"
66.249.73.84 - - [05/Jan/2013:19:34:55 -0600] "GET /tuhs.org/PDP-11/Distributions/dec/Ultrix-11/Fred-Ultrix3/ HTTP/1.1" 200 852 "-" "Mozilla/5.0 (compatible; Googlebot/2.1; +http://www.google.com/bot.html)"
66.249.73.84 - - [05/Jan/2013:19:36:36 -0600] "GET /tuhs.org/PDP-11/Trees/2.11BSD/usr/src/man/man2/sigaltstack.2 HTTP/1.1" 200 5461 "-" "Mozilla/5.0 (compatible; Googlebot/2.1; +http://www.google.com/bot.html)"
66.249.73.84 - - [05/Jan/2013:19:43:20 -0600] "GET /tuhs.org/PDP-11/Trees/2.11BSD/usr/src/sbin/quotacheck/ HTTP/1.1" 200 727 "-" "Mozilla/5.0 (compatible; Googlebot/2.1; +http://www.google.com/bot.html)"
180.76.5.190 - - [05/Jan/2013:19:43:55 -0600] "GET /unix4fun.org/z80pack/imsai/i8080asm.asm HTTP/1.1" 200 28131 "-" "Mozilla/5.0 (compatible; Baiduspider/2.0; +http://www.baidu.com/search/spider.html)"
66.249.73.84 - - [05/Jan/2013:19:52:48 -0600] "GET /tuhs.org/PDP-11/Trees/2.11BSD/usr/src/sbin/dcheck/ HTTP/1.1" 200 663 "-" "Mozilla/5.0 (compatible; Googlebot/2.1; +http://www.google.com/bot.html)"
180.76.5.146 - - [05/Jan/2013:19:58:12 -0600] "GET /tuhs.org/PDP-11/Trees/2.11BSD/usr/src/ucb/lock/lock.1 HTTP/1.1" 304 - "-" "Mozilla/5.0 (compatible; Baiduspider/2.0; +http://www.baidu.com/search/spider.html)"
66.249.73.84 - - [05/Jan/2013:19:58:59 -0600] "GET /tuhs.org/PDP-11/Trees/2.11BSD/usr/src/sbin/ HTTP/1.1" 200 1766 "-" "Mozilla/5.0 (compatible; Googlebot/2.1; +http://www.google.com/bot.html)"
66.249.73.84 - - [05/Jan/2013:20:02:17 -0600] "GET /tuhs.org/PDP-11/Trees/2.11BSD/sys/QT/il.h HTTP/1.1" 200 14 "-" "Mozilla/5.0 (compatible; Googlebot/2.1; +http://www.google.com/bot.html)"
66.249.73.84 - - [05/Jan/2013:20:14:13 -0600] "GET /tuhs.org/PDP-11/Distributions/dec/Ultrix-11/Fred-Ultrix3/setup-3.1.txt HTTP/1.1" 200 25497 "-" "Mozilla/5.0 (compatible; Googlebot/2.1; +http://www.google.com/bot.html)"
180.76.5.162 - - [05/Jan/2013:20:14:46 -0600] "GET /tuhs.org/PDP-11/Trees/2.11BSD/usr/src/usr.bin/diction/dict.c HTTP/1.1" 304 - "-" "Mozilla/5.0 (compatible; Baiduspider/2.0; +http://www.baidu.com/search/spider.html)"
66.249.73.84 - - [05/Jan/2013:20:17:04 -0600] "GET /tuhs.org/PDP-11/Trees/2.11BSD/usr/src/sbin/newfs/newfs.8 HTTP/1.1" 200 3087 "-" "Mozilla/5.0 (compatible; Googlebot/2.1; +http://www.google.com/bot.html)"
66.249.73.84 - - [05/Jan/2013:20:21:14 -0600] "GET /tuhs.org/PDP-11/Trees/V7/usr/src/cmd/awk/ HTTP/1.1" 200 1023 "-" "Mozilla/5.0 (compatible; Googlebot/2.1; +http://www.google.com/bot.html)"
66.249.73.84 - - [05/Jan/2013:20:28:18 -0600] "GET /tuhs.org/PDP-11/Distributions/dec/Ultrix-11/Fred-Ultrix3/README.ult11-3.1 HTTP/1.1" 200 1663 "-" "Mozilla/5.0 (compatible; Googlebot/2.1; +http://www.google.com/bot.html)"
180.76.5.162 - - [05/Jan/2013:20:28:26 -0600] "GET /tuhs.org/PDP-11/Trees/2.11BSD/usr/games/lib/?C=D;O=A HTTP/1.1" 200 1522 "-" "Mozilla/5.0 (compatible; Baiduspider/2.0; +http://www.baidu.com/search/spider.html)"
66.249.73.84 - - [05/Jan/2013:20:30:54 -0600] "GET /oak.oakland.edu/sigm/vol156/sig/ HTTP/1.1" 200 522 "-" "Mozilla/5.0 (compatible; Googlebot/2.1; +http://www.google.com/bot.html)"
66.249.73.84 - - [05/Jan/2013:20:40:27 -0600] "GET /oak.oakland.edu/sigm/vol195/fluf11/ HTTP/1.1" 200 528 "-" "Mozilla/5.0 (compatible; Googlebot/2.1; +http://www.google.com/bot.html)"
180.76.5.52 - - [05/Jan/2013:20:42:48 -0600] "GET /tuhs.org/PDP-11/Trees/2.11BSD/usr/src/usr.bin/struct/1.fort.c HTTP/1.1" 200 5049 "-" "Mozilla/5.0 (compatible; Baiduspider/2.0; +http://www.baidu.com/search/spider.html)"
66.249.73.84 - - [05/Jan/2013:20:47:18 -0600] "GET /tuhs.org/PDP-11/Trees/2.11BSD/usr/src/sbin/newfs/newfs.c HTTP/1.1" 200 5879 "-" "Mozilla/5.0 (compatible; Googlebot/2.1; +http://www.google.com/bot.html)"
66.249.73.84 - - [05/Jan/2013:20:50:04 -0600] "GET /oak.oakland.edu/sigm/vol151/sig/ HTTP/1.1" 200 522 "-" "Mozilla/5.0 (compatible; Googlebot/2.1; +http://www.google.com/bot.html)"
180.76.5.113 - - [05/Jan/2013:20:56:52 -0600] "GET /tuhs.org/PDP-11/Trees/2.11BSD/usr/src/usr.lib/libstubs/stubtest.c HTTP/1.1" 304 - "-" "Mozilla/5.0 (compatible; Baiduspider/2.0; +http://www.baidu.com/search/spider.html)"
66.249.73.84 - - [05/Jan/2013:20:59:40 -0600] "GET /oak.oakland.edu/sigm/vol172/sig/ HTTP/1.1" 200 522 "-" "Mozilla/5.0 (compatible; Googlebot/2.1; +http://www.google.com/bot.html)"
66.249.73.84 - - [05/Jan/2013:21:09:21 -0600] "GET /oak.oakland.edu/sigm/vol100/sig/ HTTP/1.1" 200 522 "-" "Mozilla/5.0 (compatible; Googlebot/2.1; +http://www.google.com/bot.html)"
180.76.5.194 - - [05/Jan/2013:21:11:44 -0600] "GET /tuhs.org/PDP-11/Trees/2.11BSD/usr/src/usr.sbin/named/named/db_dump.c HTTP/1.1" 200 18522 "-" "Mozilla/5.0 (compatible; Baiduspider/2.0; +http://www.baidu.com/search/spider.html)"
66.249.73.84 - - [05/Jan/2013:21:17:23 -0600] "GET /oak.oakland.edu/sigm/vol107/sig/ HTTP/1.1" 200 522 "-" "Mozilla/5.0 (compatible; Googlebot/2.1; +http://www.google.com/bot.html)"
66.249.73.84 - - [05/Jan/2013:21:18:55 -0600] "GET /oak.oakland.edu/sigm/vol166/sig/ HTTP/1.1" 200 522 "-" "Mozilla/5.0 (compatible; Googlebot/2.1; +http://www.google.com/bot.html)"
66.249.73.84 - - [05/Jan/2013:21:20:38 -0600] "GET /tuhs.org/PDP-11/Distributions/dec/Ultrix-11/Fred-Ultrix3/README.ult11-3.0 HTTP/1.1" 200 892 "-" "Mozilla/5.0 (compatible; Googlebot/2.1; +http://www.google.com/bot.html)"
66.249.73.84 - - [05/Jan/2013:21:28:31 -0600] "GET /oak.oakland.edu/sigm/vol154/sig/ HTTP/1.1" 200 522 "-" "Mozilla/5.0 (compatible; Googlebot/2.1; +http://www.google.com/bot.html)"
180.76.5.146 - - [05/Jan/2013:21:33:56 -0600] "GET /tuhs.org/PDP-11/Trees/2.11BSD/usr/src/usr.sbin/sendmail.MX/src/err.c HTTP/1.1" 304 - "-" "Mozilla/5.0 (compatible; Baiduspider/2.0; +http://www.baidu.com/search/spider.html)"
66.249.73.84 - - [05/Jan/2013:21:38:12 -0600] "GET /oak.oakland.edu/sigm/vol111/sig/ HTTP/1.1" 200 522 "-" "Mozilla/5.0 (compatible; Googlebot/2.1; +http://www.google.com/bot.html)"
66.249.73.84 - - [05/Jan/2013:21:41:41 -0600] "GET /tuhs.org/PDP-11/Trees/2.11BSD/usr/src/sbin/newfs/Makefile HTTP/1.1" 200 698 "-" "Mozilla/5.0 (compatible; Googlebot/2.1; +http://www.google.com/bot.html)"
180.76.5.98 - - [05/Jan/2013:21:46:07 -0600] "GET /tuhs.org/PDP-11/Trees/2.11BSD/usr/src/usr.sbin/sendmail/doc/usenix.me HTTP/1.1" 304 - "-" "Mozilla/5.0 (compatible; Baiduspider/2.0; +http://www.baidu.com/search/spider.html)"
66.249.73.84 - - [05/Jan/2013:21:47:44 -0600] "GET /oak.oakland.edu/sigm/vol121/sig/ HTTP/1.1" 200 522 "-" "Mozilla/5.0 (compatible; Googlebot/2.1; +http://www.google.com/bot.html)"
66.249.73.84 - - [05/Jan/2013:21:57:30 -0600] "GET /oak.oakland.edu/sigm/vol177/sig/ HTTP/1.1" 200 522 "-" "Mozilla/5.0 (compatible; Googlebot/2.1; +http://www.google.com/bot.html)"
180.76.5.59 - - [05/Jan/2013:22:03:18 -0600] "GET /tuhs.org/PDP-11/Trees/2.11BSD/usr/src/usr.sbin/traceroute/ HTTP/1.1" 200 825 "-" "Mozilla/5.0 (compatible; Baiduspider/2.0; +http://www.baidu.com/search/spider.html)"
66.249.73.84 - - [05/Jan/2013:22:07:21 -0600] "GET /oak.oakland.edu/sigm/vol161/sig/ HTTP/1.1" 200 522 "-" "Mozilla/5.0 (compatible; Googlebot/2.1; +http://www.google.com/bot.html)"
66.249.73.84 - - [05/Jan/2013:22:08:06 -0600] "GET /tuhs.org/PDP-11/Trees/2.11BSD/usr/src/sbin/mknod/ HTTP/1.1" 200 657 "-" "Mozilla/5.0 (compatible; Googlebot/2.1; +http://www.google.com/bot.html)"
180.76.5.184 - - [05/Jan/2013:22:15:56 -0600] "GET /tuhs.org/PDP-11/Trees/2.11BSD/usr/src/games/sail/ HTTP/1.1" 200 1862 "-" "Mozilla/5.0 (compatible; Baiduspider/2.0; +http://www.baidu.com/search/spider.html)"
66.249.73.84 - - [05/Jan/2013:22:17:08 -0600] "GET /oak.oakland.edu/sigm/vol124/sig/ HTTP/1.1" 200 522 "-" "Mozilla/5.0 (compatible; Googlebot/2.1; +http://www.google.com/bot.html)"
66.249.73.84 - - [05/Jan/2013:22:27:02 -0600] "GET /oak.oakland.edu/sigm/vol092/sig/ HTTP/1.1" 200 522 "-" "Mozilla/5.0 (compatible; Googlebot/2.1; +http://www.google.com/bot.html)"
180.76.5.195 - - [05/Jan/2013:22:28:55 -0600] "GET /tuhs.org/PDP-11/Trees/V6/usr/doc/yacc/ss8 HTTP/1.1" 304 - "-" "Mozilla/5.0 (compatible; Baiduspider/2.0; +http://www.baidu.com/search/spider.html)"
66.249.73.84 - - [05/Jan/2013:22:36:58 -0600] "GET /oak.oakland.edu/sigm/vol165/sig/ HTTP/1.1" 200 522 "-" "Mozilla/5.0 (compatible; Googlebot/2.1; +http://www.google.com/bot.html)"
66.249.73.84 - - [05/Jan/2013:22:37:24 -0600] "GET /tuhs.org/PDP-11/Trees/2.11BSD/usr/src/sbin/testnet/ HTTP/1.1" 200 625 "-" "Mozilla/5.0 (compatible; Googlebot/2.1; +http://www.google.com/bot.html)"
100.43.83.155 - - [05/Jan/2013:22:38:16 -0600] "GET /unix4fun.org/z80pack/sources/cpm1975/bdos-original.plm HTTP/1.1" 304 - "-" "Mozilla/5.0 (compatible; YandexBot/3.0; +http://yandex.com/bots)"
180.76.5.51 - - [05/Jan/2013:22:43:18 -0600] "GET /tuhs.org/PDP-11/Trees/V6/usr/source/salloc/alloc2.s HTTP/1.1" 304 - "-" "Mozilla/5.0 (compatible; Baiduspider/2.0; +http://www.baidu.com/search/spider.html)"
66.249.73.84 - - [05/Jan/2013:22:46:58 -0600] "GET /oak.oakland.edu/sigm/vol148/sig/ HTTP/1.1" 200 522 "-" "Mozilla/5.0 (compatible; Googlebot/2.1; +http://www.google.com/bot.html)"
66.249.73.84 - - [05/Jan/2013:22:56:54 -0600] "GET /oak.oakland.edu/sigm/vol116/sig/ HTTP/1.1" 200 522 "-" "Mozilla/5.0 (compatible; Googlebot/2.1; +http://www.google.com/bot.html)"
66.249.73.84 - - [05/Jan/2013:22:59:07 -0600] "GET /tuhs.org/PDP-11/Trees/2.11BSD/usr/src/sbin/dcheck/Makefile HTTP/1.1" 200 710 "-" "Mozilla/5.0 (compatible; Googlebot/2.1; +http://www.google.com/bot.html)"
180.76.5.163 - - [05/Jan/2013:23:00:35 -0600] "GET /tuhs.org/PDP-11/Trees/V7/usr/doc/edtut/e5 HTTP/1.1" 304 - "-" "Mozilla/5.0 (compatible; Baiduspider/2.0; +http://www.baidu.com/search/spider.html)"
66.249.73.84 - - [05/Jan/2013:23:06:48 -0600] "GET /oak.oakland.edu/sigm/vol145/sig/ HTTP/1.1" 200 522 "-" "Mozilla/5.0 (compatible; Googlebot/2.1; +http://www.google.com/bot.html)"
180.76.5.89 - - [05/Jan/2013:23:14:07 -0600] "GET /tuhs.org/PDP-11/Trees/V7/usr/man/man6/quiz.6 HTTP/1.1" 200 1639 "-" "Mozilla/5.0 (compatible; Baiduspider/2.0; +http://www.baidu.com/search/spider.html)"
66.249.73.84 - - [05/Jan/2013:23:16:48 -0600] "GET /oak.oakland.edu/sigm/vol104/sig/ HTTP/1.1" 200 522 "-" "Mozilla/5.0 (compatible; Googlebot/2.1; +http://www.google.com/bot.html)"
66.249.73.84 - - [05/Jan/2013:23:26:57 -0600] "GET /oak.oakland.edu/sigm/vol094/sig/ HTTP/1.1" 200 522 "-" "Mozilla/5.0 (compatible; Googlebot/2.1; +http://www.google.com/bot.html)"
66.249.73.84 - - [05/Jan/2013:23:29:18 -0600] "GET /tuhs.org/PDP-11/Trees/2.11BSD/usr/src/sbin/dcheck/dcheck.8 HTTP/1.1" 200 1552 "-" "Mozilla/5.0 (compatible; Googlebot/2.1; +http://www.google.com/bot.html)"
180.76.5.145 - - [05/Jan/2013:23:29:29 -0600] "GET /tuhs.org/PDP-11/Trees/V7/usr/src/cmd/mesg.c HTTP/1.1" 200 779 "-" "Mozilla/5.0 (compatible; Baiduspider/2.0; +http://www.baidu.com/search/spider.html)"
66.249.73.84 - - [05/Jan/2013:23:37:16 -0600] "GET /oak.oakland.edu/sigm/vol120/sig/ HTTP/1.1" 200 522 "-" "Mozilla/5.0 (compatible; Googlebot/2.1; +http://www.google.com/bot.html)"
180.76.5.89 - - [05/Jan/2013:23:41:41 -0600] "GET /tuhs.org/PDP-11/Trees/2.11BSD/usr/src/lib/ccom/TEST/?C=D;O=A HTTP/1.1" 200 1261 "-" "Mozilla/5.0 (compatible; Baiduspider/2.0; +http://www.baidu.com/search/spider.html)"
66.249.73.84 - - [05/Jan/2013:23:47:36 -0600] "GET /oak.oakland.edu/sigm/vol163/sig/ HTTP/1.1" 200 522 "-" "Mozilla/5.0 (compatible; Googlebot/2.1; +http://www.google.com/bot.html)"
180.76.5.193 - - [05/Jan/2013:23:56:52 -0600] "GET /tuhs.org/PDP-11/Documentation/TUHSarchive_sites.html HTTP/1.1" 404 7669 "-" "Mozilla/5.0 (compatible; Baiduspider/2.0; +http://www.baidu.com/search/spider.html)"
66.249.73.84 - - [05/Jan/2013:23:57:58 -0600] "GET /oak.oakland.edu/sigm/vol155/add/ HTTP/1.1" 200 526 "-" "Mozilla/5.0 (compatible; Googlebot/2.1; +http://www.google.com/bot.html)"
66.249.73.84 - - [05/Jan/2013:23:58:13 -0600] "GET /tuhs.org/PDP-11/Trees/2.11BSD/usr/src/sbin/dcheck/dcheck.c HTTP/1.1" 200 5383 "-" "Mozilla/5.0 (compatible; Googlebot/2.1; +http://www.google.com/bot.html)"
66.249.73.84 - - [06/Jan/2013:00:08:20 -0600] "GET /oak.oakland.edu/sigm/vol176/sig/ HTTP/1.1" 200 522 "-" "Mozilla/5.0 (compatible; Googlebot/2.1; +http://www.google.com/bot.html)"
180.76.5.138 - - [06/Jan/2013:00:11:52 -0600] "GET /tuhs.org/PDP-11/Trees/V7/usr/src/libF77/d_asin.c HTTP/1.1" 200 67 "-" "Mozilla/5.0 (compatible; Baiduspider/2.0; +http://www.baidu.com/search/spider.html)"
180.76.5.59 - - [06/Jan/2013:00:15:26 -0600] "GET /tuhs.org/PDP-11/Trees/2.11BSD/usr/src/usr.lib/ HTTP/1.1" 200 1348 "-" "Mozilla/5.0 (compatible; Baiduspider/2.0; +http://www.baidu.com/search/spider.html)"
66.249.73.84 - - [06/Jan/2013:00:18:42 -0600] "GET /oak.oakland.edu/sigm/vol123/sig/ HTTP/1.1" 200 522 "-" "Mozilla/5.0 (compatible; Googlebot/2.1; +http://www.google.com/bot.html)"
180.76.5.150 - - [06/Jan/2013:00:18:57 -0600] "GET /tuhs.org/PDP-11/Trees/2.11BSD/usr/doc/usd/01.begin/u2 HTTP/1.1" 200 24527 "-" "Mozilla/5.0 (compatible; Baiduspider/2.0; +http://www.baidu.com/search/spider.html)"
66.249.73.84 - - [06/Jan/2013:00:29:19 -0600] "GET /oak.oakland.edu/sigm/vol137/sig/ HTTP/1.1" 200 522 "-" "Mozilla/5.0 (compatible; Googlebot/2.1; +http://www.google.com/bot.html)"
66.249.73.84 - - [06/Jan/2013:00:30:21 -0600] "GET /tuhs.org/PDP-11/Trees/2.11BSD/usr/src/sbin/umount/ HTTP/1.1" 200 663 "-" "Mozilla/5.0 (compatible; Googlebot/2.1; +http://www.google.com/bot.html)"
180.76.5.163 - - [06/Jan/2013:00:33:31 -0600] "GET /tuhs.org/PDP-11/Trees/2.11BSD/usr/doc/ps2/10.ingres/quel/destroy.nr HTTP/1.1" 304 - "-" "Mozilla/5.0 (compatible; Baiduspider/2.0; +http://www.baidu.com/search/spider.html)"
66.249.73.84 - - [06/Jan/2013:00:40:03 -0600] "GET /oak.oakland.edu/sigm/vol143/sig/ HTTP/1.1" 200 522 "-" "Mozilla/5.0 (compatible; Googlebot/2.1; +http://www.google.com/bot.html)"
180.76.5.189 - - [06/Jan/2013:00:46:59 -0600] "GET /tuhs.org/PDP-11/Trees/2.11BSD/usr/doc/ps2/09.lisp/lmacs HTTP/1.1" 304 - "-" "Mozilla/5.0 (compatible; Baiduspider/2.0; +http://www.baidu.com/search/spider.html)"
66.249.73.84 - - [06/Jan/2013:00:50:33 -0600] "GET /oak.oakland.edu/sigm/vol155/sig/ HTTP/1.1" 200 558 "-" "Mozilla/5.0 (compatible; Googlebot/2.1; +http://www.google.com/bot.html)"
66.249.73.84 - - [06/Jan/2013:00:59:23 -0600] "GET /tuhs.org/PDP-11/Trees/2.11BSD/usr/src/sbin/mkfs/ HTTP/1.1" 200 651 "-" "Mozilla/5.0 (compatible; Googlebot/2.1; +http://www.google.com/bot.html)"
66.249.73.84 - - [06/Jan/2013:01:01:10 -0600] "GET /oak.oakland.edu/sigm/vol202/rsa/ HTTP/1.1" 200 526 "-" "Mozilla/5.0 (compatible; Googlebot/2.1; +http://www.google.com/bot.html)"
180.76.5.54 - - [06/Jan/2013:01:03:17 -0600] "GET /tuhs.org/PDP-11/Trees/2.11BSD/sys/pdpstand/makesimtape.c HTTP/1.1" 304 - "-" "Mozilla/5.0 (compatible; Baiduspider/2.0; +http://www.baidu.com/search/spider.html)"
66.249.73.84 - - [06/Jan/2013:01:11:47 -0600] "GET /oak.oakland.edu/sigm/vol152/sig/ HTTP/1.1" 200 522 "-" "Mozilla/5.0 (compatible; Googlebot/2.1; +http://www.google.com/bot.html)"
180.76.5.173 - - [06/Jan/2013:01:17:02 -0600] "GET /tuhs.org/PDP-11/Trees/2.11BSD/usr/src/usr.lib/libtermlib/tputs.c HTTP/1.1" 200 2034 "-" "Mozilla/5.0 (compatible; Baiduspider/2.0; +http://www.baidu.com/search/spider.html)"
66.249.73.84 - - [06/Jan/2013:01:22:43 -0600] "GET /oak.oakland.edu/sigm/vol183/sig/ HTTP/1.1" 200 522 "-" "Mozilla/5.0 (compatible; Googlebot/2.1; +http://www.google.com/bot.html)"
66.249.73.84 - - [06/Jan/2013:01:28:02 -0600] "GET /tuhs.org/PDP-11/Trees/2.11BSD/usr/src/sbin/Makefile HTTP/1.1" 200 597 "-" "Mozilla/5.0 (compatible; Googlebot/2.1; +http://www.google.com/bot.html)"
180.76.5.159 - - [06/Jan/2013:01:31:31 -0600] "GET /tuhs.org/PDP-11/Trees/2.11BSD/sys/pdp/scb.s HTTP/1.1" 200 9116 "-" "Mozilla/5.0 (compatible; Baiduspider/2.0; +http://www.baidu.com/search/spider.html)"
66.249.73.84 - - [06/Jan/2013:01:33:39 -0600] "GET /oak.oakland.edu/sigm/vol142/sfa/ HTTP/1.1" 200 522 "-" "Mozilla/5.0 (compatible; Googlebot/2.1; +http://www.google.com/bot.html)"
66.249.73.84 - - [06/Jan/2013:01:44:36 -0600] "GET /oak.oakland.edu/sigm/vol091/sig/ HTTP/1.1" 200 522 "-" "Mozilla/5.0 (compatible; Googlebot/2.1; +http://www.google.com/bot.html)"
180.76.5.162 - - [06/Jan/2013:01:46:02 -0600] "GET /tuhs.org/PDP-11/Trees/2.11BSD/usr/src/new/nntp/server/ngmatch.c HTTP/1.1" 304 - "-" "Mozilla/5.0 (compatible; Baiduspider/2.0; +http://www.baidu.com/search/spider.html)"
66.249.73.84 - - [06/Jan/2013:01:51:13 -0600] "GET /tuhs.org/PDP-11/Trees/2.11BSD/usr/src/sbin/shutdown/ HTTP/1.1" 200 675 "-" "Mozilla/5.0 (compatible; Googlebot/2.1; +http://www.google.com/bot.html)"
66.249.73.84 - - [06/Jan/2013:01:55:30 -0600] "GET /oak.oakland.edu/sigm/vol093/sig/ HTTP/1.1" 200 522 "-" "Mozilla/5.0 (compatible; Googlebot/2.1; +http://www.google.com/bot.html)"
180.76.5.155 - - [06/Jan/2013:02:01:25 -0600] "GET /tuhs.org/PDP-11/Trees/2.11BSD/sys/bootrom/siboot.s HTTP/1.1" 304 - "-" "Mozilla/5.0 (compatible; Baiduspider/2.0; +http://www.baidu.com/search/spider.html)"
66.249.73.84 - - [06/Jan/2013:02:06:25 -0600] "GET /oak.oakland.edu/sigm/vol128/sig/ HTTP/1.1" 200 522 "-" "Mozilla/5.0 (compatible; Googlebot/2.1; +http://www.google.com/bot.html)"
180.76.5.158 - - [06/Jan/2013:02:13:43 -0600] "GET /tuhs.org/PDP-11/Trees/2.11BSD/usr/src/sys/pdpif/if_dmc.c HTTP/1.1" 304 - "-" "Mozilla/5.0 (compatible; Baiduspider/2.0; +http://www.baidu.com/search/spider.html)"
66.249.73.84 - - [06/Jan/2013:02:16:53 -0600] "GET /tuhs.org/PDP-11/Trees/2.11BSD/usr/src/sbin/routed/ HTTP/1.1" 200 1251 "-" "Mozilla/5.0 (compatible; Googlebot/2.1; +http://www.google.com/bot.html)"
66.249.73.84 - - [06/Jan/2013:02:17:42 -0600] "GET /oak.oakland.edu/sigm/vol142/sig/ HTTP/1.1" 200 522 "-" "Mozilla/5.0 (compatible; Googlebot/2.1; +http://www.google.com/bot.html)"
66.249.73.84 - - [06/Jan/2013:02:29:25 -0600] "GET /oak.oakland.edu/sigm/vol174/sig/ HTTP/1.1" 200 522 "-" "Mozilla/5.0 (compatible; Googlebot/2.1; +http://www.google.com/bot.html)"
180.76.5.138 - - [06/Jan/2013:02:29:33 -0600] "GET /tuhs.org/PDP-11/Documentation/PUPS_Html/node6.html HTTP/1.1" 200 7396 "-" "Mozilla/5.0 (compatible; Baiduspider/2.0; +http://www.baidu.com/search/spider.html)"
66.249.73.84 - - [06/Jan/2013:02:41:08 -0600] "GET /oak.oakland.edu/sigm/vol179/sig/ HTTP/1.1" 200 522 "-" "Mozilla/5.0 (compatible; Googlebot/2.1; +http://www.google.com/bot.html)"
66.249.73.84 - - [06/Jan/2013:02:41:37 -0600] "GET /tuhs.org/PDP-11/Trees/2.11BSD/usr/src/sbin/mkpasswd/ HTTP/1.1" 200 675 "-" "Mozilla/5.0 (compatible; Googlebot/2.1; +http://www.google.com/bot.html)"
180.76.6.232 - - [06/Jan/2013:02:43:16 -0600] "GET /unix4fun.org/z80pack/cpm2/axg.html HTTP/1.1" 404 7602 "-" "Mozilla/5.0 (compatible; Baiduspider/2.0; +http://www.baidu.com/search/spider.html)"
66.249.73.84 - - [06/Jan/2013:02:53:21 -0600] "GET /oak.oakland.edu/sigm/vol149/sig/ HTTP/1.1" 200 522 "-" "Mozilla/5.0 (compatible; Googlebot/2.1; +http://www.google.com/bot.html)"
180.76.5.179 - - [06/Jan/2013:02:58:34 -0600] "GET /tuhs.org/Documentation/TUHS/books.html HTTP/1.1" 304 - "-" "Mozilla/5.0 (compatible; Baiduspider/2.0; +http://www.baidu.com/search/spider.html)"
66.249.73.84 - - [06/Jan/2013:03:05:38 -0600] "GET /oak.oakland.edu/sigm/vol135/sig/ HTTP/1.1" 200 522 "-" "Mozilla/5.0 (compatible; Googlebot/2.1; +http://www.google.com/bot.html)"
100.43.83.155 - - [06/Jan/2013:03:08:25 -0600] "GET /www.cpm.z80.de/manuals/mpm2pg.pdf HTTP/1.1" 200 393824 "-" "Mozilla/5.0 (compatible; YandexBot/3.0; +http://yandex.com/bots)"
180.76.5.60 - - [06/Jan/2013:03:10:24 -0600] "GET /tuhs.org/PDP-11/Trees/2.11BSD/usr/src/sys/vaxif/if_pclreg.h HTTP/1.1" 200 2520 "-" "Mozilla/5.0 (compatible; Baiduspider/2.0; +http://www.baidu.com/search/spider.html)"
66.249.73.84 - - [06/Jan/2013:03:10:25 -0600] "GET /tuhs.org/PDP-11/Trees/2.11BSD/usr/src/sbin/icheck/ HTTP/1.1" 200 663 "-" "Mozilla/5.0 (compatible; Googlebot/2.1; +http://www.google.com/bot.html)"
66.249.73.84 - - [06/Jan/2013:03:17:57 -0600] "GET /oak.oakland.edu/sigm/vol144/sig/ HTTP/1.1" 200 522 "-" "Mozilla/5.0 (compatible; Googlebot/2.1; +http://www.google.com/bot.html)"
180.76.6.36 - - [06/Jan/2013:03:28:09 -0600] "GET /tuhs.org/PDP-11/Trees/2.11BSD/usr/src/libexec/identd/src/kernel/aux301.c HTTP/1.1" 304 - "-" "Mozilla/5.0 (compatible; Baiduspider/2.0; +http://www.baidu.com/search/spider.html)"
66.249.73.84 - - [06/Jan/2013:03:30:01 -0600] "GET /oak.oakland.edu/sigm/vol160/sig/ HTTP/1.1" 200 522 "-" "Mozilla/5.0 (compatible; Googlebot/2.1; +http://www.google.com/bot.html)"
66.249.73.84 - - [06/Jan/2013:03:39:13 -0600] "GET /tuhs.org/PDP-11/Trees/2.11BSD/usr/src/sbin/dmesg/ HTTP/1.1" 200 657 "-" "Mozilla/5.0 (compatible; Googlebot/2.1; +http://www.google.com/bot.html)"
180.76.5.100 - - [06/Jan/2013:03:41:42 -0600] "GET /tuhs.org/PDP-11/Trees/2.11BSD/usr/src/ucb/pascal/px/0x.h HTTP/1.1" 200 3053 "-" "Mozilla/5.0 (compatible; Baiduspider/2.0; +http://www.baidu.com/search/spider.html)"
66.249.73.84 - - [06/Jan/2013:03:42:09 -0600] "GET /oak.oakland.edu/sigm/vol139/sig/ HTTP/1.1" 200 522 "-" "Mozilla/5.0 (compatible; Googlebot/2.1; +http://www.google.com/bot.html)"
81.22.19.37 - - [06/Jan/2013:03:49:03 -0600] "GET /oak.oakland.edu/sigm/vol240/ HTTP/1.1" 200 1185 "https://www.google.com.bh/" "Mozilla/5.0 (Windows NT 6.1; WOW64) AppleWebKit/537.11 (KHTML, like Gecko) Chrome/23.0.1271.97 Safari/537.11"
81.22.19.37 - - [06/Jan/2013:03:49:07 -0600] "GET /favicon.ico HTTP/1.1" 404 294 "-" "Mozilla/5.0 (Windows NT 6.1; WOW64) AppleWebKit/537.11 (KHTML, like Gecko) Chrome/23.0.1271.97 Safari/537.11"
81.22.19.37 - - [06/Jan/2013:03:50:32 -0600] "GET /oak.oakland.edu/sigm/ HTTP/1.1" 200 14426 "http://samplx.org/pub/oak.oakland.edu/sigm/vol240/" "Mozilla/5.0 (Windows NT 6.1; WOW64) AppleWebKit/537.11 (KHTML, like Gecko) Chrome/23.0.1271.97 Safari/537.11"
81.22.19.37 - - [06/Jan/2013:03:50:33 -0600] "GET /favicon.ico HTTP/1.1" 404 294 "-" "Mozilla/5.0 (Windows NT 6.1; WOW64) AppleWebKit/537.11 (KHTML, like Gecko) Chrome/23.0.1271.97 Safari/537.11"
66.249.73.84 - - [06/Jan/2013:03:54:21 -0600] "GET /oak.oakland.edu/sigm/vol114/sig/ HTTP/1.1" 200 522 "-" "Mozilla/5.0 (compatible; Googlebot/2.1; +http://www.google.com/bot.html)"
180.76.6.36 - - [06/Jan/2013:03:55:07 -0600] "GET /tuhs.org/PDP-11/Trees/2.11BSD/usr/src/ucb/window/ttoutput.c HTTP/1.1" 200 1689 "-" "Mozilla/5.0 (compatible; Baiduspider/2.0; +http://www.baidu.com/search/spider.html)"
66.249.73.84 - - [06/Jan/2013:04:06:40 -0600] "GET /oak.oakland.edu/sigm/vol141/sig/ HTTP/1.1" 200 522 "-" "Mozilla/5.0 (compatible; Googlebot/2.1; +http://www.google.com/bot.html)"
66.249.73.84 - - [06/Jan/2013:04:08:01 -0600] "GET /tuhs.org/PDP-11/Trees/2.11BSD/usr/src/sbin/savecore/ HTTP/1.1" 200 675 "-" "Mozilla/5.0 (compatible; Googlebot/2.1; +http://www.google.com/bot.html)"
180.76.5.193 - - [06/Jan/2013:04:10:17 -0600] "GET /unix4fun.org/z80pack/cpm2/ch1.html HTTP/1.1" 404 7602 "-" "Mozilla/5.0 (compatible; Baiduspider/2.0; +http://www.baidu.com/search/spider.html)"
66.249.73.84 - - [06/Jan/2013:04:18:48 -0600] "GET /oak.oakland.edu/sigm/vol175/sig/ HTTP/1.1" 200 522 "-" "Mozilla/5.0 (compatible; Googlebot/2.1; +http://www.google.com/bot.html)"
180.76.5.92 - - [06/Jan/2013:04:24:10 -0600] "GET /tuhs.org/PDP-11/Trees/2.11BSD/usr/src/usr.bin/lex/ldefs.c HTTP/1.1" 304 - "-" "Mozilla/5.0 (compatible; Baiduspider/2.0; +http://www.baidu.com/search/spider.html)"
66.249.73.84 - - [06/Jan/2013:04:30:57 -0600] "GET /oak.oakland.edu/sigm/vol127/sig/ HTTP/1.1" 200 522 "-" "Mozilla/5.0 (compatible; Googlebot/2.1; +http://www.google.com/bot.html)"
180.76.5.188 - - [06/Jan/2013:04:36:52 -0600] "GET /tuhs.org/PDP-11/Trees/2.11BSD/usr/src/lib/libc/pdp/gen/strncpy.s HTTP/1.1" 200 940 "-" "Mozilla/5.0 (compatible; Baiduspider/2.0; +http://www.baidu.com/search/spider.html)"
66.249.73.84 - - [06/Jan/2013:04:43:11 -0600] "GET /oak.oakland.edu/sigm/vol147/sig/ HTTP/1.1" 200 522 "-" "Mozilla/5.0 (compatible; Googlebot/2.1; +http://www.google.com/bot.html)"
180.76.5.163 - - [06/Jan/2013:04:53:03 -0600] "GET /tuhs.org/PDP-11/Trees/2.11BSD/usr/src/usr.bin/m4/look.c HTTP/1.1" 200 3513 "-" "Mozilla/5.0 (compatible; Baiduspider/2.0; +http://www.baidu.com/search/spider.html)"
66.249.73.84 - - [06/Jan/2013:04:56:27 -0600] "GET /oak.oakland.edu/sigm/vol155/list/ HTTP/1.1" 200 528 "-" "Mozilla/5.0 (compatible; Googlebot/2.1; +http://www.google.com/bot.html)"
180.76.5.188 - - [06/Jan/2013:05:06:51 -0600] "GET /tuhs.org/PDP-11/Trees/2.11BSD/usr/doc/usd/12.edtut/e4 HTTP/1.1" 304 - "-" "Mozilla/5.0 (compatible; Baiduspider/2.0; +http://www.baidu.com/search/spider.html)"
66.249.73.84 - - [06/Jan/2013:05:07:15 -0600] "GET /tuhs.org/PDP-11/Trees/2.11BSD/usr/src/sbin/tunefs/ HTTP/1.1" 200 663 "-" "Mozilla/5.0 (compatible; Googlebot/2.1; +http://www.google.com/bot.html)"
66.249.73.84 - - [06/Jan/2013:05:09:44 -0600] "GET /oak.oakland.edu/sigm/vol155/form/ HTTP/1.1" 200 568 "-" "Mozilla/5.0 (compatible; Googlebot/2.1; +http://www.google.com/bot.html)"
180.76.5.64 - - [06/Jan/2013:05:22:17 -0600] "GET /tuhs.org/PDP-11/Trees/2.11BSD/usr/src/usr.lib/libvmf/vmf.3 HTTP/1.1" 304 - "-" "Mozilla/5.0 (compatible; Baiduspider/2.0; +http://www.baidu.com/search/spider.html)"
66.249.73.84 - - [06/Jan/2013:05:23:59 -0600] "GET /oak.oakland.edu/sigm/vol155/adbug/ HTTP/1.1" 200 526 "-" "Mozilla/5.0 (compatible; Googlebot/2.1; +http://www.google.com/bot.html)"
66.249.73.84 - - [06/Jan/2013:05:27:13 -0600] "GET /tuhs.org/PDP-11/Trees/2.11BSD/usr/src/sbin/dumpfs/ HTTP/1.1" 200 663 "-" "Mozilla/5.0 (compatible; Googlebot/2.1; +http://www.google.com/bot.html)"
180.76.5.184 - - [06/Jan/2013:05:34:19 -0600] "GET /unix4fun.org/z80pack/imsai/lightdemo.hex HTTP/1.1" 200 305 "-" "Mozilla/5.0 (compatible; Baiduspider/2.0; +http://www.baidu.com/search/spider.html)"
100.43.83.155 - - [06/Jan/2013:05:34:42 -0600] "GET /robots.txt HTTP/1.1" 200 1561 "-" "Mozilla/5.0 (compatible; YandexBot/3.0; +http://yandex.com/bots)"
66.249.73.84 - - [06/Jan/2013:05:38:47 -0600] "GET /oak.oakland.edu/sigm/vol195/simp12/ HTTP/1.1" 200 528 "-" "Mozilla/5.0 (compatible; Googlebot/2.1; +http://www.google.com/bot.html)"
180.76.5.100 - - [06/Jan/2013:05:48:01 -0600] "GET /tuhs.org/PDP-11/Trees/2.11BSD/usr/src/usr.lib/liby/libzer.c HTTP/1.1" 200 361 "-" "Mozilla/5.0 (compatible; Baiduspider/2.0; +http://www.baidu.com/search/spider.html)"
66.249.73.84 - - [06/Jan/2013:05:52:54 -0600] "GET /oak.oakland.edu/sigm/vol112/rbbs-i/ HTTP/1.1" 200 528 "-" "Mozilla/5.0 (compatible; Googlebot/2.1; +http://www.google.com/bot.html)"
66.249.73.84 - - [06/Jan/2013:05:57:21 -0600] "GET /tuhs.org/PDP-11/Trees/2.11BSD/usr/src/sbin/mount/ HTTP/1.1" 200 897 "-" "Mozilla/5.0 (compatible; Googlebot/2.1; +http://www.google.com/bot.html)"
180.76.5.161 - - [06/Jan/2013:06:04:43 -0600] "GET /tuhs.org/PDP-11/Trees/2.11BSD/usr/src/usr.sbin/sendmail/cf.hosttable/base.m4 HTTP/1.1" 304 - "-" "Mozilla/5.0 (compatible; Baiduspider/2.0; +http://www.baidu.com/search/spider.html)"
66.249.73.84 - - [06/Jan/2013:06:09:52 -0600] "GET /tuhs.org/PDP-11/Trees/2.11BSD/sys/CURLY/rk.h HTTP/1.1" 200 14 "-" "Mozilla/5.0 (compatible; Googlebot/2.1; +http://www.google.com/bot.html)"
180.76.5.49 - - [06/Jan/2013:06:16:43 -0600] "GET /tuhs.org/PDP-11/Trees/2.11BSD/usr/src/sys/machine/DEFS.h HTTP/1.1" 304 - "-" "Mozilla/5.0 (compatible; Baiduspider/2.0; +http://www.baidu.com/search/spider.html)"
66.249.73.84 - - [06/Jan/2013:06:24:22 -0600] "GET /tuhs.org/4BSD/Distributions/tips/ HTTP/1.1" 200 690 "-" "Mozilla/5.0 (compatible; Googlebot/2.1; +http://www.google.com/bot.html)"
180.76.6.232 - - [06/Jan/2013:06:31:50 -0600] "GET /tuhs.org/PDP-11/Trees/2.11BSD/usr/src/usr.sbin/syslogd/syslogd.8 HTTP/1.1" 304 - "-" "Mozilla/5.0 (compatible; Baiduspider/2.0; +http://www.baidu.com/search/spider.html)"
66.249.73.84 - - [06/Jan/2013:06:38:26 -0600] "GET /oak.oakland.edu/cpm/disasm/ HTTP/1.1" 200 1170 "-" "Mozilla/5.0 (compatible; Googlebot/2.1; +http://www.google.com/bot.html)"
180.76.5.49 - - [06/Jan/2013:06:47:32 -0600] "GET /tuhs.org/PDP-11/Trees/V7/usr/doc/adv.ed/ae6 HTTP/1.1" 304 - "-" "Mozilla/5.0 (compatible; Baiduspider/2.0; +http://www.baidu.com/search/spider.html)"
66.249.73.84 - - [06/Jan/2013:06:53:16 -0600] "GET /tuhs.org/PDP-11/Trees/2.11BSD/sys/CURLY/dh.h HTTP/1.1" 304 - "-" "Mozilla/5.0 (compatible; Googlebot/2.1; +http://www.google.com/bot.html)"
66.249.73.84 - - [06/Jan/2013:06:56:41 -0600] "GET /tuhs.org/PDP-11/Trees/2.11BSD/usr/src/sbin/gt307/ HTTP/1.1" 200 657 "-" "Mozilla/5.0 (compatible; Googlebot/2.1; +http://www.google.com/bot.html)"
180.76.5.136 - - [06/Jan/2013:07:00:59 -0600] "GET /tuhs.org/PDP-11/Trees/V7/usr/src/cmd/mip/allo.c HTTP/1.1" 200 9474 "-" "Mozilla/5.0 (compatible; Baiduspider/2.0; +http://www.baidu.com/search/spider.html)"
66.249.73.84 - - [06/Jan/2013:07:10:06 -0600] "GET /oak.oakland.edu/cpm/c128/ HTTP/1.1" 200 4252 "-" "Mozilla/5.0 (compatible; Googlebot/2.1; +http://www.google.com/bot.html)"
100.43.83.155 - - [06/Jan/2013:07:13:56 -0600] "GET /tuhs.org/PDP-11/Trees/V6/usr/source/fort/run HTTP/1.1" 304 - "-" "Mozilla/5.0 (compatible; YandexBot/3.0; +http://yandex.com/bots)"
180.76.5.99 - - [06/Jan/2013:07:15:52 -0600] "GET /tuhs.org/Other/Coherent/DemonArchives/updates/termcap HTTP/1.1" 200 11417 "-" "Mozilla/5.0 (compatible; Baiduspider/2.0; +http://www.baidu.com/search/spider.html)"
66.249.73.84 - - [06/Jan/2013:07:26:59 -0600] "GET /tuhs.org/PDP-11/Trees/2.11BSD/usr/src/sbin/dump/ HTTP/1.1" 200 985 "-" "Mozilla/5.0 (compatible; Googlebot/2.1; +http://www.google.com/bot.html)"
180.76.5.93 - - [06/Jan/2013:07:31:54 -0600] "GET /tuhs.org/PDP-11/Trees/V7/usr/src/cmd/standalone/makefile.old HTTP/1.1" 200 1454 "-" "Mozilla/5.0 (compatible; Baiduspider/2.0; +http://www.baidu.com/search/spider.html)"
180.76.5.184 - - [06/Jan/2013:07:42:41 -0600] "GET /tuhs.org/PDP-11/Trees/V7/usr/src/cmd/uucp/imsg.c HTTP/1.1" 200 1100 "-" "Mozilla/5.0 (compatible; Baiduspider/2.0; +http://www.baidu.com/search/spider.html)"
66.249.73.84 - - [06/Jan/2013:07:51:13 -0600] "GET /tuhs.org/PDP-11/Trees/2.11BSD/usr/src/sbin/ifconfig/ HTTP/1.1" 200 675 "-" "Mozilla/5.0 (compatible; Googlebot/2.1; +http://www.google.com/bot.html)"
180.76.5.193 - - [06/Jan/2013:07:59:22 -0600] "GET /tuhs.org/PDP-11/Trees/V7/usr/src/libc/sys/creat.s HTTP/1.1" 200 268 "-" "Mozilla/5.0 (compatible; Baiduspider/2.0; +http://www.baidu.com/search/spider.html)"
180.76.5.163 - - [06/Jan/2013:08:14:41 -0600] "GET /tuhs.org/PDP-11/Trees/V7/usr/sys/dev/dhdm.c HTTP/1.1" 304 - "-" "Mozilla/5.0 (compatible; Baiduspider/2.0; +http://www.baidu.com/search/spider.html)"
66.249.73.84 - - [06/Jan/2013:08:24:38 -0600] "GET /tuhs.org/PDP-11/Trees/2.11BSD/usr/src/share/ HTTP/1.1" 200 972 "-" "Mozilla/5.0 (compatible; Googlebot/2.1; +http://www.google.com/bot.html)"
180.76.6.213 - - [06/Jan/2013:08:26:59 -0600] "GET /tuhs.org/PDP-11/Trees/2.11BSD/usr/src/games/battlestar/battlestar.c HTTP/1.1" 200 1466 "-" "Mozilla/5.0 (compatible; Baiduspider/2.0; +http://www.baidu.com/search/spider.html)"
66.249.73.84 - - [06/Jan/2013:08:27:46 -0600] "GET /tuhs.org/PDP-11/Trees/2.11BSD/usr/share/learn/editor/ HTTP/1.1" 200 9912 "-" "Mozilla/5.0 (compatible; Googlebot/2.1; +http://www.google.com/bot.html)"
69.58.178.58 - - [06/Jan/2013:08:38:55 -0600] "GET /robots.txt HTTP/1.1" 200 1561 "-" "Mozilla/5.0 (X11; Ubuntu; Linux i686; rv:14.0; ips-agent) Gecko/20100101 Firefox/14.0.1"
69.58.178.58 - - [06/Jan/2013:08:39:05 -0600] "GET / HTTP/1.1" 200 10854 "-" "BlackBerry9000/4.6.0.167 Profile/MIDP-2.0 Configuration/CLDC-1.1 VendorID/102 ips-agent"
69.58.178.58 - - [06/Jan/2013:08:39:20 -0600] "GET /node/4 HTTP/1.1" 200 9336 "-" "Mozilla/5.0 (X11; Ubuntu; Linux i686; rv:14.0; ips-agent) Gecko/20100101 Firefox/14.0.1"
69.58.178.58 - - [06/Jan/2013:08:39:30 -0600] "GET /projects HTTP/1.1" 200 8979 "-" "Mozilla/5.0 (X11; Ubuntu; Linux i686; rv:14.0; ips-agent) Gecko/20100101 Firefox/14.0.1"
69.58.178.58 - - [06/Jan/2013:08:39:41 -0600] "GET /user/password HTTP/1.1" 200 7413 "-" "BlackBerry9000/4.6.0.167 Profile/MIDP-2.0 Configuration/CLDC-1.1 VendorID/102 ips-agent"
69.58.178.58 - - [06/Jan/2013:08:39:42 -0600] "GET /robots.txt HTTP/1.1" 200 1561 "-" "Mozilla/5.0 (X11; Ubuntu; Linux i686; rv:14.0; ips-agent) Gecko/20100101 Firefox/14.0.1"
69.58.178.58 - - [06/Jan/2013:08:39:52 -0600] "GET /P5/Pascal-P5-1.0.0.tar.bz2 HTTP/1.1" 200 105696 "-" "BlackBerry9000/4.6.0.167 Profile/MIDP-2.0 Configuration/CLDC-1.1 VendorID/102 ips-agent"
