69.58.178.58 - - [06/Jan/2013:08:40:02 -0600] "GET /user/login?destination=node/4%23comment-form HTTP/1.1" 200 7803 "-" "BlackBerry9000/4.6.0.167 Profile/MIDP-2.0 Configuration/CLDC-1.1 VendorID/102 ips-agent"
69.58.178.58 - - [06/Jan/2013:08:40:13 -0600] "GET /node/3 HTTP/1.1" 200 9377 "-" "Mozilla/5.0 (X11; Ubuntu; Linux i686; rv:14.0; ips-agent) Gecko/20100101 Firefox/14.0.1"
69.58.178.58 - - [06/Jan/2013:08:40:24 -0600] "GET /SuperPascal/SuperPascal-1.0.0.tar.bz2 HTTP/1.1" 200 90375 "-" "Mozilla/5.0 (X11; Ubuntu; Linux i686; rv:14.0; ips-agent) Gecko/20100101 Firefox/14.0.1"
69.58.178.58 - - [06/Jan/2013:08:40:35 -0600] "GET /user/login?destination=node/3%23comment-form HTTP/1.1" 200 7803 "-" "BlackBerry9000/4.6.0.167 Profile/MIDP-2.0 Configuration/CLDC-1.1 VendorID/102 ips-agent"
69.58.178.58 - - [06/Jan/2013:08:40:45 -0600] "GET /rss.xml HTTP/1.1" 200 2000 "-" "Mozilla/5.0 (X11; Ubuntu; Linux i686; rv:14.0; ips-agent) Gecko/20100101 Firefox/14.0.1"
69.58.178.58 - - [06/Jan/2013:08:40:56 -0600] "GET /P5/Pascal-P5-1.0.0.tar.bz2 HTTP/1.1" 200 105696 "-" "BlackBerry9000/4.6.0.167 Profile/MIDP-2.0 Configuration/CLDC-1.1 VendorID/102 ips-agent"
69.58.178.58 - - [06/Jan/2013:08:41:06 -0600] "GET /tuhs.org/ HTTP/1.1" 200 1016 "-" "BlackBerry9000/4.6.0.167 Profile/MIDP-2.0 Configuration/CLDC-1.1 VendorID/102 ips-agent"
69.58.178.58 - - [06/Jan/2013:08:41:16 -0600] "GET /pascal HTTP/1.1" 200 10146 "-" "Mozilla/5.0 (X11; Ubuntu; Linux i686; rv:14.0; ips-agent) Gecko/20100101 Firefox/14.0.1"
69.58.178.58 - - [06/Jan/2013:08:41:27 -0600] "GET /z80cpm HTTP/1.1" 200 8901 "-" "Mozilla/5.0 (X11; Ubuntu; Linux i686; rv:14.0; ips-agent) Gecko/20100101 Firefox/14.0.1"
180.76.5.168 - - [06/Jan/2013:08:42:27 -0600] "GET /tuhs.org/Other/Coherent/DemonArchives/updates/00INDEX HTTP/1.1" 200 2088 "-" "Mozilla/5.0 (compatible; Baiduspider/2.0; +http://www.baidu.com/search/spider.html)"
66.249.73.84 - - [06/Jan/2013:08:51:35 -0600] "GET /node/3 HTTP/1.1" 200 9293 "-" "Mozilla/5.0 (compatible; Googlebot/2.1; +http://www.google.com/bot.html)"
66.249.73.84 - - [06/Jan/2013:08:52:10 -0600] "GET /tuhs.org/PDP-11/Trees/2.11BSD/usr/src/sbin/restor/ HTTP/1.1" 200 663 "-" "Mozilla/5.0 (compatible; Googlebot/2.1; +http://www.google.com/bot.html)"
100.43.83.155 - - [06/Jan/2013:08:53:09 -0600] "GET /tuhs.org/PDP-11/Trees/V6/usr/source/s5/run HTTP/1.1" 304 - "-" "Mozilla/5.0 (compatible; YandexBot/3.0; +http://yandex.com/bots)"
180.76.5.53 - - [06/Jan/2013:08:56:56 -0600] "GET /unix4fun.org/z80pack/imsai/basic8k.hex HTTP/1.1" 304 - "-" "Mozilla/5.0 (compatible; Baiduspider/2.0; +http://www.baidu.com/search/spider.html)"
180.76.5.98 - - [06/Jan/2013:09:11:28 -0600] "GET /tuhs.org/PDP-11/Trees/2.11BSD/usr/src/sys/pdp/tmscp.h HTTP/1.1" 304 - "-" "Mozilla/5.0 (compatible; Baiduspider/2.0; +http://www.baidu.com/search/spider.html)"
66.249.73.84 - - [06/Jan/2013:09:21:54 -0600] "GET /tuhs.org/PDP-11/Trees/2.11BSD/usr/src/sbin/badsect/ HTTP/1.1" 200 669 "-" "Mozilla/5.0 (compatible; Googlebot/2.1; +http://www.google.com/bot.html)"
180.76.5.142 - - [06/Jan/2013:09:23:33 -0600] "GET /tuhs.org/PDP-11/Trees/2.11BSD/usr/src/sys/h/exec.h HTTP/1.1" 200 1260 "-" "Mozilla/5.0 (compatible; Baiduspider/2.0; +http://www.baidu.com/search/spider.html)"
180.76.5.61 - - [06/Jan/2013:09:38:17 -0600] "GET /tuhs.org/PDP-11/Trees/2.11BSD/usr/src/games/backgammon/tutor.h HTTP/1.1" 200 358 "-" "Mozilla/5.0 (compatible; Baiduspider/2.0; +http://www.baidu.com/search/spider.html)"
66.249.73.84 - - [06/Jan/2013:09:44:34 -0600] "GET /node/4 HTTP/1.1" 200 9252 "-" "Mozilla/5.0 (compatible; Googlebot/2.1; +http://www.google.com/bot.html)"
180.76.5.177 - - [06/Jan/2013:09:53:54 -0600] "GET /tuhs.org/PDP-11/Trees/2.11BSD/usr/src/bin/make/dosys.c HTTP/1.1" 200 2845 "-" "Mozilla/5.0 (compatible; Baiduspider/2.0; +http://www.baidu.com/search/spider.html)"
180.76.5.92 - - [06/Jan/2013:10:08:54 -0600] "GET /tuhs.org/Applications/Em_Editor/emdoc HTTP/1.1" 200 3560 "-" "Mozilla/5.0 (compatible; Baiduspider/2.0; +http://www.baidu.com/search/spider.html)"
180.76.5.88 - - [06/Jan/2013:10:20:34 -0600] "GET /tuhs.org/PDP-11/Trees/2.11BSD/usr/include/netimp/if_imp.h HTTP/1.1" 200 5563 "-" "Mozilla/5.0 (compatible; Baiduspider/2.0; +http://www.baidu.com/search/spider.html)"
66.249.73.84 - - [06/Jan/2013:10:21:11 -0600] "GET /tuhs.org/PDP-11/Trees/2.11BSD/usr/src/sbin/clri/ HTTP/1.1" 200 651 "-" "Mozilla/5.0 (compatible; Googlebot/2.1; +http://www.google.com/bot.html)"
180.76.5.158 - - [06/Jan/2013:10:35:40 -0600] "GET /tuhs.org/PDP-11/Trees/2.11BSD/usr/new/man/cat1/rcsfreeze.0 HTTP/1.1" 304 - "-" "Mozilla/5.0 (compatible; Baiduspider/2.0; +http://www.baidu.com/search/spider.html)"
66.249.73.84 - - [06/Jan/2013:10:37:51 -0600] "GET /unix4fun.org/z80pack/imsai/imsai_8k_basic.pdf HTTP/1.1" 200 1559447 "-" "Mozilla/5.0 (compatible; Googlebot/2.1; +http://www.google.com/bot.html)"
66.249.73.84 - - [06/Jan/2013:10:47:50 -0600] "GET /tuhs.org/PDP-11/Trees/2.11BSD/usr/src/sbin/mknod/Makefile HTTP/1.1" 200 698 "-" "Mozilla/5.0 (compatible; Googlebot/2.1; +http://www.google.com/bot.html)"
180.76.5.146 - - [06/Jan/2013:10:50:36 -0600] "GET /tuhs.org/PDP-11/Trees/2.11BSD/usr/man/cat3/gets.0 HTTP/1.1" 200 1123 "-" "Mozilla/5.0 (compatible; Baiduspider/2.0; +http://www.baidu.com/search/spider.html)"
180.76.5.87 - - [06/Jan/2013:11:04:20 -0600] "GET /tuhs.org/PDP-11/Trees/2.11BSD/usr/man/cat1/chmod.0 HTTP/1.1" 304 - "-" "Mozilla/5.0 (compatible; Baiduspider/2.0; +http://www.baidu.com/search/spider.html)"
66.249.73.84 - - [06/Jan/2013:11:18:07 -0600] "GET /tuhs.org/PDP-11/Trees/2.11BSD/usr/src/sbin/mkfs/mkfs.8 HTTP/1.1" 200 1900 "-" "Mozilla/5.0 (compatible; Googlebot/2.1; +http://www.google.com/bot.html)"
180.76.5.154 - - [06/Jan/2013:11:19:39 -0600] "GET /tuhs.org/PDP-11/Trees/2.11BSD/usr/include/protocols/routed.h HTTP/1.1" 304 - "-" "Mozilla/5.0 (compatible; Baiduspider/2.0; +http://www.baidu.com/search/spider.html)"
66.249.73.84 - - [06/Jan/2013:11:31:25 -0600] "GET /tuhs.org/PDP-11/Trees/2.11BSD/usr/src/usr.sbin/sendmail/adm/ingvax.m4 HTTP/1.1" 200 26 "-" "Mozilla/5.0 (compatible; Googlebot/2.1; +http://www.google.com/bot.html)"
66.249.73.84 - - [06/Jan/2013:11:41:37 -0600] "GET /tuhs.org/PDP-11/Trees/V6/usr/man/man1/ps.1 HTTP/1.1" 200 2043 "-" "Mozilla/5.0 (compatible; Googlebot/2.1; +http://www.google.com/bot.html)"
180.76.5.107 - - [06/Jan/2013:11:48:55 -0600] "GET /tuhs.org/Applications/Em_Editor/em.n HTTP/1.1" 200 5479 "-" "Mozilla/5.0 (compatible; Baiduspider/2.0; +http://www.baidu.com/search/spider.html)"
180.76.5.143 - - [06/Jan/2013:12:02:22 -0600] "GET / HTTP/1.1" 200 10762 "-" "Mozilla/5.0 (compatible; Baiduspider/2.0; +http://www.baidu.com/search/spider.html)"
180.76.5.147 - - [06/Jan/2013:12:03:01 -0600] "GET /robots.txt HTTP/1.1" 200 1561 "-" "Mozilla/5.0 (Windows NT 5.1; rv:6.0.2) Gecko/20100101 Firefox/6.0.2"
180.76.5.163 - - [06/Jan/2013:12:05:53 -0600] "GET /tuhs.org/PDP-11/Trees/2.11BSD/sys/netns/spp_timer.h HTTP/1.1" 304 - "-" "Mozilla/5.0 (compatible; Baiduspider/2.0; +http://www.baidu.com/search/spider.html)"
180.76.5.184 - - [06/Jan/2013:12:09:38 -0600] "GET /tuhs.org/PDP-11/Trees/2.11BSD/usr/ingres/files/error6.3_4 HTTP/1.1" 304 - "-" "Mozilla/5.0 (compatible; Baiduspider/2.0; +http://www.baidu.com/search/spider.html)"
66.249.73.84 - - [06/Jan/2013:12:10:25 -0600] "GET /tuhs.org/PDP-11/Trees/V6/usr/man/man1/mesg.1 HTTP/1.1" 200 520 "-" "Mozilla/5.0 (compatible; Googlebot/2.1; +http://www.google.com/bot.html)"
180.76.5.178 - - [06/Jan/2013:12:17:14 -0600] "GET /tuhs.org/PDP-11/Distributions/ucb/2.9-derivatives/2.9-pro350/sys-dev/r5.c HTTP/1.1" 304 - "-" "Mozilla/5.0 (compatible; Baiduspider/2.0; +http://www.baidu.com/search/spider.html)"
66.249.73.84 - - [06/Jan/2013:12:24:44 -0600] "GET /user/password HTTP/1.1" 200 7329 "-" "Mozilla/5.0 (compatible; Googlebot/2.1; +http://www.google.com/bot.html)"
180.76.5.57 - - [06/Jan/2013:12:34:15 -0600] "GET /tuhs.org/PDP-11/Trees/V7/usr/doc/uprog/p5 HTTP/1.1" 304 - "-" "Mozilla/5.0 (compatible; Baiduspider/2.0; +http://www.baidu.com/search/spider.html)"
66.249.73.84 - - [06/Jan/2013:12:39:13 -0600] "GET /tuhs.org/PDP-11/Trees/V6/usr/man/man1/chdir.1 HTTP/1.1" 200 458 "-" "Mozilla/5.0 (compatible; Googlebot/2.1; +http://www.google.com/bot.html)"
180.76.5.146 - - [06/Jan/2013:12:48:15 -0600] "GET /tuhs.org/PDP-11/Trees/V7/usr/doc/adb/tut HTTP/1.1" 304 - "-" "Mozilla/5.0 (compatible; Baiduspider/2.0; +http://www.baidu.com/search/spider.html)"
180.76.5.97 - - [06/Jan/2013:13:00:56 -0600] "GET /tuhs.org/PDP-11/Trees/V7/usr/man/man2/ioctl.2 HTTP/1.1" 304 - "-" "Mozilla/5.0 (compatible; Baiduspider/2.0; +http://www.baidu.com/search/spider.html)"
100.43.83.155 - - [06/Jan/2013:13:02:56 -0600] "GET /tuhs.org/PDP-11/Trees/V6/usr/source/s4/run HTTP/1.1" 304 - "-" "Mozilla/5.0 (compatible; YandexBot/3.0; +http://yandex.com/bots)"
66.249.73.84 - - [06/Jan/2013:13:08:24 -0600] "GET /tuhs.org/PDP-11/Trees/2.11BSD/usr/src/sbin/tunefs/tunefs.c HTTP/1.1" 200 78 "-" "Mozilla/5.0 (compatible; Googlebot/2.1; +http://www.google.com/bot.html)"
180.76.5.194 - - [06/Jan/2013:13:15:38 -0600] "GET /unix4fun.org/z80pack/cpm2/ch6.html HTTP/1.1" 404 7602 "-" "Mozilla/5.0 (compatible; Baiduspider/2.0; +http://www.baidu.com/search/spider.html)"
157.55.32.102 - - [06/Jan/2013:13:26:35 -0600] "GET /robots.txt HTTP/1.1" 200 1561 "-" "Mozilla/5.0 (compatible; bingbot/2.0; +http://www.bing.com/bingbot.htm)"
157.55.32.102 - - [06/Jan/2013:13:28:29 -0600] "GET /tuhs.org/4BSD/Distributions/4.4BSD-Alpha/ HTTP/1.1" 200 818 "-" "Mozilla/5.0 (compatible; bingbot/2.0; +http://www.bing.com/bingbot.htm)"
180.76.6.35 - - [06/Jan/2013:13:32:16 -0600] "GET /tuhs.org/PDP-11/Trees/V6/usr/source/s2/tr.c HTTP/1.1" 304 - "-" "Mozilla/5.0 (compatible; Baiduspider/2.0; +http://www.baidu.com/search/spider.html)"
66.249.73.84 - - [06/Jan/2013:13:37:13 -0600] "GET /tuhs.org/PDP-11/Trees/2.11BSD/usr/src/man/man2/lock.2 HTTP/1.1" 200 923 "-" "Mozilla/5.0 (compatible; Googlebot/2.1; +http://www.google.com/bot.html)"
66.249.73.84 - - [06/Jan/2013:13:38:59 -0600] "GET /projects HTTP/1.1" 200 8895 "-" "Mozilla/5.0 (compatible; Googlebot/2.1; +http://www.google.com/bot.html)"
180.76.5.110 - - [06/Jan/2013:13:46:24 -0600] "GET /tuhs.org/PDP-11/Trees/2.11BSD/usr/include/machine/reg.h HTTP/1.1" 200 494 "-" "Mozilla/5.0 (compatible; Baiduspider/2.0; +http://www.baidu.com/search/spider.html)"
180.76.5.150 - - [06/Jan/2013:14:00:13 -0600] "GET /tuhs.org/PDP-11/Trees/V6/usr/source/s2/split.c HTTP/1.1" 304 - "-" "Mozilla/5.0 (compatible; Baiduspider/2.0; +http://www.baidu.com/search/spider.html)"
66.249.73.84 - - [06/Jan/2013:14:07:11 -0600] "GET /tuhs.org/PDP-11/Trees/2.11BSD/usr/src/man/man2/getgid.2 HTTP/1.1" 200 2873 "-" "Mozilla/5.0 (compatible; Googlebot/2.1; +http://www.google.com/bot.html)"
180.76.6.35 - - [06/Jan/2013:14:15:04 -0600] "GET /tuhs.org/PDP-11/Trees/V6/usr/doc/ctut/ct5 HTTP/1.1" 304 - "-" "Mozilla/5.0 (compatible; Baiduspider/2.0; +http://www.baidu.com/search/spider.html)"
100.43.83.155 - - [06/Jan/2013:14:24:39 -0600] "GET /tuhs.org/PDP-11/Trees/V6/usr/source/tmg/run HTTP/1.1" 304 - "-" "Mozilla/5.0 (compatible; YandexBot/3.0; +http://yandex.com/bots)"
180.76.5.188 - - [06/Jan/2013:14:27:26 -0600] "GET /tuhs.org/PDP-11/Trees/2.11BSD/usr/doc/usd/27.eqnguide/g3 HTTP/1.1" 200 4280 "-" "Mozilla/5.0 (compatible; Baiduspider/2.0; +http://www.baidu.com/search/spider.html)"
66.249.73.84 - - [06/Jan/2013:14:36:53 -0600] "GET /tuhs.org/PDP-11/Trees/2.11BSD/usr/src/sbin/routed/interface.h HTTP/1.1" 200 2305 "-" "Mozilla/5.0 (compatible; Googlebot/2.1; +http://www.google.com/bot.html)"
180.76.5.91 - - [06/Jan/2013:14:40:59 -0600] "GET /tuhs.org/PDP-11/Trees/2.11BSD/a/ HTTP/1.1" 200 522 "-" "Mozilla/5.0 (compatible; Baiduspider/2.0; +http://www.baidu.com/search/spider.html)"
66.249.73.84 - - [06/Jan/2013:14:54:01 -0600] "GET /unix4fun.org/z80pack/screenshots/mpm2.html HTTP/1.1" 304 - "-" "Mozilla/5.0 (compatible; Googlebot/2.1; +http://www.google.com/bot.html)"
100.43.83.155 - - [06/Jan/2013:15:04:19 -0600] "GET /tuhs.org/PDP-11/Trees/V6/usr/source/iolib/run HTTP/1.1" 304 - "-" "Mozilla/5.0 (compatible; YandexBot/3.0; +http://yandex.com/bots)"
180.76.6.37 - - [06/Jan/2013:15:05:36 -0600] "GET /tuhs.org/PDP-11/Trees/2.11BSD/sys/OTHERS/versatec/vp.c HTTP/1.1" 304 - "-" "Mozilla/5.0 (compatible; Baiduspider/2.0; +http://www.baidu.com/search/spider.html)"
66.249.73.84 - - [06/Jan/2013:15:07:07 -0600] "GET /tuhs.org/PDP-11/Trees/2.11BSD/usr/src/sbin/icheck/icheck.c HTTP/1.1" 200 7946 "-" "Mozilla/5.0 (compatible; Googlebot/2.1; +http://www.google.com/bot.html)"
180.76.5.172 - - [06/Jan/2013:15:17:51 -0600] "GET /tuhs.org/PDP-11/Documentation/TUHSarchive_sites.html HTTP/1.1" 404 7669 "-" "Mozilla/5.0 (compatible; Baiduspider/2.0; +http://www.baidu.com/search/spider.html)"
180.76.5.53 - - [06/Jan/2013:15:33:07 -0600] "GET /tuhs.org/PDP-11/Trees/2.11BSD/sys/netinet/icmp_var.h HTTP/1.1" 304 - "-" "Mozilla/5.0 (compatible; Baiduspider/2.0; +http://www.baidu.com/search/spider.html)"
66.249.73.84 - - [06/Jan/2013:15:37:22 -0600] "GET /tuhs.org/PDP-11/Trees/2.11BSD/usr/src/man/man2/chmod.2 HTTP/1.1" 200 3347 "-" "Mozilla/5.0 (compatible; Googlebot/2.1; +http://www.google.com/bot.html)"
180.76.5.103 - - [06/Jan/2013:15:46:41 -0600] "GET /tuhs.org/PDP-11/Trees/2.11BSD/sys/netinet/in.c HTTP/1.1" 200 10496 "-" "Mozilla/5.0 (compatible; Baiduspider/2.0; +http://www.baidu.com/search/spider.html)"
66.249.73.84 - - [06/Jan/2013:16:00:49 -0600] "GET /tuhs.org/PDP-11/Trees/V6/usr/man/man1/bc.1 HTTP/1.1" 200 2815 "-" "Mozilla/5.0 (compatible; Googlebot/2.1; +http://www.google.com/bot.html)"
180.76.5.113 - - [06/Jan/2013:16:01:49 -0600] "GET /tuhs.org/PDP-11/Trees/2.11BSD/usr/src/usr.lib/lib2648/rawchar.c HTTP/1.1" 200 921 "-" "Mozilla/5.0 (compatible; Baiduspider/2.0; +http://www.baidu.com/search/spider.html)"
180.76.6.37 - - [06/Jan/2013:16:15:13 -0600] "GET /tuhs.org/Other/Coherent/kernelsource/?C=M;O=A HTTP/1.1" 200 810 "-" "Mozilla/5.0 (compatible; Baiduspider/2.0; +http://www.baidu.com/search/spider.html)"
66.249.73.84 - - [06/Jan/2013:16:29:37 -0600] "GET /tuhs.org/PDP-11/Trees/2.11BSD/usr/src/man/man2/brk.2 HTTP/1.1" 200 2285 "-" "Mozilla/5.0 (compatible; Googlebot/2.1; +http://www.google.com/bot.html)"
180.76.5.157 - - [06/Jan/2013:16:30:52 -0600] "GET /tuhs.org/PDP-11/Trees/2.11BSD/usr/src/usr.bin/roff/nroff_term/tab450-12.c HTTP/1.1" 200 934 "-" "Mozilla/5.0 (compatible; Baiduspider/2.0; +http://www.baidu.com/search/spider.html)"
180.76.5.110 - - [06/Jan/2013:16:44:48 -0600] "GET /tuhs.org/PDP-11/Trees/2.11BSD/usr/src/sys/GENERIC/Make.pdp HTTP/1.1" 304 - "-" "Mozilla/5.0 (compatible; Baiduspider/2.0; +http://www.baidu.com/search/spider.html)"
93.182.139.8 - - [06/Jan/2013:16:57:22 -0600] "GET /home/node/4/ HTTP/1.0" 404 7445 "http://samplx.org/home/node/4/" "Mozilla/5.0 (Windows NT 6.0) AppleWebKit/536.5 (KHTML, like Gecko) Chrome/19.0.1084.56 Safari/536.5"
93.182.139.8 - - [06/Jan/2013:16:57:23 -0600] "GET / HTTP/1.0" 200 10762 "http://samplx.org/" "Mozilla/5.0 (Windows NT 6.0) AppleWebKit/536.5 (KHTML, like Gecko) Chrome/19.0.1084.56 Safari/536.5"
66.249.73.84 - - [06/Jan/2013:16:58:25 -0600] "GET /tuhs.org/PDP-11/Trees/V6/usr/man/man1/wc.1 HTTP/1.1" 200 327 "-" "Mozilla/5.0 (compatible; Googlebot/2.1; +http://www.google.com/bot.html)"
180.76.5.162 - - [06/Jan/2013:17:00:24 -0600] "GET /tuhs.org/Other/Coherent/DemonArchives/support/?C=M;O=D HTTP/1.1" 200 1382 "-" "Mozilla/5.0 (compatible; Baiduspider/2.0; +http://www.baidu.com/search/spider.html)"
180.76.5.61 - - [06/Jan/2013:17:12:26 -0600] "GET /tuhs.org/PDP-11/Emulators/Ersatz-2.0/do.mac HTTP/1.1" 200 16988 "-" "Mozilla/5.0 (compatible; Baiduspider/2.0; +http://www.baidu.com/search/spider.html)"
180.76.5.49 - - [06/Jan/2013:17:26:50 -0600] "GET /tuhs.org/PDP-11/Trees/V7/usr/src/libF77/r_sinh.c HTTP/1.1" 200 66 "-" "Mozilla/5.0 (compatible; Baiduspider/2.0; +http://www.baidu.com/search/spider.html)"
66.249.73.84 - - [06/Jan/2013:17:27:13 -0600] "GET /tuhs.org/PDP-11/Trees/V6/usr/man/man1/cp.1 HTTP/1.1" 200 462 "-" "Mozilla/5.0 (compatible; Googlebot/2.1; +http://www.google.com/bot.html)"
180.76.6.20 - - [06/Jan/2013:17:41:08 -0600] "GET /tuhs.org/PDP-11/Trees/V7/usr/src/cmd/rmdir.c HTTP/1.1" 304 - "-" "Mozilla/5.0 (compatible; Baiduspider/2.0; +http://www.baidu.com/search/spider.html)"
66.249.73.84 - - [06/Jan/2013:17:51:32 -0600] "GET /oak.oakland.edu/sigm/vol131/smooth9.pas HTTP/1.1" 200 1526 "-" "Mozilla/5.0 (compatible; Googlebot/2.1; +http://www.google.com/bot.html)"
66.249.73.84 - - [06/Jan/2013:17:56:29 -0600] "GET /tuhs.org/PDP-11/Trees/2.11BSD/usr/src/man/man2/mknod.2 HTTP/1.1" 200 2836 "-" "Mozilla/5.0 (compatible; Googlebot/2.1; +http://www.google.com/bot.html)"
180.76.5.139 - - [06/Jan/2013:18:03:59 -0600] "GET /tuhs.org/PDP-11/Trees/2.11BSD/usr/ingres/lib/equelib HTTP/1.1" 200 56294 "-" "Mozilla/5.0 (compatible; Baiduspider/2.0; +http://www.baidu.com/search/spider.html)"
66.249.73.84 - - [06/Jan/2013:18:13:00 -0600] "GET /pascal HTTP/1.1" 200 10062 "-" "Mozilla/5.0 (compatible; Googlebot/2.1; +http://www.google.com/bot.html)"
66.249.73.84 - - [06/Jan/2013:18:15:29 -0600] "GET /tuhs.org/PDP-11/Trees/2.11BSD/usr/doc/2.10/v7summary/ HTTP/1.1" 200 821 "-" "Mozilla/5.0 (compatible; Googlebot/2.1; +http://www.google.com/bot.html)"
180.76.6.20 - - [06/Jan/2013:18:17:12 -0600] "GET /tuhs.org/PDP-11/Trees/2.11BSD/usr/src/sys/bootrom/siboot.s HTTP/1.1" 200 1500 "-" "Mozilla/5.0 (compatible; Baiduspider/2.0; +http://www.baidu.com/search/spider.html)"
66.249.73.84 - - [06/Jan/2013:18:23:14 -0600] "GET /sites/default/files/color/bartik-f9b1e2bc/colors.css?meapwf HTTP/1.1" 200 1312 "-" "Mozilla/5.0 (compatible; Googlebot/2.1; +http://www.google.com/bot.html)"
66.249.73.84 - - [06/Jan/2013:18:23:16 -0600] "GET /sites/default/files/color/bartik-f9b1e2bc/logo.png HTTP/1.1" 200 3479 "-" "Mozilla/5.0 (compatible; Googlebot/2.1; +http://www.google.com/bot.html)"
66.249.73.84 - - [06/Jan/2013:18:28:18 -0600] "GET /tuhs.org/PDP-11/Trees/2.11BSD/usr/src/sbin/umount/umount.c HTTP/1.1" 200 7459 "-" "Mozilla/5.0 (compatible; Googlebot/2.1; +http://www.google.com/bot.html)"
100.43.83.155 - - [06/Jan/2013:18:31:25 -0600] "GET /robots.txt HTTP/1.1" 200 1561 "-" "Mozilla/5.0 (compatible; YandexBot/3.0; +http://yandex.com/bots)"
180.76.5.50 - - [06/Jan/2013:18:33:41 -0600] "GET /tuhs.org/PDP-11/Trees/2.11BSD/usr/src/sbin/gt307/gt307.8 HTTP/1.1" 304 - "-" "Mozilla/5.0 (compatible; Baiduspider/2.0; +http://www.baidu.com/search/spider.html)"
180.76.5.49 - - [06/Jan/2013:18:45:22 -0600] "GET /tuhs.org/PDP-11/Trees/2.11BSD/usr/src/new/OLD/README HTTP/1.1" 304 - "-" "Mozilla/5.0 (compatible; Baiduspider/2.0; +http://www.baidu.com/search/spider.html)"
66.249.73.84 - - [06/Jan/2013:18:56:48 -0600] "GET /tuhs.org/PDP-11/Trees/2.11BSD/usr/src/man/man2/getuid.2 HTTP/1.1" 200 2829 "-" "Mozilla/5.0 (compatible; Googlebot/2.1; +http://www.google.com/bot.html)"
180.76.5.147 - - [06/Jan/2013:18:59:38 -0600] "GET /tuhs.org/PDP-11/Trees/2.11BSD/usr/src/new/notes/man/getdate.3 HTTP/1.1" 304 - "-" "Mozilla/5.0 (compatible; Baiduspider/2.0; +http://www.baidu.com/search/spider.html)"
180.76.5.145 - - [06/Jan/2013:19:14:41 -0600] "GET /tuhs.org/PDP-11/Emulators/Ersatz-2.0/e11.hlp HTTP/1.1" 200 13656 "-" "Mozilla/5.0 (compatible; Baiduspider/2.0; +http://www.baidu.com/search/spider.html)"
66.249.73.84 - - [06/Jan/2013:19:27:52 -0600] "GET /tuhs.org/PDP-11/Trees/2.11BSD/usr/src/man/man2/getitimer.2 HTTP/1.1" 200 3354 "-" "Mozilla/5.0 (compatible; Googlebot/2.1; +http://www.google.com/bot.html)"
180.76.5.161 - - [06/Jan/2013:19:28:45 -0600] "GET /tuhs.org/PDP-11/Trees/2.11BSD/usr/src/new/l11/in.c HTTP/1.1" 200 4036 "-" "Mozilla/5.0 (compatible; Baiduspider/2.0; +http://www.baidu.com/search/spider.html)"
100.43.83.155 - - [06/Jan/2013:19:30:57 -0600] "GET /tuhs.org/PDP-11/Trees/V6/usr/source/c/run HTTP/1.1" 304 - "-" "Mozilla/5.0 (compatible; YandexBot/3.0; +http://yandex.com/bots)"
180.76.5.55 - - [06/Jan/2013:19:44:42 -0600] "GET /tuhs.org/PDP-11/Trees/2.11BSD/usr/src/new/jove/case.c HTTP/1.1" 304 - "-" "Mozilla/5.0 (compatible; Baiduspider/2.0; +http://www.baidu.com/search/spider.html)"
66.249.73.84 - - [06/Jan/2013:19:51:13 -0600] "GET /tuhs.org/PDP-11/Trees/2.11BSD/usr/src/man/man2/connect.2 HTTP/1.1" 200 3232 "-" "Mozilla/5.0 (compatible; Googlebot/2.1; +http://www.google.com/bot.html)"
157.55.34.25 - - [06/Jan/2013:19:53:36 -0600] "GET /robots.txt HTTP/1.1" 200 1561 "-" "Mozilla/5.0 (compatible; bingbot/2.0; +http://www.bing.com/bingbot.htm)"
157.55.34.25 - - [06/Jan/2013:19:56:04 -0600] "GET /projects HTTP/1.1" 200 8895 "-" "Mozilla/5.0 (compatible; bingbot/2.0; +http://www.bing.com/bingbot.htm)"
180.76.5.90 - - [06/Jan/2013:19:58:02 -0600] "GET /tuhs.org/PDP-11/Trees/2.11BSD/usr/src/libexec/identd/src/kernel/irix5.c HTTP/1.1" 304 - "-" "Mozilla/5.0 (compatible; Baiduspider/2.0; +http://www.baidu.com/search/spider.html)"
180.76.5.173 - - [06/Jan/2013:20:13:23 -0600] "GET /tuhs.org/PDP-11/Trees/2.11BSD/usr/src/games/warp/config.sh HTTP/1.1" 200 1736 "-" "Mozilla/5.0 (compatible; Baiduspider/2.0; +http://www.baidu.com/search/spider.html)"
176.199.127.241 - - [06/Jan/2013:20:17:59 -0600] "GET / HTTP/1.1" 200 10762 "samplx.org" "Opera/9.80 (Windows NT 5.1; U; en) Presto/2.10.289 Version/12.01"
176.199.127.241 - - [06/Jan/2013:20:18:02 -0600] "GET /samplx.org HTTP/1.1" 404 7398 "samplx.org" "Mozilla/5.0 (Windows NT 5.1; rv:5.0.1) Gecko/20100101 Firefox/5.0.1"
176.199.127.241 - - [06/Jan/2013:20:18:03 -0600] "GET /samplx.org/?q=user/register HTTP/1.1" 403 6223 "samplx.org/samplx.org" "Opera/9.80 (Windows NT 5.1; U; en) Presto/2.10.289 Version/12.01"
66.249.73.84 - - [06/Jan/2013:20:20:01 -0600] "GET /tuhs.org/PDP-11/Trees/V6/usr/man/man1/roff.1 HTTP/1.1" 200 6253 "-" "Mozilla/5.0 (compatible; Googlebot/2.1; +http://www.google.com/bot.html)"
100.43.83.155 - - [06/Jan/2013:20:22:55 -0600] "GET /unix4fun.org/z80pack/cpm2/axi.htm HTTP/1.1" 304 - "-" "Mozilla/5.0 (compatible; YandexBot/3.0; +http://yandex.com/bots)"
180.76.5.99 - - [06/Jan/2013:20:27:24 -0600] "GET /tuhs.org/PDP-11/Trees/2.11BSD/usr/src/games/sail/dr_5.c HTTP/1.1" 200 1643 "-" "Mozilla/5.0 (compatible; Baiduspider/2.0; +http://www.baidu.com/search/spider.html)"
180.76.5.140 - - [06/Jan/2013:20:41:59 -0600] "GET /tuhs.org/PDP-11/Trees/2.11BSD/sys/netinet/tcp_timer.c HTTP/1.1" 304 - "-" "Mozilla/5.0 (compatible; Baiduspider/2.0; +http://www.baidu.com/search/spider.html)"
66.249.73.84 - - [06/Jan/2013:20:48:49 -0600] "GET /tuhs.org/PDP-11/Trees/V6/usr/man/man1/if.1 HTTP/1.1" 200 1349 "-" "Mozilla/5.0 (compatible; Googlebot/2.1; +http://www.google.com/bot.html)"
180.76.5.48 - - [06/Jan/2013:21:03:32 -0600] "GET /tuhs.org/PDP-11/Trees/2.11BSD/usr/src/games/sail/assorted.c HTTP/1.1" 200 5740 "-" "Mozilla/5.0 (compatible; Baiduspider/2.0; +http://www.baidu.com/search/spider.html)"
180.76.6.211 - - [06/Jan/2013:21:16:40 -0600] "GET /tuhs.org/PDP-11/Emulators/Ersatz-2.0/fuzzball/ HTTP/1.1" 200 707 "-" "Mozilla/5.0 (compatible; Baiduspider/2.0; +http://www.baidu.com/search/spider.html)"
66.249.73.84 - - [06/Jan/2013:21:17:58 -0600] "GET /tuhs.org/PDP-11/Trees/V6/usr/man/man1/prof.1 HTTP/1.1" 200 1325 "-" "Mozilla/5.0 (compatible; Googlebot/2.1; +http://www.google.com/bot.html)"
180.76.5.100 - - [06/Jan/2013:21:30:31 -0600] "GET /tuhs.org/PDP-11/Trees/2.11BSD/sys/pdpif/if_uba.h HTTP/1.1" 304 - "-" "Mozilla/5.0 (compatible; Baiduspider/2.0; +http://www.baidu.com/search/spider.html)"
66.249.73.84 - - [06/Jan/2013:21:47:23 -0600] "GET /tuhs.org/PDP-11/Trees/2.11BSD/usr/src/man/man2/intro.2 HTTP/1.1" 200 19485 "-" "Mozilla/5.0 (compatible; Googlebot/2.1; +http://www.google.com/bot.html)"
180.76.5.101 - - [06/Jan/2013:21:47:50 -0600] "GET /tuhs.org/PDP-11/Trees/2.11BSD/usr/src/games/rogue/level.c HTTP/1.1" 200 17486 "-" "Mozilla/5.0 (compatible; Baiduspider/2.0; +http://www.baidu.com/search/spider.html)"
180.76.5.183 - - [06/Jan/2013:22:00:38 -0600] "GET /tuhs.org/PDP-11/Bug_Fixes/Net.v7bugs/0036 HTTP/1.1" 200 615 "-" "Mozilla/5.0 (compatible; Baiduspider/2.0; +http://www.baidu.com/search/spider.html)"
180.76.5.65 - - [06/Jan/2013:22:14:51 -0600] "GET /tuhs.org/PDP-11/Trees/2.11BSD/usr/src/bin/csh/sh.time.c HTTP/1.1" 304 - "-" "Mozilla/5.0 (compatible; Baiduspider/2.0; +http://www.baidu.com/search/spider.html)"
66.249.73.84 - - [06/Jan/2013:22:17:10 -0600] "GET /tuhs.org/PDP-11/Trees/2.11BSD/usr/src/man/man2/send.2 HTTP/1.1" 200 3100 "-" "Mozilla/5.0 (compatible; Googlebot/2.1; +http://www.google.com/bot.html)"
66.249.73.84 - - [06/Jan/2013:22:22:11 -0600] "GET /tuhs.org/PDP-11/Trees/2.11BSD/usr/doc/2.10/setup.2.9/ HTTP/1.1" 200 979 "-" "Mozilla/5.0 (compatible; Googlebot/2.1; +http://www.google.com/bot.html)"
180.76.6.37 - - [06/Jan/2013:22:29:45 -0600] "GET /tuhs.org/PDP-11/Trees/2.11BSD/usr/man/cat3/strlen.0 HTTP/1.1" 200 2555 "-" "Mozilla/5.0 (compatible; Baiduspider/2.0; +http://www.baidu.com/search/spider.html)"
100.43.83.155 - - [06/Jan/2013:22:30:56 -0600] "GET /tuhs.org/PDP-11/Trees/V6/usr/source/salloc/run HTTP/1.1" 304 - "-" "Mozilla/5.0 (compatible; YandexBot/3.0; +http://yandex.com/bots)"
180.76.5.145 - - [06/Jan/2013:22:43:04 -0600] "GET /tuhs.org/PDP-11/Trees/2.11BSD/usr/man/cat3/htonl.0 HTTP/1.1" 200 1204 "-" "Mozilla/5.0 (compatible; Baiduspider/2.0; +http://www.baidu.com/search/spider.html)"
66.249.73.84 - - [06/Jan/2013:22:47:45 -0600] "GET /tuhs.org/PDP-11/Trees/2.11BSD/usr/src/man/man2/swapon.2 HTTP/1.1" 200 2169 "-" "Mozilla/5.0 (compatible; Googlebot/2.1; +http://www.google.com/bot.html)"
180.76.5.149 - - [06/Jan/2013:22:57:24 -0600] "GET /tuhs.org/PDP-11/Trees/2.11BSD/usr/man/cat1/last.0 HTTP/1.1" 200 2070 "-" "Mozilla/5.0 (compatible; Baiduspider/2.0; +http://www.baidu.com/search/spider.html)"
100.43.83.155 - - [06/Jan/2013:23:09:42 -0600] "GET /z80cpm HTTP/1.1" 200 8817 "-" "Mozilla/5.0 (compatible; YandexBot/3.0; +http://yandex.com/bots)"
66.249.73.84 - - [06/Jan/2013:23:18:08 -0600] "GET /tuhs.org/PDP-11/Trees/V6/usr/man/man1/chmod.1 HTTP/1.1" 200 1237 "-" "Mozilla/5.0 (compatible; Googlebot/2.1; +http://www.google.com/bot.html)"
180.76.6.26 - - [06/Jan/2013:23:26:25 -0600] "GET /tuhs.org/PDP-11/Emulators/Ersatz-2.0/hd.mac HTTP/1.1" 200 10175 "-" "Mozilla/5.0 (compatible; Baiduspider/2.0; +http://www.baidu.com/search/spider.html)"
180.76.5.160 - - [06/Jan/2013:23:41:28 -0600] "GET /user/password HTTP/1.1" 200 7329 "-" "Mozilla/5.0 (compatible; Baiduspider/2.0; +http://www.baidu.com/search/spider.html)"
66.249.73.84 - - [06/Jan/2013:23:41:37 -0600] "GET /tuhs.org/PDP-11/Trees/2.11BSD/usr/src/man/man2/read.2 HTTP/1.1" 200 3096 "-" "Mozilla/5.0 (compatible; Googlebot/2.1; +http://www.google.com/bot.html)"
180.76.5.159 - - [06/Jan/2013:23:45:14 -0600] "GET /tuhs.org/PDP-11/Trees/2.11BSD/usr/src/usr.lib/ HTTP/1.1" 200 1348 "-" "Mozilla/5.0 (compatible; Baiduspider/2.0; +http://www.baidu.com/search/spider.html)"
100.43.83.155 - - [06/Jan/2013:23:48:31 -0600] "GET /tuhs.org/PDP-11/Documentation/2.11bsd_setup.pdf HTTP/1.1" 304 - "-" "Mozilla/5.0 (compatible; YandexBot/3.0; +http://yandex.com/bots)"
180.76.5.177 - - [06/Jan/2013:23:48:44 -0600] "GET /tuhs.org/PDP-11/Trees/2.11BSD/usr/ingres/source/ovqp/ovqp.h HTTP/1.1" 200 3824 "-" "Mozilla/5.0 (compatible; Baiduspider/2.0; +http://www.baidu.com/search/spider.html)"
180.76.5.103 - - [07/Jan/2013:00:09:40 -0600] "GET /tuhs.org/PDP-11/Distributions/dec/Ultrix-11/Ultrix-3.0/file33-toc HTTP/1.1" 304 - "-" "Mozilla/5.0 (compatible; Baiduspider/2.0; +http://www.baidu.com/search/spider.html)"
66.249.73.84 - - [07/Jan/2013:00:10:25 -0600] "GET /tuhs.org/PDP-11/Trees/2.11BSD/usr/src/man/man2/sigsuspend.2 HTTP/1.1" 200 3146 "-" "Mozilla/5.0 (compatible; Googlebot/2.1; +http://www.google.com/bot.html)"
46.118.153.114 - - [07/Jan/2013:00:19:18 -0600] "GET /tuhs.org/PDP-11/Trees/2.11BSD/usr/guest/ HTTP/1.0" 200 552 "http://samplx.org/pub/tuhs.org/PDP-11/Trees/2.11BSD/usr/guest/" "Mozilla/5.0 (Windows NT 6.1; WOW64) AppleWebKit/536.5 (KHTML, like Gecko) Chrome/19.0.1084.52 Safari/536.5 Comodo_Dragon/19.1.0.0"
100.43.83.155 - - [07/Jan/2013:00:27:17 -0600] "GET /tuhs.org/PDP-11/Trees/V6/usr/source/s3/run HTTP/1.1" 304 - "-" "Mozilla/5.0 (compatible; YandexBot/3.0; +http://yandex.com/bots)"
66.249.73.84 - - [07/Jan/2013:00:39:13 -0600] "GET /tuhs.org/PDP-11/Trees/2.11BSD/usr/src/man/man2/unlink.2 HTTP/1.1" 200 2174 "-" "Mozilla/5.0 (compatible; Googlebot/2.1; +http://www.google.com/bot.html)"
180.76.5.143 - - [07/Jan/2013:00:47:21 -0600] "GET /tuhs.org/PDP-11/Trees/2.11BSD/usr/doc/smm/04.quotas/Makefile HTTP/1.1" 200 601 "-" "Mozilla/5.0 (compatible; Baiduspider/2.0; +http://www.baidu.com/search/spider.html)"
194.71.225.185 - - [07/Jan/2013:00:54:43 -0600] "GET /node/3 HTTP/1.0" 200 9293 "http://samplx.org/" "Mozilla/5.0 (Linux; U; Android 2.2; fr-fr; Desire_A8181 Build/FRF91) App3leWebKit/53.1 (KHTML, like Gecko) Version/4.0 Mobile Safari/533.1"
100.43.83.155 - - [07/Jan/2013:01:06:04 -0600] "GET /www.cpm.z80.de/manuals/mac.pdf HTTP/1.1" 200 324157 "-" "Mozilla/5.0 (compatible; YandexBot/3.0; +http://yandex.com/bots)"
66.249.73.84 - - [07/Jan/2013:01:08:01 -0600] "GET /tuhs.org/PDP-11/Trees/2.11BSD/usr/src/sbin/swapon/swapon.8 HTTP/1.1" 200 1443 "-" "Mozilla/5.0 (compatible; Googlebot/2.1; +http://www.google.com/bot.html)"
180.76.5.94 - - [07/Jan/2013:01:16:12 -0600] "GET /tuhs.org/PDP-11/Trees/2.11BSD/sys/mdec/rx01uboot.s HTTP/1.1" 304 - "-" "Mozilla/5.0 (compatible; Baiduspider/2.0; +http://www.baidu.com/search/spider.html)"
66.249.73.84 - - [07/Jan/2013:01:38:02 -0600] "GET /tuhs.org/PDP-11/Trees/2.11BSD/usr/src/man/man2/bind.2 HTTP/1.1" 200 2473 "-" "Mozilla/5.0 (compatible; Googlebot/2.1; +http://www.google.com/bot.html)"
100.43.83.155 - - [07/Jan/2013:01:44:52 -0600] "GET /www.cpm.z80.de/roche/SID86_User_Guide.txt HTTP/1.1" 304 - "-" "Mozilla/5.0 (compatible; YandexBot/3.0; +http://yandex.com/bots)"
180.76.5.169 - - [07/Jan/2013:01:52:55 -0600] "GET /tuhs.org/PDP-11/Trees/2.11BSD/usr/doc/smm/06.lpd/Makefile HTTP/1.1" 200 681 "-" "Mozilla/5.0 (compatible; Baiduspider/2.0; +http://www.baidu.com/search/spider.html)"
66.249.73.84 - - [07/Jan/2013:02:06:28 -0600] "GET /tuhs.org/PDP-11/Trees/2.11BSD/usr/src/sbin/routed/tools/ HTTP/1.1" 200 678 "-" "Mozilla/5.0 (compatible; Googlebot/2.1; +http://www.google.com/bot.html)"
180.76.5.178 - - [07/Jan/2013:02:22:24 -0600] "GET /tuhs.org/PDP-11/Trees/2.11BSD/usr/doc/smm/22.timed/loop HTTP/1.1" 200 447 "-" "Mozilla/5.0 (compatible; Baiduspider/2.0; +http://www.baidu.com/search/spider.html)"
100.43.83.155 - - [07/Jan/2013:02:23:39 -0600] "GET /tuhs.org/PDP-11/Trees/V7/usr/doc/setup HTTP/1.1" 304 - "-" "Mozilla/5.0 (compatible; YandexBot/3.0; +http://yandex.com/bots)"
66.249.73.84 - - [07/Jan/2013:02:31:03 -0600] "GET /tuhs.org/PDP-11/Trees/2.11BSD/usr/doc/2.10/pascal/first.p HTTP/1.1" 200 59 "-" "Mozilla/5.0 (compatible; Googlebot/2.1; +http://www.google.com/bot.html)"
66.249.73.84 - - [07/Jan/2013:02:36:24 -0600] "GET /tuhs.org/PDP-11/Trees/2.11BSD/usr/src/sbin/dumpfs/dumpfs.8 HTTP/1.1" 200 749 "-" "Mozilla/5.0 (compatible; Googlebot/2.1; +http://www.google.com/bot.html)"
180.76.5.49 - - [07/Jan/2013:02:55:39 -0600] "GET /tuhs.org/PDP-11/Trees/2.11BSD/usr/doc/misc/ctour/cdoc1 HTTP/1.1" 304 - "-" "Mozilla/5.0 (compatible; Baiduspider/2.0; +http://www.baidu.com/search/spider.html)"
100.43.83.155 - - [07/Jan/2013:03:02:25 -0600] "GET /tuhs.org/4BSD/Distributions/4.3BSD/new.lst HTTP/1.1" 304 - "-" "Mozilla/5.0 (compatible; YandexBot/3.0; +http://yandex.com/bots)"
66.249.73.84 - - [07/Jan/2013:03:07:49 -0600] "GET /tuhs.org/PDP-11/Trees/2.11BSD/usr/src/sbin/mkfs/mkfs.c HTTP/1.1" 200 9690 "-" "Mozilla/5.0 (compatible; Googlebot/2.1; +http://www.google.com/bot.html)"
180.76.5.148 - - [07/Jan/2013:03:26:13 -0600] "GET /tuhs.org/PDP-11/Trees/2.11BSD/usr/doc/smm/22.timed/Makefile HTTP/1.1" 200 658 "-" "Mozilla/5.0 (compatible; Baiduspider/2.0; +http://www.baidu.com/search/spider.html)"
66.249.73.84 - - [07/Jan/2013:03:36:48 -0600] "GET /tuhs.org/PDP-11/Trees/2.11BSD/usr/src/man/man2/getpagesize.2 HTTP/1.1" 200 684 "-" "Mozilla/5.0 (compatible; Googlebot/2.1; +http://www.google.com/bot.html)"
100.43.83.155 - - [07/Jan/2013:03:41:11 -0600] "GET /tuhs.org/PDP-11/Trees/V7/usr/doc/lint HTTP/1.1" 304 - "-" "Mozilla/5.0 (compatible; YandexBot/3.0; +http://yandex.com/bots)"
66.249.73.84 - - [07/Jan/2013:04:00:49 -0600] "GET /tuhs.org/PDP-11/Trees/2.11BSD/usr/src/man/man2/fsync.2 HTTP/1.1" 200 1122 "-" "Mozilla/5.0 (compatible; Googlebot/2.1; +http://www.google.com/bot.html)"
180.76.6.20 - - [07/Jan/2013:04:01:49 -0600] "GET /tuhs.org/PDP-11/Trees/2.11BSD/usr/doc/usd/24.troff/m5 HTTP/1.1" 200 12529 "-" "Mozilla/5.0 (compatible; Baiduspider/2.0; +http://www.baidu.com/search/spider.html)"
100.43.83.155 - - [07/Jan/2013:04:19:57 -0600] "GET /www.cpm.z80.de/manuals/DrLogo_Ref_Sec_6.txt HTTP/1.1" 200 197493 "-" "Mozilla/5.0 (compatible; YandexBot/3.0; +http://yandex.com/bots)"
180.76.6.233 - - [07/Jan/2013:04:29:08 -0600] "GET /tuhs.org/PDP-11/Trees/2.11BSD/usr/doc/smm/22.timed/spell.ok HTTP/1.1" 200 263 "-" "Mozilla/5.0 (compatible; Baiduspider/2.0; +http://www.baidu.com/search/spider.html)"
66.249.73.84 - - [07/Jan/2013:04:29:37 -0600] "GET /tuhs.org/PDP-11/Trees/V6/usr/man/man1/wait.1 HTTP/1.1" 200 611 "-" "Mozilla/5.0 (compatible; Googlebot/2.1; +http://www.google.com/bot.html)"
74.202.255.243 - - [07/Jan/2013:04:50:29 -0600] "GET /misc/feed.png HTTP/1.1" 200 656 "http://samplx.org/" "Mozilla/5.0 (X11; Linux i686; rv:6.0.2) (rygxBMUtncA1GH0nTw8F1z1UuE9yWvXZBbMJ6S1qaO8=) Gecko/20100101 Firefox/6.0.2"
74.202.255.243 - - [07/Jan/2013:04:50:29 -0600] "GET /sites/default/files/color/bartik-f9b1e2bc/logo.png HTTP/1.1" 200 3479 "http://samplx.org/" "Mozilla/5.0 (X11; Linux i686; rv:6.0.2) (rygxBMUtncA1GH0nTw8F1z1UuE9yWvXZBbMJ6S1qaO8=) Gecko/20100101 Firefox/6.0.2"
74.202.255.243 - - [07/Jan/2013:04:50:29 -0600] "GET /misc/jquery.once.js?v=1.2 HTTP/1.1" 200 2974 "http://samplx.org/" "Mozilla/5.0 (X11; Linux i686; rv:6.0.2) (rygxBMUtncA1GH0nTw8F1z1UuE9yWvXZBbMJ6S1qaO8=) Gecko/20100101 Firefox/6.0.2"
74.202.255.243 - - [07/Jan/2013:04:50:29 -0600] "GET /modules/system/system.menus.css?meapwf HTTP/1.1" 200 2035 "http://samplx.org/" "Mozilla/5.0 (X11; Linux i686; rv:6.0.2) (rygxBMUtncA1GH0nTw8F1z1UuE9yWvXZBbMJ6S1qaO8=) Gecko/20100101 Firefox/6.0.2"
74.202.255.243 - - [07/Jan/2013:04:50:29 -0600] "GET /modules/system/system.theme.css?meapwf HTTP/1.1" 200 3711 "http://samplx.org/" "Mozilla/5.0 (X11; Linux i686; rv:6.0.2) (rygxBMUtncA1GH0nTw8F1z1UuE9yWvXZBbMJ6S1qaO8=) Gecko/20100101 Firefox/6.0.2"
74.202.255.243 - - [07/Jan/2013:04:50:29 -0600] "GET /modules/system/system.base.css?meapwf HTTP/1.1" 200 5350 "http://samplx.org/" "Mozilla/5.0 (X11; Linux i686; rv:6.0.2) (rygxBMUtncA1GH0nTw8F1z1UuE9yWvXZBbMJ6S1qaO8=) Gecko/20100101 Firefox/6.0.2"
74.202.255.243 - - [07/Jan/2013:04:50:29 -0600] "GET /misc/drupal.js?meapwf HTTP/1.1" 200 13852 "http://samplx.org/" "Mozilla/5.0 (X11; Linux i686; rv:6.0.2) (rygxBMUtncA1GH0nTw8F1z1UuE9yWvXZBbMJ6S1qaO8=) Gecko/20100101 Firefox/6.0.2"
74.202.255.243 - - [07/Jan/2013:04:50:29 -0600] "GET /modules/system/system.messages.css?meapwf HTTP/1.1" 200 961 "http://samplx.org/" "Mozilla/5.0 (X11; Linux i686; rv:6.0.2) (rygxBMUtncA1GH0nTw8F1z1UuE9yWvXZBbMJ6S1qaO8=) Gecko/20100101 Firefox/6.0.2"
74.202.255.243 - - [07/Jan/2013:04:50:29 -0600] "GET /modules/book/book.css?meapwf HTTP/1.1" 200 983 "http://samplx.org/" "Mozilla/5.0 (X11; Linux i686; rv:6.0.2) (rygxBMUtncA1GH0nTw8F1z1UuE9yWvXZBbMJ6S1qaO8=) Gecko/20100101 Firefox/6.0.2"
74.202.255.243 - - [07/Jan/2013:04:50:29 -0600] "GET /modules/comment/comment.css?meapwf HTTP/1.1" 200 184 "http://samplx.org/" "Mozilla/5.0 (X11; Linux i686; rv:6.0.2) (rygxBMUtncA1GH0nTw8F1z1UuE9yWvXZBbMJ6S1qaO8=) Gecko/20100101 Firefox/6.0.2"
74.202.255.243 - - [07/Jan/2013:04:50:29 -0600] "GET /modules/field/theme/field.css?meapwf HTTP/1.1" 200 550 "http://samplx.org/" "Mozilla/5.0 (X11; Linux i686; rv:6.0.2) (rygxBMUtncA1GH0nTw8F1z1UuE9yWvXZBbMJ6S1qaO8=) Gecko/20100101 Firefox/6.0.2"
74.202.255.243 - - [07/Jan/2013:04:50:29 -0600] "GET /modules/node/node.css?meapwf HTTP/1.1" 200 144 "http://samplx.org/" "Mozilla/5.0 (X11; Linux i686; rv:6.0.2) (rygxBMUtncA1GH0nTw8F1z1UuE9yWvXZBbMJ6S1qaO8=) Gecko/20100101 Firefox/6.0.2"
74.202.255.243 - - [07/Jan/2013:04:50:29 -0600] "GET /misc/jquery.js?v=1.4.4 HTTP/1.1" 200 78602 "http://samplx.org/" "Mozilla/5.0 (X11; Linux i686; rv:6.0.2) (rygxBMUtncA1GH0nTw8F1z1UuE9yWvXZBbMJ6S1qaO8=) Gecko/20100101 Firefox/6.0.2"
74.202.255.243 - - [07/Jan/2013:04:50:29 -0600] "GET /modules/search/search.css?meapwf HTTP/1.1" 200 564 "http://samplx.org/" "Mozilla/5.0 (X11; Linux i686; rv:6.0.2) (rygxBMUtncA1GH0nTw8F1z1UuE9yWvXZBbMJ6S1qaO8=) Gecko/20100101 Firefox/6.0.2"
74.202.255.243 - - [07/Jan/2013:04:50:29 -0600] "GET /themes/bartik/css/layout.css?meapwf HTTP/1.1" 200 1634 "http://samplx.org/" "Mozilla/5.0 (X11; Linux i686; rv:6.0.2) (rygxBMUtncA1GH0nTw8F1z1UuE9yWvXZBbMJ6S1qaO8=) Gecko/20100101 Firefox/6.0.2"
74.202.255.243 - - [07/Jan/2013:04:50:29 -0600] "GET /modules/user/user.css?meapwf HTTP/1.1" 200 1827 "http://samplx.org/" "Mozilla/5.0 (X11; Linux i686; rv:6.0.2) (rygxBMUtncA1GH0nTw8F1z1UuE9yWvXZBbMJ6S1qaO8=) Gecko/20100101 Firefox/6.0.2"
74.202.255.243 - - [07/Jan/2013:04:50:29 -0600] "GET /sites/default/files/color/bartik-f9b1e2bc/colors.css?meapwf HTTP/1.1" 200 1312 "http://samplx.org/" "Mozilla/5.0 (X11; Linux i686; rv:6.0.2) (rygxBMUtncA1GH0nTw8F1z1UuE9yWvXZBbMJ6S1qaO8=) Gecko/20100101 Firefox/6.0.2"
74.202.255.243 - - [07/Jan/2013:04:50:29 -0600] "GET /themes/bartik/css/print.css?meapwf HTTP/1.1" 200 656 "http://samplx.org/" "Mozilla/5.0 (X11; Linux i686; rv:6.0.2) (rygxBMUtncA1GH0nTw8F1z1UuE9yWvXZBbMJ6S1qaO8=) Gecko/20100101 Firefox/6.0.2"
74.202.255.243 - - [07/Jan/2013:04:50:29 -0600] "GET /themes/bartik/css/style.css?meapwf HTTP/1.1" 200 32907 "http://samplx.org/" "Mozilla/5.0 (X11; Linux i686; rv:6.0.2) (rygxBMUtncA1GH0nTw8F1z1UuE9yWvXZBbMJ6S1qaO8=) Gecko/20100101 Firefox/6.0.2"
74.202.255.243 - - [07/Jan/2013:04:50:29 -0600] "GET /misc/favicon.ico HTTP/1.1" 200 1150 "-" "Mozilla/5.0 (X11; Linux i686; rv:6.0.2) (rygxBMUtncA1GH0nTw8F1z1UuE9yWvXZBbMJ6S1qaO8=) Gecko/20100101 Firefox/6.0.2"
74.202.255.243 - - [07/Jan/2013:04:50:29 -0600] "GET /themes/bartik/images/buttons.png HTTP/1.1" 200 831 "http://samplx.org/themes/bartik/css/style.css?meapwf" "Mozilla/5.0 (X11; Linux i686; rv:6.0.2) (rygxBMUtncA1GH0nTw8F1z1UuE9yWvXZBbMJ6S1qaO8=) Gecko/20100101 Firefox/6.0.2"
74.202.255.243 - - [07/Jan/2013:04:50:27 -0600] "GET / HTTP/1.1" 200 10762 "-" "Mozilla/5.0 (X11; Linux i686; rv:6.0.2) (rygxBMUtncA1GH0nTw8F1z1UuE9yWvXZBbMJ6S1qaO8=) Gecko/20100101 Firefox/6.0.2"
74.202.255.243 - - [07/Jan/2013:04:57:21 -0600] "GET /modules/system/system.menus.css?meapwf HTTP/1.1" 200 2035 "http://samplx.org/" "Mozilla/5.0 (X11; Linux x86_64) AppleWebKit/535.2 (KHTML, like Gecko) Fedora/16 (rygxBMUtncA1GH0nTw8F1z1UuE9yWvXZBbMJ6S1qaO8=) Chromium/21.0.1180.81 Chrome/21.0.1180.81 Safari/535.2"
74.202.255.243 - - [07/Jan/2013:04:57:21 -0600] "GET /modules/book/book.css?meapwf HTTP/1.1" 200 983 "http://samplx.org/" "Mozilla/5.0 (X11; Linux x86_64) AppleWebKit/535.2 (KHTML, like Gecko) Fedora/16 (rygxBMUtncA1GH0nTw8F1z1UuE9yWvXZBbMJ6S1qaO8=) Chromium/21.0.1180.81 Chrome/21.0.1180.81 Safari/535.2"
74.202.255.243 - - [07/Jan/2013:04:57:21 -0600] "GET /modules/system/system.messages.css?meapwf HTTP/1.1" 200 961 "http://samplx.org/" "Mozilla/5.0 (X11; Linux x86_64) AppleWebKit/535.2 (KHTML, like Gecko) Fedora/16 (rygxBMUtncA1GH0nTw8F1z1UuE9yWvXZBbMJ6S1qaO8=) Chromium/21.0.1180.81 Chrome/21.0.1180.81 Safari/535.2"
74.202.255.243 - - [07/Jan/2013:04:57:21 -0600] "GET /modules/system/system.theme.css?meapwf HTTP/1.1" 200 3711 "http://samplx.org/" "Mozilla/5.0 (X11; Linux x86_64) AppleWebKit/535.2 (KHTML, like Gecko) Fedora/16 (rygxBMUtncA1GH0nTw8F1z1UuE9yWvXZBbMJ6S1qaO8=) Chromium/21.0.1180.81 Chrome/21.0.1180.81 Safari/535.2"
74.202.255.243 - - [07/Jan/2013:04:57:21 -0600] "GET /modules/system/system.base.css?meapwf HTTP/1.1" 200 5350 "http://samplx.org/" "Mozilla/5.0 (X11; Linux x86_64) AppleWebKit/535.2 (KHTML, like Gecko) Fedora/16 (rygxBMUtncA1GH0nTw8F1z1UuE9yWvXZBbMJ6S1qaO8=) Chromium/21.0.1180.81 Chrome/21.0.1180.81 Safari/535.2"
74.202.255.243 - - [07/Jan/2013:04:57:21 -0600] "GET /modules/comment/comment.css?meapwf HTTP/1.1" 200 184 "http://samplx.org/" "Mozilla/5.0 (X11; Linux x86_64) AppleWebKit/535.2 (KHTML, like Gecko) Fedora/16 (rygxBMUtncA1GH0nTw8F1z1UuE9yWvXZBbMJ6S1qaO8=) Chromium/21.0.1180.81 Chrome/21.0.1180.81 Safari/535.2"
74.202.255.243 - - [07/Jan/2013:04:57:21 -0600] "GET /modules/field/theme/field.css?meapwf HTTP/1.1" 200 550 "http://samplx.org/" "Mozilla/5.0 (X11; Linux x86_64) AppleWebKit/535.2 (KHTML, like Gecko) Fedora/16 (rygxBMUtncA1GH0nTw8F1z1UuE9yWvXZBbMJ6S1qaO8=) Chromium/21.0.1180.81 Chrome/21.0.1180.81 Safari/535.2"
74.202.255.243 - - [07/Jan/2013:04:57:21 -0600] "GET /modules/node/node.css?meapwf HTTP/1.1" 200 144 "http://samplx.org/" "Mozilla/5.0 (X11; Linux x86_64) AppleWebKit/535.2 (KHTML, like Gecko) Fedora/16 (rygxBMUtncA1GH0nTw8F1z1UuE9yWvXZBbMJ6S1qaO8=) Chromium/21.0.1180.81 Chrome/21.0.1180.81 Safari/535.2"
74.202.255.243 - - [07/Jan/2013:04:57:21 -0600] "GET /modules/search/search.css?meapwf HTTP/1.1" 200 564 "http://samplx.org/" "Mozilla/5.0 (X11; Linux x86_64) AppleWebKit/535.2 (KHTML, like Gecko) Fedora/16 (rygxBMUtncA1GH0nTw8F1z1UuE9yWvXZBbMJ6S1qaO8=) Chromium/21.0.1180.81 Chrome/21.0.1180.81 Safari/535.2"
74.202.255.243 - - [07/Jan/2013:04:57:21 -0600] "GET /modules/user/user.css?meapwf HTTP/1.1" 200 1827 "http://samplx.org/" "Mozilla/5.0 (X11; Linux x86_64) AppleWebKit/535.2 (KHTML, like Gecko) Fedora/16 (rygxBMUtncA1GH0nTw8F1z1UuE9yWvXZBbMJ6S1qaO8=) Chromium/21.0.1180.81 Chrome/21.0.1180.81 Safari/535.2"
74.202.255.243 - - [07/Jan/2013:04:57:21 -0600] "GET /themes/bartik/css/layout.css?meapwf HTTP/1.1" 200 1634 "http://samplx.org/" "Mozilla/5.0 (X11; Linux x86_64) AppleWebKit/535.2 (KHTML, like Gecko) Fedora/16 (rygxBMUtncA1GH0nTw8F1z1UuE9yWvXZBbMJ6S1qaO8=) Chromium/21.0.1180.81 Chrome/21.0.1180.81 Safari/535.2"
74.202.255.243 - - [07/Jan/2013:04:57:21 -0600] "GET /sites/default/files/color/bartik-f9b1e2bc/colors.css?meapwf HTTP/1.1" 200 1312 "http://samplx.org/" "Mozilla/5.0 (X11; Linux x86_64) AppleWebKit/535.2 (KHTML, like Gecko) Fedora/16 (rygxBMUtncA1GH0nTw8F1z1UuE9yWvXZBbMJ6S1qaO8=) Chromium/21.0.1180.81 Chrome/21.0.1180.81 Safari/535.2"
74.202.255.243 - - [07/Jan/2013:04:57:20 -0600] "GET / HTTP/1.1" 200 10762 "-" "Mozilla/5.0 (X11; Linux x86_64) AppleWebKit/535.2 (KHTML, like Gecko) Fedora/16 (rygxBMUtncA1GH0nTw8F1z1UuE9yWvXZBbMJ6S1qaO8=) Chromium/21.0.1180.81 Chrome/21.0.1180.81 Safari/535.2"
74.202.255.243 - - [07/Jan/2013:04:57:21 -0600] "GET /themes/bartik/css/print.css?meapwf HTTP/1.1" 200 656 "http://samplx.org/" "Mozilla/5.0 (X11; Linux x86_64) AppleWebKit/535.2 (KHTML, like Gecko) Fedora/16 (rygxBMUtncA1GH0nTw8F1z1UuE9yWvXZBbMJ6S1qaO8=) Chromium/21.0.1180.81 Chrome/21.0.1180.81 Safari/535.2"
74.202.255.243 - - [07/Jan/2013:04:57:21 -0600] "GET /misc/jquery.once.js?v=1.2 HTTP/1.1" 200 2974 "http://samplx.org/" "Mozilla/5.0 (X11; Linux x86_64) AppleWebKit/535.2 (KHTML, like Gecko) Fedora/16 (rygxBMUtncA1GH0nTw8F1z1UuE9yWvXZBbMJ6S1qaO8=) Chromium/21.0.1180.81 Chrome/21.0.1180.81 Safari/535.2"
74.202.255.243 - - [07/Jan/2013:04:57:21 -0600] "GET /misc/drupal.js?meapwf HTTP/1.1" 200 13852 "http://samplx.org/" "Mozilla/5.0 (X11; Linux x86_64) AppleWebKit/535.2 (KHTML, like Gecko) Fedora/16 (rygxBMUtncA1GH0nTw8F1z1UuE9yWvXZBbMJ6S1qaO8=) Chromium/21.0.1180.81 Chrome/21.0.1180.81 Safari/535.2"
74.202.255.243 - - [07/Jan/2013:04:57:21 -0600] "GET /themes/bartik/css/style.css?meapwf HTTP/1.1" 200 32907 "http://samplx.org/" "Mozilla/5.0 (X11; Linux x86_64) AppleWebKit/535.2 (KHTML, like Gecko) Fedora/16 (rygxBMUtncA1GH0nTw8F1z1UuE9yWvXZBbMJ6S1qaO8=) Chromium/21.0.1180.81 Chrome/21.0.1180.81 Safari/535.2"
74.202.255.243 - - [07/Jan/2013:04:57:21 -0600] "GET /misc/jquery.js?v=1.4.4 HTTP/1.1" 200 78602 "http://samplx.org/" "Mozilla/5.0 (X11; Linux x86_64) AppleWebKit/535.2 (KHTML, like Gecko) Fedora/16 (rygxBMUtncA1GH0nTw8F1z1UuE9yWvXZBbMJ6S1qaO8=) Chromium/21.0.1180.81 Chrome/21.0.1180.81 Safari/535.2"
74.202.255.243 - - [07/Jan/2013:04:57:21 -0600] "GET /themes/bartik/images/buttons.png HTTP/1.1" 200 831 "http://samplx.org/" "Mozilla/5.0 (X11; Linux x86_64) AppleWebKit/535.2 (KHTML, like Gecko) Fedora/16 (rygxBMUtncA1GH0nTw8F1z1UuE9yWvXZBbMJ6S1qaO8=) Chromium/21.0.1180.81 Chrome/21.0.1180.81 Safari/535.2"
74.202.255.243 - - [07/Jan/2013:04:57:21 -0600] "GET /misc/feed.png HTTP/1.1" 200 656 "http://samplx.org/" "Mozilla/5.0 (X11; Linux x86_64) AppleWebKit/535.2 (KHTML, like Gecko) Fedora/16 (rygxBMUtncA1GH0nTw8F1z1UuE9yWvXZBbMJ6S1qaO8=) Chromium/21.0.1180.81 Chrome/21.0.1180.81 Safari/535.2"
74.202.255.243 - - [07/Jan/2013:04:57:21 -0600] "GET /sites/default/files/color/bartik-f9b1e2bc/logo.png HTTP/1.1" 200 3479 "http://samplx.org/" "Mozilla/5.0 (X11; Linux x86_64) AppleWebKit/535.2 (KHTML, like Gecko) Fedora/16 (rygxBMUtncA1GH0nTw8F1z1UuE9yWvXZBbMJ6S1qaO8=) Chromium/21.0.1180.81 Chrome/21.0.1180.81 Safari/535.2"
74.202.255.243 - - [07/Jan/2013:04:57:21 -0600] "GET /misc/favicon.ico HTTP/1.1" 200 1150 "-" "Mozilla/5.0 (X11; Linux x86_64) AppleWebKit/535.2 (KHTML, like Gecko) Fedora/16 (rygxBMUtncA1GH0nTw8F1z1UuE9yWvXZBbMJ6S1qaO8=) Chromium/21.0.1180.81 Chrome/21.0.1180.81 Safari/535.2"
66.249.73.84 - - [07/Jan/2013:04:58:25 -0600] "GET /tuhs.org/PDP-11/Trees/V6/usr/man/man1/fc.1 HTTP/1.1" 200 5260 "-" "Mozilla/5.0 (compatible; Googlebot/2.1; +http://www.google.com/bot.html)"
100.43.83.155 - - [07/Jan/2013:04:58:45 -0600] "GET /tuhs.org/PDP-11/Trees/V7/usr/doc/m4 HTTP/1.1" 304 - "-" "Mozilla/5.0 (compatible; YandexBot/3.0; +http://yandex.com/bots)"
180.76.5.48 - - [07/Jan/2013:05:07:04 -0600] "GET /tuhs.org/PDP-11/Trees/2.11BSD/usr/src/usr.lib/libtermlib/tputs.c HTTP/1.1" 200 2034 "-" "Mozilla/5.0 (compatible; Baiduspider/2.0; +http://www.baidu.com/search/spider.html)"
66.249.73.84 - - [07/Jan/2013:05:19:19 -0600] "GET /tuhs.org/PDP-11/Trees/2.11BSD/usr/doc/2.10/pxp/ HTTP/1.1" 200 857 "-" "Mozilla/5.0 (compatible; Googlebot/2.1; +http://www.google.com/bot.html)"
66.249.73.84 - - [07/Jan/2013:05:27:13 -0600] "GET /tuhs.org/PDP-11/Trees/2.11BSD/usr/src/man/man2/gettimeofday.2 HTTP/1.1" 200 2084 "-" "Mozilla/5.0 (compatible; Googlebot/2.1; +http://www.google.com/bot.html)"
180.76.5.49 - - [07/Jan/2013:05:41:13 -0600] "GET /tuhs.org/PDP-11/Trees/2.11BSD/usr/src/lib/libc/string/Makefile HTTP/1.1" 304 - "-" "Mozilla/5.0 (compatible; Baiduspider/2.0; +http://www.baidu.com/search/spider.html)"
66.249.73.84 - - [07/Jan/2013:05:42:35 -0600] "GET /tuhs.org/PDP-11/Trees/2.11BSD/usr/doc/2.10/setup.2.9/Makefile HTTP/1.1" 200 49 "-" "Mozilla/5.0 (compatible; Googlebot/2.1; +http://www.google.com/bot.html)"
66.249.73.84 - - [07/Jan/2013:05:58:07 -0600] "GET /tuhs.org/PDP-11/Trees/V6/usr/man/man1/tty.1 HTTP/1.1" 200 330 "-" "Mozilla/5.0 (compatible; Googlebot/2.1; +http://www.google.com/bot.html)"
100.43.83.155 - - [07/Jan/2013:06:06:34 -0600] "GET /robots.txt HTTP/1.1" 200 1561 "-" "Mozilla/5.0 (compatible; YandexBot/3.0; +http://yandex.com/bots)"
65.55.213.70 - - [07/Jan/2013:06:09:55 -0600] "GET /robots.txt HTTP/1.1" 200 1561 "-" "msnbot/2.0b (+http://search.msn.com/msnbot.htm)"
65.55.213.70 - - [07/Jan/2013:06:09:55 -0600] "GET / HTTP/1.1" 200 10762 "-" "msnbot/2.0b (+http://search.msn.com/msnbot.htm)"
180.76.5.89 - - [07/Jan/2013:06:11:13 -0600] "GET /tuhs.org/Other/Coherent/DemonArchives/updates/00INDEX HTTP/1.1" 200 2088 "-" "Mozilla/5.0 (compatible; Baiduspider/2.0; +http://www.baidu.com/search/spider.html)"
66.249.73.84 - - [07/Jan/2013:06:27:10 -0600] "GET /tuhs.org/PDP-11/Trees/2.11BSD/usr/src/sbin/routed/Makefile HTTP/1.1" 200 889 "-" "Mozilla/5.0 (compatible; Googlebot/2.1; +http://www.google.com/bot.html)"
100.43.83.155 - - [07/Jan/2013:06:35:39 -0600] "GET /unix4fun.org/z80pack/cpm2/ch5.htm HTTP/1.1" 304 - "-" "Mozilla/5.0 (compatible; YandexBot/3.0; +http://yandex.com/bots)"
180.76.6.225 - - [07/Jan/2013:06:46:37 -0600] "GET /tuhs.org/PDP-11/Trees/2.11BSD/usr/src/lib/pcc/?C=D;O=D HTTP/1.1" 200 1154 "-" "Mozilla/5.0 (compatible; Baiduspider/2.0; +http://www.baidu.com/search/spider.html)"
66.249.73.84 - - [07/Jan/2013:06:52:06 -0600] "GET /tuhs.org/PDP-11/Trees/2.11BSD/usr/doc/2.10/px/ HTTP/1.1" 200 1065 "-" "Mozilla/5.0 (compatible; Googlebot/2.1; +http://www.google.com/bot.html)"
66.249.73.84 - - [07/Jan/2013:06:52:52 -0600] "GET /tuhs.org/PDP-11/Trees/2.11BSD/usr/doc/2.10/px/fig2.1.raw HTTP/1.1" 200 3113 "-" "Mozilla/5.0 (compatible; Googlebot/2.1; +http://www.google.com/bot.html)"
66.249.73.84 - - [07/Jan/2013:06:57:31 -0600] "GET /tuhs.org/PDP-11/Trees/2.11BSD/usr/src/man/man2/exit.2 HTTP/1.1" 200 1430 "-" "Mozilla/5.0 (compatible; Googlebot/2.1; +http://www.google.com/bot.html)"
100.43.83.155 - - [07/Jan/2013:07:04:43 -0600] "GET /tuhs.org/PDP-11/Trees/V7/usr/doc/password HTTP/1.1" 304 - "-" "Mozilla/5.0 (compatible; YandexBot/3.0; +http://yandex.com/bots)"
180.76.5.88 - - [07/Jan/2013:07:16:06 -0600] "GET /tuhs.org/PDP-11/Emulators/Ersatz-2.0/e11.lj HTTP/1.1" 200 295085 "-" "Mozilla/5.0 (compatible; Baiduspider/2.0; +http://www.baidu.com/search/spider.html)"
194.24.175.117 - - [07/Jan/2013:07:23:17 -0600] "GET /home/node/4/ HTTP/1.0" 404 7445 "http://samplx.org/home/node/4/" "Opera/9.80 (Windows NT 5.1; U; en) Presto/2.10.289 Version/12.00"
194.24.175.117 - - [07/Jan/2013:07:23:20 -0600] "GET / HTTP/1.0" 200 10762 "http://samplx.org/" "Opera/9.80 (Windows NT 5.1; U; en) Presto/2.10.289 Version/12.00"
66.249.73.84 - - [07/Jan/2013:07:29:42 -0600] "GET /tuhs.org/PDP-11/Trees/2.11BSD/usr/src/sbin/savecore/Makefile HTTP/1.1" 200 734 "-" "Mozilla/5.0 (compatible; Googlebot/2.1; +http://www.google.com/bot.html)"
