180.76.6.28 - - [02/Jan/2013:05:56:02 -0600] "GET /tuhs.org/PDP-11/Trees/2.11BSD/usr/man/cat3/tgetflag.0 HTTP/1.1" 200 4119 "-" "Mozilla/5.0 (compatible; Baiduspider/2.0; +http://www.baidu.com/search/spider.html)"
180.76.6.232 - - [02/Jan/2013:06:02:12 -0600] "GET /tuhs.org/PDP-11/Trees/2.11BSD/usr/games/lib/words1 HTTP/1.1" 200 3762 "-" "Mozilla/5.0 (compatible; Baiduspider/2.0; +http://www.baidu.com/search/spider.html)"
66.249.73.84 - - [02/Jan/2013:06:03:07 -0600] "GET /oak.oakland.edu/sigm/vol228/ HTTP/1.1" 200 1939 "-" "Mozilla/5.0 (compatible; Googlebot/2.1; +http://www.google.com/bot.html)"
65.55.213.72 - - [02/Jan/2013:06:06:05 -0600] "GET /robots.txt HTTP/1.1" 200 1561 "-" "msnbot/2.0b (+http://search.msn.com/msnbot.htm)"
65.55.213.72 - - [02/Jan/2013:06:06:05 -0600] "GET / HTTP/1.1" 200 10762 "-" "msnbot/2.0b (+http://search.msn.com/msnbot.htm)"
66.249.73.84 - - [02/Jan/2013:06:06:35 -0600] "GET /tuhs.org/PDP-11/Trees/2.11BSD/usr/src/new/nntp/server/spawn.c HTTP/1.1" 200 5169 "-" "Mozilla/5.0 (compatible; Googlebot/2.1; +http://www.google.com/bot.html)"
66.249.73.84 - - [02/Jan/2013:06:12:51 -0600] "GET /oak.oakland.edu/sigm/vol216/ HTTP/1.1" 200 1131 "-" "Mozilla/5.0 (compatible; Googlebot/2.1; +http://www.google.com/bot.html)"
180.76.5.143 - - [02/Jan/2013:06:16:49 -0600] "GET /tuhs.org/PDP-11/Trees/2.11BSD/usr/man/cat6/wump.0 HTTP/1.1" 200 918 "-" "Mozilla/5.0 (compatible; Baiduspider/2.0; +http://www.baidu.com/search/spider.html)"
66.249.73.84 - - [02/Jan/2013:06:22:34 -0600] "GET /oak.oakland.edu/sigm/vol217/ HTTP/1.1" 200 1989 "-" "Mozilla/5.0 (compatible; Googlebot/2.1; +http://www.google.com/bot.html)"
180.76.5.187 - - [02/Jan/2013:06:24:29 -0600] "GET /tuhs.org/PDP-11/Trees/V7/usr/src/cmd/struct/1.incl.h HTTP/1.1" 200 1289 "-" "Mozilla/5.0 (compatible; Baiduspider/2.0; +http://www.baidu.com/search/spider.html)"
180.76.6.224 - - [02/Jan/2013:06:29:20 -0600] "GET /tuhs.org/PDP-11/Trees/2.11BSD/usr/src/games/quiz/quiz.k/poetry HTTP/1.1" 304 - "-" "Mozilla/5.0 (compatible; Baiduspider/2.0; +http://www.baidu.com/search/spider.html)"
66.249.73.84 - - [02/Jan/2013:06:32:18 -0600] "GET /oak.oakland.edu/sigm/vol224/ HTTP/1.1" 200 2309 "-" "Mozilla/5.0 (compatible; Googlebot/2.1; +http://www.google.com/bot.html)"
66.249.73.84 - - [02/Jan/2013:06:36:32 -0600] "GET /tuhs.org/PDP-11/Trees/2.11BSD/usr/src/man/man6/boggle.6 HTTP/1.1" 200 2034 "-" "Mozilla/5.0 (compatible; Googlebot/2.1; +http://www.google.com/bot.html)"
66.249.73.84 - - [02/Jan/2013:06:42:02 -0600] "GET /oak.oakland.edu/sigm/vol225/ HTTP/1.1" 200 957 "-" "Mozilla/5.0 (compatible; Googlebot/2.1; +http://www.google.com/bot.html)"
180.76.5.193 - - [02/Jan/2013:06:43:30 -0600] "GET /tuhs.org/PDP-11/Trees/V7/usr/src/cmd/struct/3.branch.c HTTP/1.1" 200 1595 "-" "Mozilla/5.0 (compatible; Baiduspider/2.0; +http://www.baidu.com/search/spider.html)"
66.249.76.106 - - [02/Jan/2013:06:51:45 -0600] "GET /robots.txt HTTP/1.1" 200 1561 "-" "Mozilla/5.0 (compatible; Googlebot/2.1; +http://www.google.com/bot.html)"
66.249.76.106 - - [02/Jan/2013:06:51:46 -0600] "GET /oak.oakland.edu/sigm/vol230/ HTTP/1.1" 200 789 "-" "Mozilla/5.0 (compatible; Googlebot/2.1; +http://www.google.com/bot.html)"
180.76.5.61 - - [02/Jan/2013:06:54:21 -0600] "GET /tuhs.org/PDP-11/Trees/2.11BSD/usr/src/include/arpa/telnet.h HTTP/1.1" 200 4366 "-" "Mozilla/5.0 (compatible; Baiduspider/2.0; +http://www.baidu.com/search/spider.html)"
180.76.5.50 - - [02/Jan/2013:06:57:51 -0600] "GET /tuhs.org/PDP-11/Trees/V7/usr/src/cmd/struct/4.form.c HTTP/1.1" 200 1588 "-" "Mozilla/5.0 (compatible; Baiduspider/2.0; +http://www.baidu.com/search/spider.html)"
66.249.76.106 - - [02/Jan/2013:07:01:29 -0600] "GET /oak.oakland.edu/sigm/vol236/ HTTP/1.1" 200 1949 "-" "Mozilla/5.0 (compatible; Googlebot/2.1; +http://www.google.com/bot.html)"
66.249.76.106 - - [02/Jan/2013:07:01:52 -0600] "GET /tuhs.org/PDP-11/Trees/V6/usr/man/man2/mount.2 HTTP/1.1" 200 1259 "-" "Mozilla/5.0 (compatible; Googlebot/2.1; +http://www.google.com/bot.html)"
66.249.76.106 - - [02/Jan/2013:07:11:13 -0600] "GET /oak.oakland.edu/sigm/vol237/ HTTP/1.1" 200 739 "-" "Mozilla/5.0 (compatible; Googlebot/2.1; +http://www.google.com/bot.html)"
180.76.5.101 - - [02/Jan/2013:07:15:06 -0600] "GET /tuhs.org/PDP-11/Trees/2.11BSD/usr/src/local/qterm/qterm.c HTTP/1.1" 200 24777 "-" "Mozilla/5.0 (compatible; Baiduspider/2.0; +http://www.baidu.com/search/spider.html)"
180.76.5.143 - - [02/Jan/2013:07:20:36 -0600] "GET /tuhs.org/PDP-11/Trees/V7/usr/src/cmd/struct/3.loop.c HTTP/1.1" 200 3215 "-" "Mozilla/5.0 (compatible; Baiduspider/2.0; +http://www.baidu.com/search/spider.html)"
66.249.76.106 - - [02/Jan/2013:07:20:56 -0600] "GET /oak.oakland.edu/sigm/vol238/ HTTP/1.1" 200 1213 "-" "Mozilla/5.0 (compatible; Googlebot/2.1; +http://www.google.com/bot.html)"
180.76.5.61 - - [02/Jan/2013:07:27:03 -0600] "GET /tuhs.org/PDP-11/Trees/2.11BSD/usr/src/man/man4/inet.4 HTTP/1.1" 304 - "-" "Mozilla/5.0 (compatible; Baiduspider/2.0; +http://www.baidu.com/search/spider.html)"
66.249.76.106 - - [02/Jan/2013:07:30:39 -0600] "GET /tuhs.org/PDP-11/Trees/V6/usr/man/man2/sync.2 HTTP/1.1" 200 500 "-" "Mozilla/5.0 (compatible; Googlebot/2.1; +http://www.google.com/bot.html)"
66.249.76.106 - - [02/Jan/2013:07:30:40 -0600] "GET /oak.oakland.edu/sigm/vol241/ HTTP/1.1" 200 877 "-" "Mozilla/5.0 (compatible; Googlebot/2.1; +http://www.google.com/bot.html)"
62.177.200.138 - - [02/Jan/2013:07:35:53 -0600] "GET /node/3 HTTP/1.1" 200 9293 "http://www.google.nl/url?sa=t&rct=j&q=superpascal&source=web&cd=45&ved=0CEgQFjAEOCg&url=http%3A%2F%2Fsamplx.org%2Fnode%2F3&ei=rjfkUJr0G8O3hQf7joH4Bg&usg=AFQjCNGeqlC2M-ra8oezvfmM31MvZV4ykg" "Mozilla/5.0 (compatible; MSIE 9.0; Windows NT 6.1; Trident/5.0)"
62.177.200.138 - - [02/Jan/2013:07:35:54 -0600] "GET /modules/node/node.css?meapwf HTTP/1.1" 200 144 "http://samplx.org/node/3" "Mozilla/5.0 (compatible; MSIE 9.0; Windows NT 6.1; Trident/5.0)"
62.177.200.138 - - [02/Jan/2013:07:35:54 -0600] "GET /modules/field/theme/field.css?meapwf HTTP/1.1" 200 550 "http://samplx.org/node/3" "Mozilla/5.0 (compatible; MSIE 9.0; Windows NT 6.1; Trident/5.0)"
62.177.200.138 - - [02/Jan/2013:07:35:54 -0600] "GET /modules/system/system.base.css?meapwf HTTP/1.1" 200 5350 "http://samplx.org/node/3" "Mozilla/5.0 (compatible; MSIE 9.0; Windows NT 6.1; Trident/5.0)"
62.177.200.138 - - [02/Jan/2013:07:35:54 -0600] "GET /modules/comment/comment.css?meapwf HTTP/1.1" 200 184 "http://samplx.org/node/3" "Mozilla/5.0 (compatible; MSIE 9.0; Windows NT 6.1; Trident/5.0)"
62.177.200.138 - - [02/Jan/2013:07:35:54 -0600] "GET /modules/system/system.theme.css?meapwf HTTP/1.1" 200 3711 "http://samplx.org/node/3" "Mozilla/5.0 (compatible; MSIE 9.0; Windows NT 6.1; Trident/5.0)"
62.177.200.138 - - [02/Jan/2013:07:35:54 -0600] "GET /modules/system/system.menus.css?meapwf HTTP/1.1" 200 2035 "http://samplx.org/node/3" "Mozilla/5.0 (compatible; MSIE 9.0; Windows NT 6.1; Trident/5.0)"
62.177.200.138 - - [02/Jan/2013:07:35:55 -0600] "GET /modules/search/search.css?meapwf HTTP/1.1" 200 564 "http://samplx.org/node/3" "Mozilla/5.0 (compatible; MSIE 9.0; Windows NT 6.1; Trident/5.0)"
62.177.200.138 - - [02/Jan/2013:07:35:55 -0600] "GET /modules/book/book.css?meapwf HTTP/1.1" 200 983 "http://samplx.org/node/3" "Mozilla/5.0 (compatible; MSIE 9.0; Windows NT 6.1; Trident/5.0)"
62.177.200.138 - - [02/Jan/2013:07:35:55 -0600] "GET /modules/user/user.css?meapwf HTTP/1.1" 200 1827 "http://samplx.org/node/3" "Mozilla/5.0 (compatible; MSIE 9.0; Windows NT 6.1; Trident/5.0)"
62.177.200.138 - - [02/Jan/2013:07:35:55 -0600] "GET /modules/system/system.messages.css?meapwf HTTP/1.1" 200 961 "http://samplx.org/node/3" "Mozilla/5.0 (compatible; MSIE 9.0; Windows NT 6.1; Trident/5.0)"
62.177.200.138 - - [02/Jan/2013:07:35:55 -0600] "GET /themes/bartik/css/layout.css?meapwf HTTP/1.1" 200 1634 "http://samplx.org/node/3" "Mozilla/5.0 (compatible; MSIE 9.0; Windows NT 6.1; Trident/5.0)"
62.177.200.138 - - [02/Jan/2013:07:35:55 -0600] "GET /sites/default/files/color/bartik-f9b1e2bc/colors.css?meapwf HTTP/1.1" 200 1312 "http://samplx.org/node/3" "Mozilla/5.0 (compatible; MSIE 9.0; Windows NT 6.1; Trident/5.0)"
62.177.200.138 - - [02/Jan/2013:07:35:55 -0600] "GET /themes/bartik/css/print.css?meapwf HTTP/1.1" 200 656 "http://samplx.org/node/3" "Mozilla/5.0 (compatible; MSIE 9.0; Windows NT 6.1; Trident/5.0)"
62.177.200.138 - - [02/Jan/2013:07:35:55 -0600] "GET /themes/bartik/css/style.css?meapwf HTTP/1.1" 200 32907 "http://samplx.org/node/3" "Mozilla/5.0 (compatible; MSIE 9.0; Windows NT 6.1; Trident/5.0)"
62.177.200.138 - - [02/Jan/2013:07:35:55 -0600] "GET /sites/default/files/color/bartik-f9b1e2bc/logo.png HTTP/1.1" 200 3479 "http://samplx.org/node/3" "Mozilla/5.0 (compatible; MSIE 9.0; Windows NT 6.1; Trident/5.0)"
62.177.200.138 - - [02/Jan/2013:07:35:55 -0600] "GET /misc/jquery.once.js?v=1.2 HTTP/1.1" 200 2974 "http://samplx.org/node/3" "Mozilla/5.0 (compatible; MSIE 9.0; Windows NT 6.1; Trident/5.0)"
62.177.200.138 - - [02/Jan/2013:07:35:55 -0600] "GET /misc/drupal.js?meapwf HTTP/1.1" 200 13852 "http://samplx.org/node/3" "Mozilla/5.0 (compatible; MSIE 9.0; Windows NT 6.1; Trident/5.0)"
62.177.200.138 - - [02/Jan/2013:07:35:55 -0600] "GET /misc/jquery.js?v=1.4.4 HTTP/1.1" 200 78602 "http://samplx.org/node/3" "Mozilla/5.0 (compatible; MSIE 9.0; Windows NT 6.1; Trident/5.0)"
62.177.200.138 - - [02/Jan/2013:07:35:57 -0600] "GET /themes/bartik/images/buttons.png HTTP/1.1" 200 831 "http://samplx.org/node/3" "Mozilla/5.0 (compatible; MSIE 9.0; Windows NT 6.1; Trident/5.0)"
62.177.200.138 - - [02/Jan/2013:07:35:57 -0600] "GET /misc/favicon.ico HTTP/1.1" 200 1150 "-" "Mozilla/5.0 (compatible; MSIE 9.0; Windows NT 6.1; Trident/5.0)"
62.177.200.138 - - [02/Jan/2013:07:36:05 -0600] "GET /SuperPascal/SuperPascal-1.0.0.tar.bz2 HTTP/1.1" 200 90375 "http://samplx.org/node/3" "Mozilla/5.0 (compatible; MSIE 9.0; Windows NT 6.1; Trident/5.0)"
150.70.172.108 - - [02/Jan/2013:07:38:23 -0600] "GET /node/3 HTTP/1.0" 200 9293 "-" "Mozilla/4.0 (compatible; MSIE 6.0; Windows NT 5.1)"
150.70.172.108 - - [02/Jan/2013:07:38:36 -0600] "GET /misc/jquery.js?v=1.4.4 HTTP/1.0" 200 78602 "-" "Mozilla/4.0 (compatible; MSIE 6.0; Windows NT 5.1)"
150.70.172.108 - - [02/Jan/2013:07:38:37 -0600] "GET /misc/drupal.js?meapwf HTTP/1.0" 200 13852 "-" "Mozilla/4.0 (compatible; MSIE 6.0; Windows NT 5.1)"
150.70.172.108 - - [02/Jan/2013:07:38:40 -0600] "GET /misc/favicon.ico HTTP/1.0" 200 1150 "-" "Mozilla/4.0 (compatible; MSIE 6.0; Windows NT 5.1)"
66.249.76.106 - - [02/Jan/2013:07:40:24 -0600] "GET /oak.oakland.edu/sigm/vol244/ HTTP/1.1" 200 1107 "-" "Mozilla/5.0 (compatible; Googlebot/2.1; +http://www.google.com/bot.html)"
66.249.76.106 - - [02/Jan/2013:07:40:40 -0600] "GET /oak.oakland.edu/sigm/vol228/ HTTP/1.1" 200 1939 "-" "Mozilla/5.0 (compatible; Googlebot/2.1; +http://www.google.com/bot.html)"
180.76.5.168 - - [02/Jan/2013:07:44:21 -0600] "GET /tuhs.org/PDP-11/Trees/V7/usr/src/cmd/struct/3.reach.c HTTP/1.1" 200 3639 "-" "Mozilla/5.0 (compatible; Baiduspider/2.0; +http://www.baidu.com/search/spider.html)"
180.76.5.145 - - [02/Jan/2013:07:49:44 -0600] "GET /tuhs.org/PDP-11/Trees/2.11BSD/usr/src/man/man5/L.cmds.5 HTTP/1.1" 200 1852 "-" "Mozilla/5.0 (compatible; Baiduspider/2.0; +http://www.baidu.com/search/spider.html)"
66.249.76.106 - - [02/Jan/2013:07:50:07 -0600] "GET /oak.oakland.edu/sigm/vol246/ HTTP/1.1" 200 829 "-" "Mozilla/5.0 (compatible; Googlebot/2.1; +http://www.google.com/bot.html)"
180.76.5.197 - - [02/Jan/2013:07:56:13 -0600] "GET /tuhs.org/PDP-11/Trees/V7/usr/src/cmd/struct/3.then.c HTTP/1.1" 200 1579 "-" "Mozilla/5.0 (compatible; Baiduspider/2.0; +http://www.baidu.com/search/spider.html)"
66.249.76.106 - - [02/Jan/2013:07:57:41 -0600] "GET /tuhs.org/PDP-11/Trees/2.11BSD/usr/src/man/man8/autoconfig.8 HTTP/1.1" 200 3849 "-" "Mozilla/5.0 (compatible; Googlebot/2.1; +http://www.google.com/bot.html)"
66.249.76.106 - - [02/Jan/2013:07:59:51 -0600] "GET /oak.oakland.edu/sigm/vol247/ HTTP/1.1" 200 1445 "-" "Mozilla/5.0 (compatible; Googlebot/2.1; +http://www.google.com/bot.html)"
66.249.76.106 - - [02/Jan/2013:08:09:43 -0600] "GET /oak.oakland.edu/sigm/vol248/ HTTP/1.1" 200 791 "-" "Mozilla/5.0 (compatible; Googlebot/2.1; +http://www.google.com/bot.html)"
180.76.5.181 - - [02/Jan/2013:08:12:36 -0600] "GET /tuhs.org/PDP-11/Trees/2.11BSD/usr/src/new/l11/link.h HTTP/1.1" 200 3657 "-" "Mozilla/5.0 (compatible; Baiduspider/2.0; +http://www.baidu.com/search/spider.html)"
66.249.76.106 - - [02/Jan/2013:08:19:18 -0600] "GET /oak.oakland.edu/sigm/vol250/ HTTP/1.1" 200 1383 "-" "Mozilla/5.0 (compatible; Googlebot/2.1; +http://www.google.com/bot.html)"
180.76.5.103 - - [02/Jan/2013:08:19:36 -0600] "GET /tuhs.org/Documentation/PUPS/pstatus.html HTTP/1.1" 200 7775 "-" "Mozilla/5.0 (compatible; Baiduspider/2.0; +http://www.baidu.com/search/spider.html)"
66.249.76.106 - - [02/Jan/2013:08:21:03 -0600] "GET /tuhs.org/PDP-11/Trees/2.11BSD/usr/src/man/man4/tm.4 HTTP/1.1" 200 3044 "-" "Mozilla/5.0 (compatible; Googlebot/2.1; +http://www.google.com/bot.html)"
180.76.5.56 - - [02/Jan/2013:08:27:07 -0600] "GET /tuhs.org/PDP-11/Trees/2.11BSD/usr/src/new/notes/man/nfaccess.8 HTTP/1.1" 304 - "-" "Mozilla/5.0 (compatible; Baiduspider/2.0; +http://www.baidu.com/search/spider.html)"
66.249.76.106 - - [02/Jan/2013:08:29:13 -0600] "GET /oak.oakland.edu/sigm/vol253/ HTTP/1.1" 200 823 "-" "Mozilla/5.0 (compatible; Googlebot/2.1; +http://www.google.com/bot.html)"
66.249.76.106 - - [02/Jan/2013:08:38:48 -0600] "GET /oak.oakland.edu/sigm/vol256/ HTTP/1.1" 200 1855 "-" "Mozilla/5.0 (compatible; Googlebot/2.1; +http://www.google.com/bot.html)"
180.76.5.197 - - [02/Jan/2013:08:39:38 -0600] "GET /tuhs.org/Documentation/TUHS/unixhist.html HTTP/1.1" 200 2642 "-" "Mozilla/5.0 (compatible; Baiduspider/2.0; +http://www.baidu.com/search/spider.html)"
180.76.5.107 - - [02/Jan/2013:08:46:32 -0600] "GET /tuhs.org/PDP-11/Trees/2.11BSD/usr/src/new/rcs/src/rlog.c HTTP/1.1" 200 38903 "-" "Mozilla/5.0 (compatible; Baiduspider/2.0; +http://www.baidu.com/search/spider.html)"
66.249.76.106 - - [02/Jan/2013:08:48:37 -0600] "GET /oak.oakland.edu/sigm/vol214/ HTTP/1.1" 200 701 "-" "Mozilla/5.0 (compatible; Googlebot/2.1; +http://www.google.com/bot.html)"
66.249.76.106 - - [02/Jan/2013:08:50:19 -0600] "GET /tuhs.org/PDP-11/Trees/V6/usr/man/man8/dcheck.8 HTTP/1.1" 200 1557 "-" "Mozilla/5.0 (compatible; Googlebot/2.1; +http://www.google.com/bot.html)"
180.76.5.157 - - [02/Jan/2013:08:53:34 -0600] "GET /tuhs.org/PDP-11/Trees/2.11BSD/usr/src/sbin/routed/main.c HTTP/1.1" 200 3969 "-" "Mozilla/5.0 (compatible; Baiduspider/2.0; +http://www.baidu.com/search/spider.html)"
180.76.5.111 - - [02/Jan/2013:08:53:35 -0600] "GET /tuhs.org/PDP-11/Trees/2.11BSD/usr/src/sbin/routed/ HTTP/1.1" 200 1251 "-" "Mozilla/5.0 (compatible; Baiduspider/2.0; +http://www.baidu.com/search/spider.html)"
66.249.76.106 - - [02/Jan/2013:08:58:22 -0600] "GET /oak.oakland.edu/sigm/vol220/ HTTP/1.1" 200 1637 "-" "Mozilla/5.0 (compatible; Googlebot/2.1; +http://www.google.com/bot.html)"
66.249.76.106 - - [02/Jan/2013:09:08:02 -0600] "GET /oak.oakland.edu/sigm/vol229/ HTTP/1.1" 200 1117 "-" "Mozilla/5.0 (compatible; Googlebot/2.1; +http://www.google.com/bot.html)"
180.76.5.97 - - [02/Jan/2013:09:08:28 -0600] "GET /tuhs.org/PDP-11/Trees/2.11BSD/sys/netinet/if_ether.h HTTP/1.1" 200 2607 "-" "Mozilla/5.0 (compatible; Baiduspider/2.0; +http://www.baidu.com/search/spider.html)"
180.76.5.187 - - [02/Jan/2013:09:14:42 -0600] "GET /tuhs.org/PDP-11/Trees/2.11BSD/usr/src/share/zoneinfo/ialloc.c HTTP/1.1" 200 1394 "-" "Mozilla/5.0 (compatible; Baiduspider/2.0; +http://www.baidu.com/search/spider.html)"
66.249.76.106 - - [02/Jan/2013:09:17:48 -0600] "GET /oak.oakland.edu/sigm/vol231/ HTTP/1.1" 200 871 "-" "Mozilla/5.0 (compatible; Googlebot/2.1; +http://www.google.com/bot.html)"
66.249.76.106 - - [02/Jan/2013:09:18:39 -0600] "GET /tuhs.org/PDP-11/Trees/2.11BSD/usr/src/man/man6/mille.6 HTTP/1.1" 200 10525 "-" "Mozilla/5.0 (compatible; Googlebot/2.1; +http://www.google.com/bot.html)"
66.249.76.106 - - [02/Jan/2013:09:27:27 -0600] "GET /oak.oakland.edu/sigm/vol235/ HTTP/1.1" 200 2011 "-" "Mozilla/5.0 (compatible; Googlebot/2.1; +http://www.google.com/bot.html)"
180.76.5.55 - - [02/Jan/2013:09:28:47 -0600] "GET /tuhs.org/PDP-11/Trees/2.11BSD/usr/doc/ps1/06.sysman/1.4.t HTTP/1.1" 200 3443 "-" "Mozilla/5.0 (compatible; Baiduspider/2.0; +http://www.baidu.com/search/spider.html)"
37.59.162.251 - - [02/Jan/2013:09:36:35 -0600] "GET /+++++++++++++++++++++++++++++++++++++++++++++++++++++++++++++++Result:+unknown+problem; HTTP/1.0" 404 7973 "http://samplx.org/+++++++++++++++++++++++++++++++++++++++++++++++++++++++++++++++Result:+unknown+problem;" "Mozilla/5.0 (Windows NT 5.2; rv:17.0) Gecko/20100101 Firefox/17.0"
37.59.162.251 - - [02/Jan/2013:09:36:40 -0600] "GET / HTTP/1.0" 200 10762 "http://samplx.org/" "Mozilla/5.0 (Windows NT 5.2; rv:17.0) Gecko/20100101 Firefox/17.0"
37.59.162.251 - - [02/Jan/2013:09:36:41 -0600] "GET /node/4 HTTP/1.0" 200 9252 "http://samplx.org/node/4" "Mozilla/5.0 (Windows NT 5.2; rv:17.0) Gecko/20100101 Firefox/17.0"
37.59.162.251 - - [02/Jan/2013:09:36:42 -0600] "GET /node/3 HTTP/1.0" 200 9293 "http://samplx.org/3" "Mozilla/5.0 (Windows NT 5.2; rv:17.0) Gecko/20100101 Firefox/17.0"
37.59.162.251 - - [02/Jan/2013:09:36:44 -0600] "GET /node/4 HTTP/1.0" 200 9252 "http://samplx.org/4" "Mozilla/5.0 (Windows NT 5.2; rv:17.0) Gecko/20100101 Firefox/17.0"
37.59.162.251 - - [02/Jan/2013:09:36:45 -0600] "GET /node/3 HTTP/1.0" 200 9293 "http://samplx.org/3" "Mozilla/5.0 (Windows NT 5.2; rv:17.0) Gecko/20100101 Firefox/17.0"
37.59.162.251 - - [02/Jan/2013:09:36:46 -0600] "GET /node/4 HTTP/1.0" 200 9252 "http://samplx.org/4" "Mozilla/5.0 (Windows NT 5.2; rv:17.0) Gecko/20100101 Firefox/17.0"
37.59.162.251 - - [02/Jan/2013:09:36:47 -0600] "GET /node/3 HTTP/1.0" 200 9293 "http://samplx.org/3" "Mozilla/5.0 (Windows NT 5.2; rv:17.0) Gecko/20100101 Firefox/17.0"
37.59.162.251 - - [02/Jan/2013:09:36:48 -0600] "GET /node/4 HTTP/1.0" 200 9252 "http://samplx.org/4" "Mozilla/5.0 (Windows NT 5.2; rv:17.0) Gecko/20100101 Firefox/17.0"
180.76.6.213 - - [02/Jan/2013:09:36:59 -0600] "GET /tuhs.org/PDP-11/Trees/2.11BSD/usr/src/sys/h/resource.h HTTP/1.1" 200 2544 "-" "Mozilla/5.0 (compatible; Baiduspider/2.0; +http://www.baidu.com/search/spider.html)"
66.249.76.106 - - [02/Jan/2013:09:37:09 -0600] "GET /oak.oakland.edu/sigm/vol242/ HTTP/1.1" 200 861 "-" "Mozilla/5.0 (compatible; Googlebot/2.1; +http://www.google.com/bot.html)"
180.76.5.150 - - [02/Jan/2013:09:45:20 -0600] "GET /tuhs.org/PDP-11/Trees/2.11BSD/usr/doc/ps1/06.sysman/2.0.t HTTP/1.1" 200 2208 "-" "Mozilla/5.0 (compatible; Baiduspider/2.0; +http://www.baidu.com/search/spider.html)"
66.249.76.106 - - [02/Jan/2013:09:47:02 -0600] "GET /oak.oakland.edu/sigm/vol245/ HTTP/1.1" 200 951 "-" "Mozilla/5.0 (compatible; Googlebot/2.1; +http://www.google.com/bot.html)"
66.249.76.106 - - [02/Jan/2013:09:52:03 -0600] "GET /tuhs.org/PDP-11/Trees/2.11BSD/usr/src/man/man6/adventure.6 HTTP/1.1" 200 619 "-" "Mozilla/5.0 (compatible; Googlebot/2.1; +http://www.google.com/bot.html)"
66.249.76.106 - - [02/Jan/2013:09:56:36 -0600] "GET /oak.oakland.edu/sigm/vol257/ HTTP/1.1" 200 691 "-" "Mozilla/5.0 (compatible; Googlebot/2.1; +http://www.google.com/bot.html)"
180.76.5.171 - - [02/Jan/2013:09:59:20 -0600] "GET /tuhs.org/PDP-11/Trees/2.11BSD/usr/src/ucb/pascal/eyacc/ey0.c HTTP/1.1" 200 4383 "-" "Mozilla/5.0 (compatible; Baiduspider/2.0; +http://www.baidu.com/search/spider.html)"
180.76.6.225 - - [02/Jan/2013:10:05:35 -0600] "GET /tuhs.org/PDP-11/Trees/2.11BSD/usr/doc/ps1/06.sysman/2.2.t HTTP/1.1" 200 15450 "-" "Mozilla/5.0 (compatible; Baiduspider/2.0; +http://www.baidu.com/search/spider.html)"
66.249.76.106 - - [02/Jan/2013:10:06:23 -0600] "GET /oak.oakland.edu/sigm/vol259/ HTTP/1.1" 200 811 "-" "Mozilla/5.0 (compatible; Googlebot/2.1; +http://www.google.com/bot.html)"
180.76.6.26 - - [02/Jan/2013:10:14:50 -0600] "GET /tuhs.org/PDP-11/Trees/2.11BSD/usr/src/ucb/pascal/px/27conv.s HTTP/1.1" 304 - "-" "Mozilla/5.0 (compatible; Baiduspider/2.0; +http://www.baidu.com/search/spider.html)"
66.249.76.106 - - [02/Jan/2013:10:16:10 -0600] "GET /oak.oakland.edu/sigm/vol260/ HTTP/1.1" 200 647 "-" "Mozilla/5.0 (compatible; Googlebot/2.1; +http://www.google.com/bot.html)"
66.249.76.106 - - [02/Jan/2013:10:21:34 -0600] "GET /tuhs.org/PDP-11/Trees/V6/usr/man/man2/exec.2 HTTP/1.1" 200 3593 "-" "Mozilla/5.0 (compatible; Googlebot/2.1; +http://www.google.com/bot.html)"
66.249.76.106 - - [02/Jan/2013:10:25:47 -0600] "GET /oak.oakland.edu/sigm/vol266/ HTTP/1.1" 200 2507 "-" "Mozilla/5.0 (compatible; Googlebot/2.1; +http://www.google.com/bot.html)"
180.76.5.63 - - [02/Jan/2013:10:29:15 -0600] "GET /tuhs.org/PDP-11/Trees/2.11BSD/usr/doc/ps1/06.sysman/spell.ok HTTP/1.1" 200 2328 "-" "Mozilla/5.0 (compatible; Baiduspider/2.0; +http://www.baidu.com/search/spider.html)"
180.76.5.182 - - [02/Jan/2013:10:35:32 -0600] "GET /tuhs.org/PDP-11/Trees/2.11BSD/usr/src/ucb/window/windowrc HTTP/1.1" 200 1472 "-" "Mozilla/5.0 (compatible; Baiduspider/2.0; +http://www.baidu.com/search/spider.html)"
66.249.76.106 - - [02/Jan/2013:10:35:36 -0600] "GET /oak.oakland.edu/sigm/vol267/ HTTP/1.1" 200 1177 "-" "Mozilla/5.0 (compatible; Googlebot/2.1; +http://www.google.com/bot.html)"
180.76.6.26 - - [02/Jan/2013:10:41:34 -0600] "GET /tuhs.org/PDP-11/Trees/2.11BSD/usr/src/bin/diff/diff.h HTTP/1.1" 200 1982 "-" "Mozilla/5.0 (compatible; Baiduspider/2.0; +http://www.baidu.com/search/spider.html)"
66.249.76.106 - - [02/Jan/2013:10:45:19 -0600] "GET /oak.oakland.edu/sigm/vol269/ HTTP/1.1" 200 1849 "-" "Mozilla/5.0 (compatible; Googlebot/2.1; +http://www.google.com/bot.html)"
66.249.76.106 - - [02/Jan/2013:10:47:00 -0600] "GET /tuhs.org/PDP-11/Trees/2.11BSD/usr/src/man/man5/networks.5 HTTP/1.1" 200 1453 "-" "Mozilla/5.0 (compatible; Googlebot/2.1; +http://www.google.com/bot.html)"
66.249.76.106 - - [02/Jan/2013:10:54:59 -0600] "GET /oak.oakland.edu/sigm/vol272/ HTTP/1.1" 200 1383 "-" "Mozilla/5.0 (compatible; Googlebot/2.1; +http://www.google.com/bot.html)"
180.76.5.60 - - [02/Jan/2013:10:58:46 -0600] "GET /tuhs.org/PDP-11/Trees/2.11BSD/usr/src/usr.bin/yacc/dextern HTTP/1.1" 200 5784 "-" "Mozilla/5.0 (compatible; Baiduspider/2.0; +http://www.baidu.com/search/spider.html)"
180.76.6.26 - - [02/Jan/2013:11:02:19 -0600] "GET /tuhs.org/PDP-11/Trees/2.11BSD/usr/src/usr.sbin/sendmail.MX/cf/NEW/ucbvax.mc HTTP/1.1" 200 2741 "-" "Mozilla/5.0 (compatible; Baiduspider/2.0; +http://www.baidu.com/search/spider.html)"
66.249.76.106 - - [02/Jan/2013:11:04:45 -0600] "GET /oak.oakland.edu/sigm/vol273/ HTTP/1.1" 200 1839 "-" "Mozilla/5.0 (compatible; Googlebot/2.1; +http://www.google.com/bot.html)"
66.249.76.106 - - [02/Jan/2013:11:08:26 -0600] "GET /tuhs.org/PDP-11/Trees/V6/usr/man/man5/tp.5 HTTP/1.1" 200 1548 "-" "Mozilla/5.0 (compatible; Googlebot/2.1; +http://www.google.com/bot.html)"
180.76.5.55 - - [02/Jan/2013:11:11:11 -0600] "GET /tuhs.org/PDP-11/Trees/2.11BSD/usr/src/usr.sbin/timed/master.c HTTP/1.1" 200 12096 "-" "Mozilla/5.0 (compatible; Baiduspider/2.0; +http://www.baidu.com/search/spider.html)"
66.249.76.106 - - [02/Jan/2013:11:14:24 -0600] "GET /oak.oakland.edu/sigm/vol274/ HTTP/1.1" 200 1105 "-" "Mozilla/5.0 (compatible; Googlebot/2.1; +http://www.google.com/bot.html)"
66.249.76.106 - - [02/Jan/2013:11:24:25 -0600] "GET /oak.oakland.edu/sigm/vol275/ HTTP/1.1" 200 931 "-" "Mozilla/5.0 (compatible; Googlebot/2.1; +http://www.google.com/bot.html)"
180.76.5.60 - - [02/Jan/2013:11:25:38 -0600] "GET /tuhs.org/PDP-11/Trees/2.11BSD/usr/src/usr.sbin/sendmail.MX/cf/NEW/uucpm.m4 HTTP/1.1" 200 608 "-" "Mozilla/5.0 (compatible; Baiduspider/2.0; +http://www.baidu.com/search/spider.html)"
180.76.5.103 - - [02/Jan/2013:11:31:17 -0600] "GET /tuhs.org/PDP-11/Trees/2.11BSD/usr/src/usr.sbin/traceroute/README HTTP/1.1" 304 - "-" "Mozilla/5.0 (compatible; Baiduspider/2.0; +http://www.baidu.com/search/spider.html)"
66.249.76.106 - - [02/Jan/2013:11:33:50 -0600] "GET /oak.oakland.edu/sigm/vol277/ HTTP/1.1" 200 875 "-" "Mozilla/5.0 (compatible; Googlebot/2.1; +http://www.google.com/bot.html)"
66.249.76.106 - - [02/Jan/2013:11:40:16 -0600] "GET /tuhs.org/PDP-11/Trees/2.11BSD/usr/src/man/man8/boot.8 HTTP/1.1" 200 8297 "-" "Mozilla/5.0 (compatible; Googlebot/2.1; +http://www.google.com/bot.html)"
66.249.76.106 - - [02/Jan/2013:11:43:34 -0600] "GET /oak.oakland.edu/sigm/vol279/ HTTP/1.1" 200 997 "-" "Mozilla/5.0 (compatible; Googlebot/2.1; +http://www.google.com/bot.html)"
66.249.76.106 - - [02/Jan/2013:11:51:41 -0600] "GET /oak.oakland.edu/sigm/vol281/ HTTP/1.1" 200 1551 "-" "Mozilla/5.0 (compatible; Googlebot/2.1; +http://www.google.com/bot.html)"
180.76.5.88 - - [02/Jan/2013:11:52:30 -0600] "GET /tuhs.org/PDP-11/Trees/V6/rpunix HTTP/1.1" 200 28820 "-" "Mozilla/5.0 (compatible; Baiduspider/2.0; +http://www.baidu.com/search/spider.html)"
66.249.76.106 - - [02/Jan/2013:12:00:01 -0600] "GET /oak.oakland.edu/sigm/vol283/ HTTP/1.1" 200 821 "-" "Mozilla/5.0 (compatible; Googlebot/2.1; +http://www.google.com/bot.html)"
180.76.5.147 - - [02/Jan/2013:12:00:13 -0600] "GET /tuhs.org/PDP-11/Trees/V6/usr/man/man1/db.1 HTTP/1.1" 304 - "-" "Mozilla/5.0 (compatible; Baiduspider/2.0; +http://www.baidu.com/search/spider.html)"
66.249.76.106 - - [02/Jan/2013:12:07:17 -0600] "GET /tuhs.org/PDP-11/Trees/V6/usr/man/man2/chown.2 HTTP/1.1" 200 714 "-" "Mozilla/5.0 (compatible; Googlebot/2.1; +http://www.google.com/bot.html)"
66.249.76.106 - - [02/Jan/2013:12:08:28 -0600] "GET /oak.oakland.edu/sigm/vol287/ HTTP/1.1" 200 737 "-" "Mozilla/5.0 (compatible; Googlebot/2.1; +http://www.google.com/bot.html)"
180.76.5.150 - - [02/Jan/2013:12:10:47 -0600] "GET / HTTP/1.1" 200 10762 "-" "Mozilla/5.0 (compatible; Baiduspider/2.0; +http://www.baidu.com/search/spider.html)"
180.76.5.176 - - [02/Jan/2013:12:14:34 -0600] "GET /tuhs.org/PDP-11/Trees/2.11BSD/usr/doc/2.10/px/pxin4.n HTTP/1.1" 304 - "-" "Mozilla/5.0 (compatible; Baiduspider/2.0; +http://www.baidu.com/search/spider.html)"
66.249.76.106 - - [02/Jan/2013:12:17:16 -0600] "GET /oak.oakland.edu/sigm/vol288/ HTTP/1.1" 200 771 "-" "Mozilla/5.0 (compatible; Googlebot/2.1; +http://www.google.com/bot.html)"
180.76.5.190 - - [02/Jan/2013:12:18:05 -0600] "GET /tuhs.org/PDP-11/Trees/2.11BSD/usr/src/usr.bin/ratfor/rlook.c HTTP/1.1" 200 1199 "-" "Mozilla/5.0 (compatible; Baiduspider/2.0; +http://www.baidu.com/search/spider.html)"
66.249.76.106 - - [02/Jan/2013:12:26:41 -0600] "GET /oak.oakland.edu/sigm/vol291/ HTTP/1.1" 200 2189 "-" "Mozilla/5.0 (compatible; Googlebot/2.1; +http://www.google.com/bot.html)"
180.76.5.96 - - [02/Jan/2013:12:34:50 -0600] "GET /tuhs.org/PDP-11/Trees/V7/usr/src/cmd/standalone/rk.c HTTP/1.1" 304 - "-" "Mozilla/5.0 (compatible; Baiduspider/2.0; +http://www.baidu.com/search/spider.html)"
66.249.76.177 - - [02/Jan/2013:12:35:50 -0600] "GET /robots.txt HTTP/1.1" 200 1561 "-" "Mozilla/5.0 (compatible; Googlebot/2.1; +http://www.google.com/bot.html)"
66.249.76.177 - - [02/Jan/2013:12:35:50 -0600] "GET / HTTP/1.1" 200 10854 "-" "Mozilla/5.0 (compatible; Googlebot/2.1; +http://www.google.com/bot.html)"
66.249.76.106 - - [02/Jan/2013:12:36:41 -0600] "GET /tuhs.org/PDP-11/Trees/2.11BSD/usr/src/man/man4/networking.4 HTTP/1.1" 200 10499 "-" "Mozilla/5.0 (compatible; Googlebot/2.1; +http://www.google.com/bot.html)"
180.76.5.100 - - [02/Jan/2013:12:41:53 -0600] "GET /tuhs.org/PDP-11/Trees/V6/usr/source/sno/sno4.c HTTP/1.1" 304 - "-" "Mozilla/5.0 (compatible; Baiduspider/2.0; +http://www.baidu.com/search/spider.html)"
66.249.76.106 - - [02/Jan/2013:12:45:50 -0600] "GET /tuhs.org/4BSD/Distributions/4.3BSD-Quasijarus0/ HTTP/1.1" 200 950 "-" "Mozilla/5.0 (compatible; Googlebot/2.1; +http://www.google.com/bot.html)"
180.76.5.188 - - [02/Jan/2013:12:56:22 -0600] "GET /tuhs.org/PDP-11/Trees/2.11BSD/usr/src/usr.bin/ratfor/rio.c HTTP/1.1" 200 4060 "-" "Mozilla/5.0 (compatible; Baiduspider/2.0; +http://www.baidu.com/search/spider.html)"
66.249.76.106 - - [02/Jan/2013:12:57:41 -0600] "GET /oak.oakland.edu/cpm/zmodem/ HTTP/1.1" 200 2142 "-" "Mozilla/5.0 (compatible; Googlebot/2.1; +http://www.google.com/bot.html)"
85.214.21.33 - - [02/Jan/2013:12:58:44 -0600] "GET / HTTP/1.0" 200 10762 "-" "-"
85.214.21.33 - - [02/Jan/2013:12:58:46 -0600] "GET / HTTP/1.0" 200 10762 "-" "-"
66.249.76.106 - - [02/Jan/2013:13:01:51 -0600] "GET /tuhs.org/PDP-11/Trees/2.11BSD/usr/src/man/man5/map3270.5 HTTP/1.1" 200 11638 "-" "Mozilla/5.0 (compatible; Googlebot/2.1; +http://www.google.com/bot.html)"
180.76.5.179 - - [02/Jan/2013:13:09:32 -0600] "GET /tuhs.org/PDP-11/Trees/2.11BSD/usr/src/usr.sbin/sendmail/cf/miro.mc HTTP/1.1" 304 - "-" "Mozilla/5.0 (compatible; Baiduspider/2.0; +http://www.baidu.com/search/spider.html)"
100.43.83.155 - - [02/Jan/2013:13:09:38 -0600] "GET /robots.txt HTTP/1.1" 200 1561 "-" "Mozilla/5.0 (compatible; YandexBot/3.0; +http://yandex.com/bots)"
180.76.5.149 - - [02/Jan/2013:13:16:56 -0600] "GET /tuhs.org/PDP-11/Trees/2.11BSD/usr/src/usr.bin/ratfor/r.g HTTP/1.1" 200 1264 "-" "Mozilla/5.0 (compatible; Baiduspider/2.0; +http://www.baidu.com/search/spider.html)"
66.249.76.106 - - [02/Jan/2013:13:30:39 -0600] "GET /tuhs.org/PDP-11/Trees/2.11BSD/usr/src/man/man5/uuencode.5 HTTP/1.1" 200 1733 "-" "Mozilla/5.0 (compatible; Googlebot/2.1; +http://www.google.com/bot.html)"
180.76.5.64 - - [02/Jan/2013:13:32:38 -0600] "GET /tuhs.org/PDP-11/Trees/2.11BSD/usr/src/usr.sbin/sendmail/cf.hosttable/Makefile HTTP/1.1" 304 - "-" "Mozilla/5.0 (compatible; Baiduspider/2.0; +http://www.baidu.com/search/spider.html)"
66.249.76.106 - - [02/Jan/2013:13:35:10 -0600] "GET /unix4fun.org/z80pack/sources/ HTTP/1.1" 200 591 "-" "Mozilla/5.0 (compatible; Googlebot/2.1; +http://www.google.com/bot.html)"
180.76.6.20 - - [02/Jan/2013:13:38:49 -0600] "GET /tuhs.org/PDP-11/Trees/2.11BSD/usr/src/usr.sbin/cron/env.c HTTP/1.1" 304 - "-" "Mozilla/5.0 (compatible; Baiduspider/2.0; +http://www.baidu.com/search/spider.html)"
100.43.83.155 - - [02/Jan/2013:13:47:27 -0600] "GET /oak.oakland.edu/sigm/sigm2-fi.idx HTTP/1.1" 304 - "-" "Mozilla/5.0 (compatible; YandexBot/3.0; +http://yandex.com/bots)"
180.76.5.91 - - [02/Jan/2013:13:53:59 -0600] "GET /tuhs.org/PDP-11/Trees/2.11BSD/usr/src/usr.bin/ratfor/Makefile HTTP/1.1" 200 455 "-" "Mozilla/5.0 (compatible; Baiduspider/2.0; +http://www.baidu.com/search/spider.html)"
66.249.76.106 - - [02/Jan/2013:13:59:27 -0600] "GET /tuhs.org/PDP-11/Trees/2.11BSD/usr/src/man/man3f/hostnm.3 HTTP/1.1" 200 645 "-" "Mozilla/5.0 (compatible; Googlebot/2.1; +http://www.google.com/bot.html)"
180.76.5.95 - - [02/Jan/2013:14:08:05 -0600] "GET /tuhs.org/PDP-11/Trees/V7/usr/lib/learn/editor.a HTTP/1.1" 304 - "-" "Mozilla/5.0 (compatible; Baiduspider/2.0; +http://www.baidu.com/search/spider.html)"
180.76.5.191 - - [02/Jan/2013:14:13:38 -0600] "GET /tuhs.org/PDP-11/Trees/2.11BSD/usr/src/usr.bin/learn/start.c HTTP/1.1" 200 1500 "-" "Mozilla/5.0 (compatible; Baiduspider/2.0; +http://www.baidu.com/search/spider.html)"
66.249.76.106 - - [02/Jan/2013:14:15:00 -0600] "GET /unix4fun.org/z80pack/source-examples/ HTTP/1.1" 200 671 "-" "Mozilla/5.0 (compatible; Googlebot/2.1; +http://www.google.com/bot.html)"
100.43.83.155 - - [02/Jan/2013:14:25:15 -0600] "GET /oak.oakland.edu/sigm/sigm3-fi.idx HTTP/1.1" 304 - "-" "Mozilla/5.0 (compatible; YandexBot/3.0; +http://yandex.com/bots)"
66.249.76.106 - - [02/Jan/2013:14:28:15 -0600] "GET /tuhs.org/PDP-11/Trees/2.11BSD/usr/src/man/man0/Makefile HTTP/1.1" 200 1356 "-" "Mozilla/5.0 (compatible; Googlebot/2.1; +http://www.google.com/bot.html)"
180.76.5.103 - - [02/Jan/2013:14:30:26 -0600] "GET /tuhs.org/PDP-11/Trees/2.11BSD/usr/src/usr.lib/libF77/s_stop.c HTTP/1.1" 200 431 "-" "Mozilla/5.0 (compatible; Baiduspider/2.0; +http://www.baidu.com/search/spider.html)"
180.76.5.90 - - [02/Jan/2013:14:36:34 -0600] "GET /tuhs.org/PDP-11/Trees/V7/usr/spool/secretmail/root.key HTTP/1.1" 200 502 "-" "Mozilla/5.0 (compatible; Baiduspider/2.0; +http://www.baidu.com/search/spider.html)"
180.76.6.231 - - [02/Jan/2013:14:49:43 -0600] "GET /tuhs.org/PDP-11/Trees/2.11BSD/usr/src/usr.bin/learn/selunit.c HTTP/1.1" 200 2179 "-" "Mozilla/5.0 (compatible; Baiduspider/2.0; +http://www.baidu.com/search/spider.html)"
66.249.76.106 - - [02/Jan/2013:14:54:59 -0600] "GET /www.cpm.z80.de/randyfiles/DRI/ HTTP/1.1" 200 4082 "-" "Mozilla/5.0 (compatible; Googlebot/2.1; +http://www.google.com/bot.html)"
66.249.76.106 - - [02/Jan/2013:14:58:16 -0600] "GET /tuhs.org/PDP-11/Trees/V6/usr/man/man7/plot.7 HTTP/1.1" 200 1174 "-" "Mozilla/5.0 (compatible; Googlebot/2.1; +http://www.google.com/bot.html)"
100.43.83.155 - - [02/Jan/2013:15:03:04 -0600] "GET /unix4fun.org/z80pack/link80/link80-4.htm HTTP/1.1" 304 - "-" "Mozilla/5.0 (compatible; YandexBot/3.0; +http://yandex.com/bots)"
180.76.5.91 - - [02/Jan/2013:15:03:47 -0600] "GET /tuhs.org/PDP-11/Trees/2.11BSD/usr/src/ucb/more/more.c HTTP/1.1" 200 34376 "-" "Mozilla/5.0 (compatible; Baiduspider/2.0; +http://www.baidu.com/search/spider.html)"
180.76.5.136 - - [02/Jan/2013:15:12:41 -0600] "GET /tuhs.org/PDP-11/Trees/2.11BSD/usr/src/ucb/compress/usermem.sh HTTP/1.1" 304 - "-" "Mozilla/5.0 (compatible; Baiduspider/2.0; +http://www.baidu.com/search/spider.html)"
66.249.76.106 - - [02/Jan/2013:15:26:57 -0600] "GET /tuhs.org/PDP-11/Trees/V6/usr/man/man4/mem.4 HTTP/1.1" 200 960 "-" "Mozilla/5.0 (compatible; Googlebot/2.1; +http://www.google.com/bot.html)"
180.76.5.52 - - [02/Jan/2013:15:27:34 -0600] "GET /tuhs.org/PDP-11/Trees/2.11BSD/usr/src/usr.bin/learn/mysys.c HTTP/1.1" 200 3615 "-" "Mozilla/5.0 (compatible; Baiduspider/2.0; +http://www.baidu.com/search/spider.html)"
66.249.76.106 - - [02/Jan/2013:15:34:35 -0600] "GET /tuhs.org/PDP-11/Trees/2.11BSD/usr/src/usr.bin/id/ HTTP/1.1" 200 820 "-" "Mozilla/5.0 (compatible; Googlebot/2.1; +http://www.google.com/bot.html)"
180.76.5.145 - - [02/Jan/2013:15:40:17 -0600] "GET /tuhs.org/PDP-11/Trees/2.11BSD/usr/src/sys/sys/uipc_socket.c HTTP/1.1" 304 - "-" "Mozilla/5.0 (compatible; Baiduspider/2.0; +http://www.baidu.com/search/spider.html)"
100.43.83.155 - - [02/Jan/2013:15:40:52 -0600] "GET /unix4fun.org/z80pack/imsai/scs1.prn HTTP/1.1" 304 - "-" "Mozilla/5.0 (compatible; YandexBot/3.0; +http://yandex.com/bots)"
180.76.5.149 - - [02/Jan/2013:15:47:13 -0600] "GET /tuhs.org/PDP-11/Trees/2.11BSD/usr/src/usr.bin/learn/mem.c HTTP/1.1" 200 1983 "-" "Mozilla/5.0 (compatible; Baiduspider/2.0; +http://www.baidu.com/search/spider.html)"
66.249.76.106 - - [02/Jan/2013:15:57:35 -0600] "GET /tuhs.org/PDP-11/Trees/2.11BSD/usr/src/man/man3f/plot.3 HTTP/1.1" 200 1865 "-" "Mozilla/5.0 (compatible; Googlebot/2.1; +http://www.google.com/bot.html)"
180.76.5.54 - - [02/Jan/2013:16:01:05 -0600] "GET /tuhs.org/PDP-11/Trees/2.11BSD/usr/src/sys/pdp/mch_profile.s HTTP/1.1" 304 - "-" "Mozilla/5.0 (compatible; Baiduspider/2.0; +http://www.baidu.com/search/spider.html)"
180.76.6.28 - - [02/Jan/2013:16:09:28 -0600] "GET /tuhs.org/PDP-11/Trees/2.11BSD/usr/src/share/me/tmac.e HTTP/1.1" 200 21289 "-" "Mozilla/5.0 (compatible; Baiduspider/2.0; +http://www.baidu.com/search/spider.html)"
66.249.76.106 - - [02/Jan/2013:16:14:39 -0600] "GET /tuhs.org/PDP-11/Trees/2.11BSD/usr/src/games/warp/patchlevel.h HTTP/1.1" 200 21 "-" "Mozilla/5.0 (compatible; Googlebot/2.1; +http://www.google.com/bot.html)"
100.43.83.155 - - [02/Jan/2013:16:18:40 -0600] "GET /tuhs.org/PDP-11/Distributions/research/Dennis_v2/v2man.pdf HTTP/1.1" 304 - "-" "Mozilla/5.0 (compatible; YandexBot/3.0; +http://yandex.com/bots)"
180.76.5.51 - - [02/Jan/2013:16:22:48 -0600] "GET /tuhs.org/PDP-11/Trees/2.11BSD/usr/src/usr.bin/learn/makpipe.c HTTP/1.1" 200 534 "-" "Mozilla/5.0 (compatible; Baiduspider/2.0; +http://www.baidu.com/search/spider.html)"
66.249.76.106 - - [02/Jan/2013:16:26:51 -0600] "GET /tuhs.org/PDP-11/Trees/2.11BSD/usr/src/man/man4/ip.4 HTTP/1.1" 200 3191 "-" "Mozilla/5.0 (compatible; Googlebot/2.1; +http://www.google.com/bot.html)"
188.165.56.253 - - [02/Jan/2013:16:28:47 -0600] "GET /home/user?destination=node/add HTTP/1.0" 404 7425 "http://samplx.org/home/user?destination=node/add" "Mozilla/4.0 (compatible; MSIE 6.0; Windows NT 5.1; SV1)"
188.165.56.253 - - [02/Jan/2013:16:28:48 -0600] "GET / HTTP/1.0" 200 10762 "http://samplx.org/" "Mozilla/4.0 (compatible; MSIE 6.0; Windows NT 5.1; SV1)"
188.165.56.253 - - [02/Jan/2013:16:28:50 -0600] "POST /node?destination=node HTTP/1.0" 200 11075 "http://samplx.org/" "Mozilla/4.0 (compatible; MSIE 6.0; Windows NT 5.1; SV1)"
180.76.5.145 - - [02/Jan/2013:16:38:58 -0600] "GET /tuhs.org/PDP-11/Trees/2.11BSD/usr/src/sbin/shutdown/shutdown.c HTTP/1.1" 200 8563 "-" "Mozilla/5.0 (compatible; Baiduspider/2.0; +http://www.baidu.com/search/spider.html)"
180.76.5.107 - - [02/Jan/2013:16:43:24 -0600] "GET /robots.txt HTTP/1.1" 200 1561 "-" "Mozilla/5.0 (Windows NT 5.1; rv:6.0.2) Gecko/20100101 Firefox/6.0.2"
180.76.5.60 - - [02/Jan/2013:16:46:54 -0600] "GET /tuhs.org/PDP-11/Trees/2.11BSD/usr/src/usr.bin/learn/learn.c HTTP/1.1" 200 1206 "-" "Mozilla/5.0 (compatible; Baiduspider/2.0; +http://www.baidu.com/search/spider.html)"
66.249.76.106 - - [02/Jan/2013:16:54:20 -0600] "GET /tuhs.org/PDP-11/Trees/2.11BSD/usr/src/usr.bin/roff/ HTTP/1.1" 200 810 "-" "Mozilla/5.0 (compatible; Googlebot/2.1; +http://www.google.com/bot.html)"
100.43.83.155 - - [02/Jan/2013:16:56:28 -0600] "GET /tuhs.org/PDP-11/Emulators/Begemot-2.4/configure HTTP/1.1" 304 - "-" "Mozilla/5.0 (compatible; YandexBot/3.0; +http://yandex.com/bots)"
66.249.76.106 - - [02/Jan/2013:16:58:46 -0600] "GET /tuhs.org/PDP-11/Trees/V6/usr/man/man2/kill.2 HTTP/1.1" 200 880 "-" "Mozilla/5.0 (compatible; Googlebot/2.1; +http://www.google.com/bot.html)"
180.76.6.28 - - [02/Jan/2013:17:00:17 -0600] "GET /tuhs.org/PDP-11/Trees/2.11BSD/usr/src/sbin/mount/mntopts.h HTTP/1.1" 304 - "-" "Mozilla/5.0 (compatible; Baiduspider/2.0; +http://www.baidu.com/search/spider.html)"
180.76.5.98 - - [02/Jan/2013:17:06:57 -0600] "GET /tuhs.org/PDP-11/Trees/2.11BSD/usr/src/sbin/ifconfig/ifconfig.8 HTTP/1.1" 200 5805 "-" "Mozilla/5.0 (compatible; Baiduspider/2.0; +http://www.baidu.com/search/spider.html)"
66.249.76.106 - - [02/Jan/2013:17:21:03 -0600] "GET /tuhs.org/PDP-11/Trees/2.11BSD/usr/src/man/man4/dhv.4 HTTP/1.1" 200 2747 "-" "Mozilla/5.0 (compatible; Googlebot/2.1; +http://www.google.com/bot.html)"
180.76.6.222 - - [02/Jan/2013:17:22:52 -0600] "GET /tuhs.org/PDP-11/Trees/2.11BSD/usr/src/usr.bin/learn/lcount.c HTTP/1.1" 200 256 "-" "Mozilla/5.0 (compatible; Baiduspider/2.0; +http://www.baidu.com/search/spider.html)"
66.249.76.106 - - [02/Jan/2013:17:34:05 -0600] "GET /tuhs.org/PDP-11/Trees/2.11BSD/usr/src/usr.bin/diff3/ HTTP/1.1" 200 668 "-" "Mozilla/5.0 (compatible; Googlebot/2.1; +http://www.google.com/bot.html)"
100.43.83.155 - - [02/Jan/2013:17:34:17 -0600] "GET /tuhs.org/PDP-11/pupsfaq.html HTTP/1.1" 304 - "-" "Mozilla/5.0 (compatible; YandexBot/3.0; +http://yandex.com/bots)"
180.76.6.231 - - [02/Jan/2013:17:35:40 -0600] "GET /tuhs.org/PDP-11/Trees/2.11BSD/usr/src/new/rn/newsnews HTTP/1.1" 304 - "-" "Mozilla/5.0 (compatible; Baiduspider/2.0; +http://www.baidu.com/search/spider.html)"
180.76.5.176 - - [02/Jan/2013:17:43:45 -0600] "GET /tuhs.org/PDP-11/Trees/2.11BSD/usr/src/new/jove/scandir.c HTTP/1.1" 304 - "-" "Mozilla/5.0 (compatible; Baiduspider/2.0; +http://www.baidu.com/search/spider.html)"
65.55.213.70 - - [02/Jan/2013:17:46:39 -0600] "GET / HTTP/1.1" 200 10762 "-" "msnbot/2.0b (+http://search.msn.com/msnbot.htm)"
65.55.213.70 - - [02/Jan/2013:17:46:50 -0600] "GET /user/password HTTP/1.1" 200 7329 "-" "msnbot/2.0b (+http://search.msn.com/msnbot.htm)"
65.55.213.70 - - [02/Jan/2013:17:47:01 -0600] "GET /user/login?destination=node/3%23comment-form HTTP/1.1" 200 7719 "-" "msnbot/2.0b (+http://search.msn.com/msnbot.htm)"
65.55.213.70 - - [02/Jan/2013:17:47:11 -0600] "GET /node/3 HTTP/1.1" 200 9293 "-" "msnbot/2.0b (+http://search.msn.com/msnbot.htm)"
65.55.213.72 - - [02/Jan/2013:17:47:22 -0600] "GET /rss.xml HTTP/1.1" 200 1968 "-" "msnbot/2.0b (+http://search.msn.com/msnbot.htm)"
65.55.213.72 - - [02/Jan/2013:17:47:32 -0600] "GET /user/login?destination=node/4%23comment-form HTTP/1.1" 200 7719 "-" "msnbot/2.0b (+http://search.msn.com/msnbot.htm)"
65.55.213.70 - - [02/Jan/2013:17:47:43 -0600] "GET /projects HTTP/1.1" 200 8895 "-" "msnbot/2.0b (+http://search.msn.com/msnbot.htm)"
65.55.213.70 - - [02/Jan/2013:17:47:53 -0600] "GET /node/4 HTTP/1.1" 200 9252 "-" "msnbot/2.0b (+http://search.msn.com/msnbot.htm)"
66.249.76.106 - - [02/Jan/2013:17:49:51 -0600] "GET /tuhs.org/PDP-11/Trees/V6/usr/man/man0/ptx HTTP/1.1" 200 88 "-" "Mozilla/5.0 (compatible; Googlebot/2.1; +http://www.google.com/bot.html)"
180.76.5.67 - - [02/Jan/2013:17:57:41 -0600] "GET /tuhs.org/PDP-11/Trees/2.11BSD/usr/src/usr.bin/learn/dounit.c HTTP/1.1" 200 1703 "-" "Mozilla/5.0 (compatible; Baiduspider/2.0; +http://www.baidu.com/search/spider.html)"
180.76.5.113 - - [02/Jan/2013:18:11:27 -0600] "GET /tuhs.org/PDP-11/Trees/2.11BSD/usr/src/man/man4/dhv.4 HTTP/1.1" 200 2747 "-" "Mozilla/5.0 (compatible; Baiduspider/2.0; +http://www.baidu.com/search/spider.html)"
100.43.83.155 - - [02/Jan/2013:18:12:05 -0600] "GET /unix4fun.org/z80pack/cpm2/ch6.htm HTTP/1.1" 304 - "-" "Mozilla/5.0 (compatible; YandexBot/3.0; +http://yandex.com/bots)"
66.249.76.106 - - [02/Jan/2013:18:14:02 -0600] "GET /tuhs.org/PDP-11/Trees/2.11BSD/usr/src/usr.bin/lint/ HTTP/1.1" 200 904 "-" "Mozilla/5.0 (compatible; Googlebot/2.1; +http://www.google.com/bot.html)"
180.76.6.36 - - [02/Jan/2013:18:17:08 -0600] "GET /tuhs.org/PDP-11/Trees/2.11BSD/usr/src/man/man2/recv.2 HTTP/1.1" 304 - "-" "Mozilla/5.0 (compatible; Baiduspider/2.0; +http://www.baidu.com/search/spider.html)"
66.249.76.106 - - [02/Jan/2013:18:18:39 -0600] "GET /tuhs.org/PDP-11/Trees/2.11BSD/usr/src/man/man5/tp.5 HTTP/1.1" 200 1606 "-" "Mozilla/5.0 (compatible; Googlebot/2.1; +http://www.google.com/bot.html)"
180.76.5.155 - - [02/Jan/2013:18:32:11 -0600] "GET /tuhs.org/PDP-11/Trees/2.11BSD/usr/games/lib/zork HTTP/1.1" 200 53346 "-" "Mozilla/5.0 (compatible; Baiduspider/2.0; +http://www.baidu.com/search/spider.html)"
180.76.5.113 - - [02/Jan/2013:18:38:41 -0600] "GET /tuhs.org/PDP-11/Trees/2.11BSD/usr/src/libexec/identd/src/kernel/sco32_42+5.c HTTP/1.1" 304 - "-" "Mozilla/5.0 (compatible; Baiduspider/2.0; +http://www.baidu.com/search/spider.html)"
66.249.76.106 - - [02/Jan/2013:18:48:16 -0600] "GET /tuhs.org/PDP-11/Trees/V6/usr/man/man0/toc HTTP/1.1" 200 626 "-" "Mozilla/5.0 (compatible; Googlebot/2.1; +http://www.google.com/bot.html)"
100.43.83.155 - - [02/Jan/2013:18:49:53 -0600] "GET /www.cpm.z80.de/roche/DrLogo_Ref_App.txt HTTP/1.1" 304 - "-" "Mozilla/5.0 (compatible; YandexBot/3.0; +http://yandex.com/bots)"
66.249.76.106 - - [02/Jan/2013:18:53:36 -0600] "GET /tuhs.org/PDP-11/Trees/2.11BSD/usr/spool/uucp/LOG/uucico/ HTTP/1.1" 200 555 "-" "Mozilla/5.0 (compatible; Googlebot/2.1; +http://www.google.com/bot.html)"
180.76.5.99 - - [02/Jan/2013:18:56:03 -0600] "GET /tuhs.org/PDP-11/Trees/2.11BSD/usr/games/lib/hunt.driver HTTP/1.1" 200 25336 "-" "Mozilla/5.0 (compatible; Baiduspider/2.0; +http://www.baidu.com/search/spider.html)"
180.76.5.166 - - [02/Jan/2013:19:09:23 -0600] "GET /tuhs.org/PDP-11/Trees/2.11BSD/usr/src/lib/libc/pdp/csu/mcount.s HTTP/1.1" 304 - "-" "Mozilla/5.0 (compatible; Baiduspider/2.0; +http://www.baidu.com/search/spider.html)"
180.76.5.136 - - [02/Jan/2013:19:14:57 -0600] "GET /tuhs.org/PDP-11/Trees/2.11BSD/usr/src/bin/sh/error.c HTTP/1.1" 200 1164 "-" "Mozilla/5.0 (compatible; Baiduspider/2.0; +http://www.baidu.com/search/spider.html)"
66.249.76.106 - - [02/Jan/2013:19:18:38 -0600] "GET /tuhs.org/PDP-11/Trees/2.11BSD/usr/src/man/man7/eqnchar.7 HTTP/1.1" 200 4645 "-" "Mozilla/5.0 (compatible; Googlebot/2.1; +http://www.google.com/bot.html)"
188.165.56.253 - - [02/Jan/2013:19:30:31 -0600] "GET /user?destination=node/add HTTP/1.0" 200 7684 "http://samplx.org/user?destination=node/add" "Mozilla/5.0 (Windows NT 6.1; rv:14.0) Gecko/20100101 Firefox/14.0"
188.165.56.253 - - [02/Jan/2013:19:30:33 -0600] "POST /user?destination=node/add HTTP/1.0" 200 7997 "http://samplx.org/user?destination=node/add" "Mozilla/5.0 (Windows NT 6.1; rv:14.0) Gecko/20100101 Firefox/14.0"
180.76.5.61 - - [02/Jan/2013:19:31:05 -0600] "GET /tuhs.org/PDP-11/Trees/2.11BSD/usr/games/lib/dindex.dat HTTP/1.1" 200 12288 "-" "Mozilla/5.0 (compatible; Baiduspider/2.0; +http://www.baidu.com/search/spider.html)"
66.249.76.106 - - [02/Jan/2013:19:33:28 -0600] "GET /tuhs.org/PDP-11/Trees/2.11BSD/usr/src/usr.lib/libplot/dumb/ HTTP/1.1" 200 1230 "-" "Mozilla/5.0 (compatible; Googlebot/2.1; +http://www.google.com/bot.html)"
180.76.5.153 - - [02/Jan/2013:19:36:34 -0600] "GET /tuhs.org/PDP-11/Trees/2.11BSD/usr/man/cat4/tcp.0 HTTP/1.1" 200 4231 "-" "Mozilla/5.0 (compatible; Baiduspider/2.0; +http://www.baidu.com/search/spider.html)"
66.249.76.106 - - [02/Jan/2013:19:49:31 -0600] "GET /tuhs.org/PDP-11/Trees/2.11BSD/usr/src/man/man3f/perror.3 HTTP/1.1" 200 2549 "-" "Mozilla/5.0 (compatible; Googlebot/2.1; +http://www.google.com/bot.html)"
100.43.83.155 - - [02/Jan/2013:19:49:41 -0600] "GET /unix4fun.org/z80pack/link80/link80-e.htm HTTP/1.1" 304 - "-" "Mozilla/5.0 (compatible; YandexBot/3.0; +http://yandex.com/bots)"
180.76.5.61 - - [02/Jan/2013:19:51:43 -0600] "GET /tuhs.org/PDP-11/Trees/2.11BSD/usr/man/cat3f/stat.0 HTTP/1.1" 304 - "-" "Mozilla/5.0 (compatible; Baiduspider/2.0; +http://www.baidu.com/search/spider.html)"
180.76.5.89 - - [02/Jan/2013:20:05:42 -0600] "GET /unix4fun.org/z80pack/cpm2/axb.asm HTTP/1.1" 200 8652 "-" "Mozilla/5.0 (compatible; Baiduspider/2.0; +http://www.baidu.com/search/spider.html)"
66.249.76.106 - - [02/Jan/2013:20:13:15 -0600] "GET /tuhs.org/PDP-11/Trees/2.11BSD/usr/src/usr.lib/libplot/vt0/ HTTP/1.1" 200 1190 "-" "Mozilla/5.0 (compatible; Googlebot/2.1; +http://www.google.com/bot.html)"
180.76.5.49 - - [02/Jan/2013:20:14:46 -0600] "GET /tuhs.org/PDP-11/Trees/2.11BSD/usr/man/cat3f/arc.0 HTTP/1.1" 304 - "-" "Mozilla/5.0 (compatible; Baiduspider/2.0; +http://www.baidu.com/search/spider.html)"
66.249.76.106 - - [02/Jan/2013:20:21:50 -0600] "GET /tuhs.org/PDP-11/Trees/2.11BSD/usr/src/man/man5/dtab.5 HTTP/1.1" 200 1904 "-" "Mozilla/5.0 (compatible; Googlebot/2.1; +http://www.google.com/bot.html)"
100.43.83.155 - - [02/Jan/2013:20:24:43 -0600] "GET /unix4fun.org/z80pack/link80/link80-5.htm HTTP/1.1" 304 - "-" "Mozilla/5.0 (compatible; YandexBot/3.0; +http://yandex.com/bots)"
180.76.5.56 - - [02/Jan/2013:20:29:44 -0600] "GET /tuhs.org/PDP-11/Trees/2.11BSD/usr/games/lib/cards.pck HTTP/1.1" 200 2035 "-" "Mozilla/5.0 (compatible; Baiduspider/2.0; +http://www.baidu.com/search/spider.html)"
180.76.5.178 - - [02/Jan/2013:20:35:41 -0600] "GET /tuhs.org/PDP-11/Trees/V7/usr/src/cmd/tbl/t0.c HTTP/1.1" 200 1076 "-" "Mozilla/5.0 (compatible; Baiduspider/2.0; +http://www.baidu.com/search/spider.html)"
180.76.5.178 - - [02/Jan/2013:20:48:00 -0600] "GET /tuhs.org/PDP-11/Trees/V7/usr/src/cmd/troff/term/tablp.c HTTP/1.1" 200 5023 "-" "Mozilla/5.0 (compatible; Baiduspider/2.0; +http://www.baidu.com/search/spider.html)"
66.249.76.106 - - [02/Jan/2013:20:50:59 -0600] "GET /tuhs.org/PDP-11/Trees/2.11BSD/usr/src/man/man0/tocx1 HTTP/1.1" 200 11251 "-" "Mozilla/5.0 (compatible; Googlebot/2.1; +http://www.google.com/bot.html)"
66.249.76.106 - - [02/Jan/2013:20:53:31 -0600] "GET /tuhs.org/PDP-11/Trees/2.11BSD/usr/src/usr.bin/spell/ HTTP/1.1" 200 950 "-" "Mozilla/5.0 (compatible; Googlebot/2.1; +http://www.google.com/bot.html)"
100.43.83.155 - - [02/Jan/2013:20:59:46 -0600] "GET /unix4fun.org/z80pack/cpm2/ch1.htm HTTP/1.1" 304 - "-" "Mozilla/5.0 (compatible; YandexBot/3.0; +http://yandex.com/bots)"
180.76.6.29 - - [02/Jan/2013:21:04:21 -0600] "GET /tuhs.org/PDP-11/Trees/2.11BSD/usr/games/lib/battle_strings HTTP/1.1" 200 64184 "-" "Mozilla/5.0 (compatible; Baiduspider/2.0; +http://www.baidu.com/search/spider.html)"
66.249.76.106 - - [02/Jan/2013:21:11:28 -0600] "GET /tuhs.org/PDP-11/Trees/2.11BSD/usr/src/man/man4/tcp.4 HTTP/1.1" 200 3918 "-" "Mozilla/5.0 (compatible; Googlebot/2.1; +http://www.google.com/bot.html)"
180.76.5.173 - - [02/Jan/2013:21:12:41 -0600] "GET /tuhs.org/PDP-11/Trees/2.11BSD/usr/man/cat3/vfprintf.0 HTTP/1.1" 200 5845 "-" "Mozilla/5.0 (compatible; Baiduspider/2.0; +http://www.baidu.com/search/spider.html)"
180.76.5.99 - - [02/Jan/2013:21:25:19 -0600] "GET /tuhs.org/PDP-11/Trees/2.11BSD/usr/man/cat3/execvp.0 HTTP/1.1" 200 4991 "-" "Mozilla/5.0 (compatible; Baiduspider/2.0; +http://www.baidu.com/search/spider.html)"
100.43.83.155 - - [02/Jan/2013:21:34:49 -0600] "GET /oak.oakland.edu/sigm/vol106/z2ug3.ws HTTP/1.1" 304 - "-" "Mozilla/5.0 (compatible; YandexBot/3.0; +http://yandex.com/bots)"
180.76.5.138 - - [02/Jan/2013:21:39:56 -0600] "GET /tuhs.org/PDP-11/Trees/V7/usr/src/cmd/struct/1.line.c HTTP/1.1" 200 2309 "-" "Mozilla/5.0 (compatible; Baiduspider/2.0; +http://www.baidu.com/search/spider.html)"
66.249.76.106 - - [02/Jan/2013:21:40:15 -0600] "GET /tuhs.org/PDP-11/Trees/2.11BSD/usr/src/man/man4/Makefile HTTP/1.1" 200 2181 "-" "Mozilla/5.0 (compatible; Googlebot/2.1; +http://www.google.com/bot.html)"
180.76.5.190 - - [02/Jan/2013:21:45:27 -0600] "GET /tuhs.org/PDP-11/Trees/2.11BSD/usr/man/cat2/setregid.0 HTTP/1.1" 304 - "-" "Mozilla/5.0 (compatible; Baiduspider/2.0; +http://www.baidu.com/search/spider.html)"
180.76.5.89 - - [02/Jan/2013:22:00:49 -0600] "GET /tuhs.org/PDP-11/Trees/V7/usr/src/cmd/struct/1.tables.c HTTP/1.1" 200 11020 "-" "Mozilla/5.0 (compatible; Baiduspider/2.0; +http://www.baidu.com/search/spider.html)"
66.249.76.106 - - [02/Jan/2013:22:04:13 -0600] "GET /oak.oakland.edu/cpm/parasol/ HTTP/1.1" 200 764 "-" "Mozilla/5.0 (compatible; Googlebot/2.1; +http://www.google.com/bot.html)"
66.249.76.106 - - [02/Jan/2013:22:05:59 -0600] "GET /tuhs.org/PDP-11/Trees/2.11BSD/usr/src/man/man5/printcap.5 HTTP/1.1" 200 5575 "-" "Mozilla/5.0 (compatible; Googlebot/2.1; +http://www.google.com/bot.html)"
